******************************************************************************
                  TI ARM Linker PC v5.2.7                      
******************************************************************************
>> Linked Fri Apr 01 17:14:27 2016

OUTPUT FILE NAME:   <bicycle_computer.out>
ENTRY POINT SYMBOL: "ResetISR"  address: 00003e29


MEMORY CONFIGURATION

         name            origin    length      used     unused   attr    fill
----------------------  --------  ---------  --------  --------  ----  --------
  FLASH                 00000000   00020000  000048ec  0001b714  R  X
  GPRAM                 11000000   00002000  00000000  00002000  RW X
  SRAM                  20000000   00005000  000003ac  00004c54  RW X


SEGMENT ALLOCATION MAP

run origin  load origin   length   init length attrs members
----------  ----------- ---------- ----------- ----- -------
00000000    00000000    0000479a   0000479a    r-x
  00000000    00000000    000000c8   000000c8    r-- .intvecs
  000000c8    000000c8    000045e2   000045e2    r-x .text
  000046b0    000046b0    000000ea   000000ea    r-- .const
0000479c    0000479c    00000008   00000008    rw-
  0000479c    0000479c    00000008   00000008    rw- .args
000047a8    000047a8    000000f8   000000f8    r--
  000047a8    000047a8    000000f8   000000f8    r-- .cinit
0001ffa8    0001ffa8    00000058   00000058    r--
  0001ffa8    0001ffa8    00000058   00000058    r-- .ccfg
20000000    20000000    000002b2   00000000    rw-
  20000000    20000000    0000023a   00000000    rw- .data
  20000240    20000240    00000072   00000000    rw- .bss
20004f00    20004f00    00000100   00000000    rw-
  20004f00    20004f00    00000100   00000000    rw- .stack


SECTION ALLOCATION MAP

 output                                  attributes/
section   page    origin      length       input sections
--------  ----  ----------  ----------   ----------------
.intvecs   0    00000000    000000c8     
                  00000000    000000c8     startup_ccs.obj (.intvecs)

.text      0    000000c8    000045e2     
                  000000c8    0000090c     setup.obj (.text)
                  000009d4    00000668     board-i2c.obj (.text)
                  0000103c    00000664     sys_ctrl.obj (.text)
                  000016a0    0000041c     ext-flash.obj (.text)
                  00001abc    000002b4     bmp-280-sensor.obj (.text)
                  00001d70    00000288     board-spi.obj (.text)
                  00001ff8    00000288     pwr_ctrl.obj (.text)
                  00002280    00000280     osc.obj (.text)
                  00002500    00000278     main.obj (.text)
                  00002778    00000258     system.obj (.text)
                  000029d0    0000023c     tmp-007-sensor.obj (.text)
                  00002c0c    00000224     ddi.obj (.text)
                  00002e30    000001fc     rtsv7M3_T_le_eabi.lib : xexp.obj (.text)
                  0000302c    000001ec     radio.obj (.text)
                  00003218    000001b6     rtsv7M3_T_le_eabi.lib : fd_add_t2.obj (.text)
                  000033ce    00000002     --HOLE-- [fill = 0]
                  000033d0    0000019c     chipinfo.obj (.text)
                  0000356c    00000194     rtc.obj (.text)
                  00003700    0000016c     opt-3001-sensor.obj (.text)
                  0000386c    00000136     rtsv7M3_T_le_eabi.lib : fd_div_t2.obj (.text)
                  000039a2    00000002     --HOLE-- [fill = 0]
                  000039a4    00000110                           : xdscale.obj (.text)
                  00003ab4    00000100     vims.obj (.text)
                  00003bb4    000000fc     rtsv7M3_T_le_eabi.lib : fd_mul_t2.obj (.text)
                  00003cb0    000000be                           : xdnorm.obj (.text)
                  00003d6e    00000002     --HOLE-- [fill = 0]
                  00003d70    000000b8     sensor-common.obj (.text)
                  00003e28    000000b4     startup_ccs.obj (.text)
                  00003edc    000000ac     rtsv7M3_T_le_eabi.lib : exp2.obj (.text)
                  00003f88    0000009c                           : memcpy_t2.obj (.text)
                  00004024    00000086                           : fd_cmp_t2.obj (.text:__aeabi_cdcmple)
                  000040aa    0000007a                           : fs_mul_t2.obj (.text)
                  00004124    0000007a                           : memset_t2.obj (.text)
                  0000419e    0000006e                           : fd_tos_t2.obj (.text)
                  0000420c    0000006c                           : autoinit.obj (.text)
                  00004278    0000006a                           : copy_decompress_rle.obj (.text)
                  000042e2    00000002     --HOLE-- [fill = 0]
                  000042e4    0000005c     aon_rtc.obj (.text)
                  00004340    0000004c     rtsv7M3_T_le_eabi.lib : cpy_tbl.obj (.text)
                  0000438c    00000048                           : fd_toi_t2.obj (.text)
                  000043d4    00000044     aon_batmon.obj (.text)
                  00004418    00000044     rtsv7M3_T_le_eabi.lib : exit.obj (.text)
                  0000445c    00000040                           : signal.obj (.text)
                  0000449c    0000003c                           : boot.obj (.text)
                  000044d8    00000038                           : fs_toi_t2.obj (.text)
                  00004510    00000038                           : i_tofs_t2.obj (.text)
                  00004548    00000034                           : feraiseexcept.obj (.text)
                  0000457c    00000030                           : xferaise.obj (.text)
                  000045ac    0000002e                           : i_tofd_t2.obj (.text)
                  000045da    0000002e                           : raise.obj (.text)
                  00004608    0000002c     cpu.obj (.text)
                  00004634    00000020     rtsv7M3_T_le_eabi.lib : u_tofd_t2.obj (.text)
                  00004654    00000018                           : args_main.obj (.text)
                  0000466c    00000014                           : _lock.obj (.text)
                  00004680    0000000e                           : copy_decompress_none.obj (.text:decompress:none)
                  0000468e    0000000c                           : copy_zero_init.obj (.text:decompress:ZI)
                  0000469a    00000006     cpu.obj (.text:NOROM_CPUdelay)
                  000046a0    00000006     rtsv7M3_T_le_eabi.lib : copy_decompress_rle.obj (.text:decompress:rle24)
                  000046a6    00000004                           : pre_init.obj (.text)

.const     0    000046b0    000000ea     
                  000046b0    00000068     radio.obj (.const:patchImage)
                  00004718    00000048     rtsv7M3_T_le_eabi.lib : xexp.obj (.const)
                  00004760    00000034     sys_ctrl.obj (.const:g_pui32ModuleCG)
                  00004794    00000006     ext-flash.obj (.const:.string)

.cinit     0    000047a8    000000f8     
                  000047a8    000000d4     (.cinit..data.load) [load image, compression = rle]
                  0000487c    0000000c     (__TI_handler_table)
                  00004888    00000008     (.cinit..bss.load) [load image, compression = zero_init]
                  00004890    00000010     (__TI_cinit_table)

.init_array 
*          0    00000000    00000000     UNINITIALIZED

.ccfg      0    0001ffa8    00000058     
                  0001ffa8    00000058     ccfg.obj (.ccfg:retain)

.args      0    0000479c    00000008     
                  0000479c    00000008     --HOLE-- [fill = 0]

.data      0    20000000    0000023a     UNINITIALIZED
                  20000000    000000b0     radio.obj (.data)
                  200000b0    000000b0     rtsv7M3_T_le_eabi.lib : signal.obj (.data:sigtable)
                  20000160    00000080                           : xvalues.obj (.data)
                  200001e0    00000030     radio.obj (.data:bleDifferentialOverrides)
                  20000210    00000008     rtsv7M3_T_le_eabi.lib : _lock.obj (.data)
                  20000218    00000008                           : exit.obj (.data)
                  20000220    00000008                           : feraiseexcept.obj (.data)
                  20000228    00000004     bmp-280-sensor.obj (.data)
                  2000022c    00000004     opt-3001-sensor.obj (.data)
                  20000230    00000004     rtsv7M3_T_le_eabi.lib : errno.obj (.data)
                  20000234    00000004                           : stkdepth_vars.obj (.data)
                  20000238    00000002     board-i2c.obj (.data)

.TI.persistent 
*          0    20000000    00000000     UNINITIALIZED

.bss       0    20000240    00000072     UNINITIALIZED
                  20000240    00000020     (.common:buffer)
                  20000260    00000018     (.common:calibration_data)
                  20000278    00000014     (.common:oscHfGlobals)
                  2000028c    00000004     (.common:amb_temp_latched)
                  20000290    00000008     (.common:devAddress)
                  20000298    00000008     (.common:powerQualGlobals)
                  200002a0    00000008     (.common:sensor_value)
                  200002a8    00000004     (.common:buf)
                  200002ac    00000004     (.common:obj_temp_latched)
                  200002b0    00000002     (.common:val)

.TI.noinit 
*          0    20000240    00000000     UNINITIALIZED

.stack     0    20004f00    00000100     UNINITIALIZED
                  20004f00    00000100     --HOLE--


LINKER GENERATED COPY TABLES

__TI_cinit_table @ 00004890 records: 2, size/record: 8, table size: 16
	.data: load addr=000047a8, load size=000000d4 bytes, run addr=20000000, run size=0000023a bytes, compression=rle
	.bss: load addr=00004888, load size=00000008 bytes, run addr=20000240, run size=00000072 bytes, compression=zero_init


LINKER GENERATED HANDLER TABLE

__TI_handler_table @ 0000487c records: 3, size/record: 4, table size: 12
	index: 0, handler: __TI_decompress_rle24
	index: 1, handler: __TI_decompress_none
	index: 2, handler: __TI_zero_init


GLOBAL SYMBOLS: SORTED ALPHABETICALLY BY Name 

address   name                                                  
-------   ----                                                  
000043d5  AONBatMonTemperatureGetDegC                           
000036a5  AONRTCCurrentSubSecValueGet                           
0000369d  AONRTCIntHandler                                      
00004419  C$$EXIT                                               
00003461  ChipInfo_GetChipFamily                                
000034b7  ChipInfo_GetHwRevision                                
0000342f  ChipInfo_GetPackageType                               
00003425  ChipInfo_GetSupportedProtocol_BV                      
00004311  NOROM_AONRTCCurrent64BitValueGet                      
000042e5  NOROM_AONRTCCurrentCompareValueGet                    
0000462b  NOROM_CPUbasepriGet                                   
00004609  NOROM_CPUcpsid                                        
0000461f  NOROM_CPUcpsie                                        
0000469b  NOROM_CPUdelay                                        
00004615  NOROM_CPUprimask                                      
00002d8b  NOROM_DDI16BitRead                                    
00002ce9  NOROM_DDI16BitWrite                                   
00002dd3  NOROM_DDI16BitfieldRead                               
00002d39  NOROM_DDI16BitfieldWrite                              
00002311  NOROM_OSCClockSourceGet                               
000022c1  NOROM_OSCClockSourceSet                               
00002341  NOROM_OSCInterfaceEnable                              
0000220b  NOROM_PowerCtrlSourceSet                              
000020ef  NOROM_PowerCtrlStateSet                               
000010b3  NOROM_SysCtrlPowerEverything                          
000011b9  NOROM_SysCtrlPowerdown                                
00001659  NOROM_SysCtrlResetSourceGet                           
000011e7  NOROM_SysCtrlShutdown                                 
0000119f  NOROM_SysCtrlStandby                                  
00003ab5  NOROM_VIMSConfigure                                   
00003b23  NOROM_VIMSModeGet                                     
00003b43  NOROM_VIMSModeSafeSet                                 
00003af7  NOROM_VIMSModeSet                                     
00002445  OSCHF_AttemptToSwitchToXosc                           
0000236f  OSCHF_GetStartupTime                                  
000024a5  OSCHF_SwitchToRcOscTurnOffXosc                        
00002431  OSCHF_TurnOnXosc                                      
00003153  RFCCPE0IntHandler                                     
0000313b  RFCCPE1IntHandler                                     
00003e29  ResetISR                                              
UNDEFED   SHT$$INIT_ARRAY$$Base                                 
UNDEFED   SHT$$INIT_ARRAY$$Limit                                
00000559  SignExtendVddrTrimValue                               
00001525  SysCtrlAdjustRechargeAfterPowerDown                   
00001241  SysCtrlSetRechargeBeforePowerDown                     
000015c9  SysCtrl_DCDC_VoltageConditionalControl                
0000354b  ThisCodeIsBuiltForCC26xxHwRev22AndLater_HaltIfViolated
20000160  _Denorm                                               
00003cb1  _Dnorm                                                
000039a5  _Dscale                                               
20000170  _Eps                                                  
20000230  _Errno                                                
00002e31  _Exp                                                  
20000220  _Fenv                                                 
0000457d  _Feraise                                              
20000180  _Hugeval                                              
20000190  _Inf                                                  
200001a0  _Nan                                                  
200001c0  _Rteps                                                
200001b0  _Snan                                                 
20000224  _Tls_setup__Fenv                                      
200001d0  _Xbig                                                 
200001d8  _Zero                                                 
20005000  __STACK_END                                           
00000100  __STACK_SIZE                                          
20005000  __STACK_TOP                                           
00004890  __TI_CINIT_Base                                       
000048a0  __TI_CINIT_Limit                                      
0000487c  __TI_Handler_Table_Base                               
00004888  __TI_Handler_Table_Limit                              
0000420d  __TI_auto_init                                        
20000218  __TI_cleanup_ptr                                      
00004681  __TI_decompress_none                                  
000046a1  __TI_decompress_rle24                                 
2000021c  __TI_dtors_ptr                                        
00000000  __TI_static_base__                                    
0000468f  __TI_zero_init                                        
00004025  __aeabi_cdcmpeq                                       
00004025  __aeabi_cdcmple                                       
0000419f  __aeabi_d2f                                           
0000438d  __aeabi_d2iz                                          
00003223  __aeabi_dadd                                          
0000386d  __aeabi_ddiv                                          
00003bb5  __aeabi_dmul                                          
00003219  __aeabi_dsub                                          
000044d9  __aeabi_f2iz                                          
000040ab  __aeabi_fmul                                          
000045ad  __aeabi_i2d                                           
00004511  __aeabi_i2f                                           
00004125  __aeabi_memclr                                        
00004125  __aeabi_memclr4                                       
00004125  __aeabi_memclr8                                       
00003f89  __aeabi_memcpy                                        
00003f89  __aeabi_memcpy4                                       
00003f89  __aeabi_memcpy8                                       
00004127  __aeabi_memset                                        
00004127  __aeabi_memset4                                       
00004127  __aeabi_memset8                                       
00004635  __aeabi_ui2d                                          
ffffffff  __binit__                                             
0000479c  __c_args__                                            
0001ffa8  __ccfg                                                
20004f00  __stack                                               
00004655  _args_main                                            
0000449d  _c_int00                                              
20000210  _lock                                                 
0000467b  _nop                                                  
00004673  _register_lock                                        
0000466d  _register_unlock                                      
000046a7  _system_pre_init                                      
20000214  _unlock                                               
0000441d  abort                                                 
20000003  advData                                               
20000030  advOutput                                             
ffffffff  binit                                                 
200001e0  bleDifferentialOverrides                              
00000d01  board_i2c_read                                        
00000f3b  board_i2c_select                                      
00000b3b  board_i2c_shutdown                                    
00000abd  board_i2c_wakeup                                      
00000bdb  board_i2c_write                                       
00000de1  board_i2c_write_read                                  
00000ca3  board_i2c_write_single                                
00001f69  board_spi_close                                       
00001e9d  board_spi_flush                                       
00001ebb  board_spi_open                                        
00001e45  board_spi_read                                        
00001df9  board_spi_write                                       
20000070  cmdAdv0                                               
20000058  cmdAdv1                                               
20000040  cmdAdv2                                               
20000010  cmdAdvParam                                           
20000088  cmdFsPd                                               
20000098  cmdSetup                                              
00001d4b  configure_bmp_280                                     
00003847  configure_opt_3001                                    
00002ba7  configure_tmp_007                                     
00001b41  convert_bmp_280                                       
000037b9  convert_opt_3001                                      
00002ac7  convert_tmp_007                                       
00004341  copy_in                                               
00001aeb  enable_bmp_280                                        
0000370d  enable_opt_3001                                       
000029d1  enable_tmp_007                                        
00004425  exit                                                  
00003edd  exp2                                                  
0000188d  ext_flash_close                                       
000019dd  ext_flash_erase                                       
00001aa5  ext_flash_init                                        
00001857  ext_flash_open                                        
00001899  ext_flash_read                                        
00001a91  ext_flash_test                                        
00001915  ext_flash_write                                       
00004549  feraiseexcept                                         
00000000  g_pfnVectors                                          
00002817  initInterrupts                                        
0000361b  initRTC                                               
0000364d  initRTC_WUms                                          
00003089  initRadio                                             
00003129  initRadioInts                                         
00001ac9  init_bmp_280                                          
00002789  ledInit                                               
00002525  main                                                  
20000234  main_func_sp                                          
00003f89  memcpy                                                
0000412d  memset                                                
00002905  powerConfigureRecharge                                
0000283b  powerDisableAuxForceOn                                
00002877  powerDisableAuxRamRet                                 
000028ab  powerDisableCPU                                       
00002851  powerDisableCache                                     
0000286b  powerDisableCacheRetention                            
000028bb  powerDisableFlashInIdle                               
000028ef  powerDisableMcuPdReq                                  
0000289d  powerDisablePeriph                                    
00002887  powerDisableRFC                                       
00002927  powerDisableXtal                                      
000028d1  powerDivideInfClkDS                                   
000028c3  powerEnableAUXPdReq                                   
00002833  powerEnableAuxForceOn                                 
00002843  powerEnableCache                                      
0000285f  powerEnableCacheRetention                             
000028b3  powerEnableFlashInIdle                                
000028f7  powerEnableGPIOClockRunMode                           
000028e7  powerEnableMcuPdReq                                   
0000288f  powerEnablePeriph                                     
0000287f  powerEnableRFC                                        
0000291f  powerEnableXtal                                       
0000292f  powerEnableXtalInterface                              
000030bd  radioCmdBusRequest                                    
000030db  radioCmdStartRAT                                      
000030b5  radioPatch                                            
000030ed  radioSetupAndTransmit                                 
000030f7  radioUpdateAdvData                                    
000045db  raise                                                 
00001b17  read_data_bmp_280                                     
00003757  read_data_opt_3001                                    
00002a21  read_data_tmp_007                                     
20000002  rfAdvertisingDone                                     
20000000  rfBootDone                                            
20000001  rfSetupDone                                           
000030ad  runRadio                                              
00001abd  select_bmp_280                                        
00003701  select_opt_3001                                       
00003d71  sensor_common_read_reg                                
00003df3  sensor_common_set_error_data                          
00003d8d  sensor_common_write_reg                               
000027b5  sensorsInit                                           
0000445d  signal                                                
000001c5  trimDevice                                            
0000380f  value                                                 
00001cd9  value_bmp_280                                         
00002b19  value_tmp_007                                         
0000295f  waitUntilAUXReady                                     
0000294d  waitUntilPeriphReady                                  
0000293b  waitUntilRFCReady                                     


GLOBAL SYMBOLS: SORTED BY Symbol Address 

address   name                                                  
-------   ----                                                  
00000000  __TI_static_base__                                    
00000000  g_pfnVectors                                          
00000100  __STACK_SIZE                                          
000001c5  trimDevice                                            
00000559  SignExtendVddrTrimValue                               
00000abd  board_i2c_wakeup                                      
00000b3b  board_i2c_shutdown                                    
00000bdb  board_i2c_write                                       
00000ca3  board_i2c_write_single                                
00000d01  board_i2c_read                                        
00000de1  board_i2c_write_read                                  
00000f3b  board_i2c_select                                      
000010b3  NOROM_SysCtrlPowerEverything                          
0000119f  NOROM_SysCtrlStandby                                  
000011b9  NOROM_SysCtrlPowerdown                                
000011e7  NOROM_SysCtrlShutdown                                 
00001241  SysCtrlSetRechargeBeforePowerDown                     
00001525  SysCtrlAdjustRechargeAfterPowerDown                   
000015c9  SysCtrl_DCDC_VoltageConditionalControl                
00001659  NOROM_SysCtrlResetSourceGet                           
00001857  ext_flash_open                                        
0000188d  ext_flash_close                                       
00001899  ext_flash_read                                        
00001915  ext_flash_write                                       
000019dd  ext_flash_erase                                       
00001a91  ext_flash_test                                        
00001aa5  ext_flash_init                                        
00001abd  select_bmp_280                                        
00001ac9  init_bmp_280                                          
00001aeb  enable_bmp_280                                        
00001b17  read_data_bmp_280                                     
00001b41  convert_bmp_280                                       
00001cd9  value_bmp_280                                         
00001d4b  configure_bmp_280                                     
00001df9  board_spi_write                                       
00001e45  board_spi_read                                        
00001e9d  board_spi_flush                                       
00001ebb  board_spi_open                                        
00001f69  board_spi_close                                       
000020ef  NOROM_PowerCtrlStateSet                               
0000220b  NOROM_PowerCtrlSourceSet                              
000022c1  NOROM_OSCClockSourceSet                               
00002311  NOROM_OSCClockSourceGet                               
00002341  NOROM_OSCInterfaceEnable                              
0000236f  OSCHF_GetStartupTime                                  
00002431  OSCHF_TurnOnXosc                                      
00002445  OSCHF_AttemptToSwitchToXosc                           
000024a5  OSCHF_SwitchToRcOscTurnOffXosc                        
00002525  main                                                  
00002789  ledInit                                               
000027b5  sensorsInit                                           
00002817  initInterrupts                                        
00002833  powerEnableAuxForceOn                                 
0000283b  powerDisableAuxForceOn                                
00002843  powerEnableCache                                      
00002851  powerDisableCache                                     
0000285f  powerEnableCacheRetention                             
0000286b  powerDisableCacheRetention                            
00002877  powerDisableAuxRamRet                                 
0000287f  powerEnableRFC                                        
00002887  powerDisableRFC                                       
0000288f  powerEnablePeriph                                     
0000289d  powerDisablePeriph                                    
000028ab  powerDisableCPU                                       
000028b3  powerEnableFlashInIdle                                
000028bb  powerDisableFlashInIdle                               
000028c3  powerEnableAUXPdReq                                   
000028d1  powerDivideInfClkDS                                   
000028e7  powerEnableMcuPdReq                                   
000028ef  powerDisableMcuPdReq                                  
000028f7  powerEnableGPIOClockRunMode                           
00002905  powerConfigureRecharge                                
0000291f  powerEnableXtal                                       
00002927  powerDisableXtal                                      
0000292f  powerEnableXtalInterface                              
0000293b  waitUntilRFCReady                                     
0000294d  waitUntilPeriphReady                                  
0000295f  waitUntilAUXReady                                     
000029d1  enable_tmp_007                                        
00002a21  read_data_tmp_007                                     
00002ac7  convert_tmp_007                                       
00002b19  value_tmp_007                                         
00002ba7  configure_tmp_007                                     
00002ce9  NOROM_DDI16BitWrite                                   
00002d39  NOROM_DDI16BitfieldWrite                              
00002d8b  NOROM_DDI16BitRead                                    
00002dd3  NOROM_DDI16BitfieldRead                               
00002e31  _Exp                                                  
00003089  initRadio                                             
000030ad  runRadio                                              
000030b5  radioPatch                                            
000030bd  radioCmdBusRequest                                    
000030db  radioCmdStartRAT                                      
000030ed  radioSetupAndTransmit                                 
000030f7  radioUpdateAdvData                                    
00003129  initRadioInts                                         
0000313b  RFCCPE1IntHandler                                     
00003153  RFCCPE0IntHandler                                     
00003219  __aeabi_dsub                                          
00003223  __aeabi_dadd                                          
00003425  ChipInfo_GetSupportedProtocol_BV                      
0000342f  ChipInfo_GetPackageType                               
00003461  ChipInfo_GetChipFamily                                
000034b7  ChipInfo_GetHwRevision                                
0000354b  ThisCodeIsBuiltForCC26xxHwRev22AndLater_HaltIfViolated
0000361b  initRTC                                               
0000364d  initRTC_WUms                                          
0000369d  AONRTCIntHandler                                      
000036a5  AONRTCCurrentSubSecValueGet                           
00003701  select_opt_3001                                       
0000370d  enable_opt_3001                                       
00003757  read_data_opt_3001                                    
000037b9  convert_opt_3001                                      
0000380f  value                                                 
00003847  configure_opt_3001                                    
0000386d  __aeabi_ddiv                                          
000039a5  _Dscale                                               
00003ab5  NOROM_VIMSConfigure                                   
00003af7  NOROM_VIMSModeSet                                     
00003b23  NOROM_VIMSModeGet                                     
00003b43  NOROM_VIMSModeSafeSet                                 
00003bb5  __aeabi_dmul                                          
00003cb1  _Dnorm                                                
00003d71  sensor_common_read_reg                                
00003d8d  sensor_common_write_reg                               
00003df3  sensor_common_set_error_data                          
00003e29  ResetISR                                              
00003edd  exp2                                                  
00003f89  __aeabi_memcpy                                        
00003f89  __aeabi_memcpy4                                       
00003f89  __aeabi_memcpy8                                       
00003f89  memcpy                                                
00004025  __aeabi_cdcmpeq                                       
00004025  __aeabi_cdcmple                                       
000040ab  __aeabi_fmul                                          
00004125  __aeabi_memclr                                        
00004125  __aeabi_memclr4                                       
00004125  __aeabi_memclr8                                       
00004127  __aeabi_memset                                        
00004127  __aeabi_memset4                                       
00004127  __aeabi_memset8                                       
0000412d  memset                                                
0000419f  __aeabi_d2f                                           
0000420d  __TI_auto_init                                        
000042e5  NOROM_AONRTCCurrentCompareValueGet                    
00004311  NOROM_AONRTCCurrent64BitValueGet                      
00004341  copy_in                                               
0000438d  __aeabi_d2iz                                          
000043d5  AONBatMonTemperatureGetDegC                           
00004419  C$$EXIT                                               
0000441d  abort                                                 
00004425  exit                                                  
0000445d  signal                                                
0000449d  _c_int00                                              
000044d9  __aeabi_f2iz                                          
00004511  __aeabi_i2f                                           
00004549  feraiseexcept                                         
0000457d  _Feraise                                              
000045ad  __aeabi_i2d                                           
000045db  raise                                                 
00004609  NOROM_CPUcpsid                                        
00004615  NOROM_CPUprimask                                      
0000461f  NOROM_CPUcpsie                                        
0000462b  NOROM_CPUbasepriGet                                   
00004635  __aeabi_ui2d                                          
00004655  _args_main                                            
0000466d  _register_unlock                                      
00004673  _register_lock                                        
0000467b  _nop                                                  
00004681  __TI_decompress_none                                  
0000468f  __TI_zero_init                                        
0000469b  NOROM_CPUdelay                                        
000046a1  __TI_decompress_rle24                                 
000046a7  _system_pre_init                                      
0000479c  __c_args__                                            
0000487c  __TI_Handler_Table_Base                               
00004888  __TI_Handler_Table_Limit                              
00004890  __TI_CINIT_Base                                       
000048a0  __TI_CINIT_Limit                                      
0001ffa8  __ccfg                                                
20000000  rfBootDone                                            
20000001  rfSetupDone                                           
20000002  rfAdvertisingDone                                     
20000003  advData                                               
20000010  cmdAdvParam                                           
20000030  advOutput                                             
20000040  cmdAdv2                                               
20000058  cmdAdv1                                               
20000070  cmdAdv0                                               
20000088  cmdFsPd                                               
20000098  cmdSetup                                              
20000160  _Denorm                                               
20000170  _Eps                                                  
20000180  _Hugeval                                              
20000190  _Inf                                                  
200001a0  _Nan                                                  
200001b0  _Snan                                                 
200001c0  _Rteps                                                
200001d0  _Xbig                                                 
200001d8  _Zero                                                 
200001e0  bleDifferentialOverrides                              
20000210  _lock                                                 
20000214  _unlock                                               
20000218  __TI_cleanup_ptr                                      
2000021c  __TI_dtors_ptr                                        
20000220  _Fenv                                                 
20000224  _Tls_setup__Fenv                                      
20000230  _Errno                                                
20000234  main_func_sp                                          
20004f00  __stack                                               
20005000  __STACK_END                                           
20005000  __STACK_TOP                                           
ffffffff  __binit__                                             
ffffffff  binit                                                 
UNDEFED   SHT$$INIT_ARRAY$$Base                                 
UNDEFED   SHT$$INIT_ARRAY$$Limit                                

[216 symbols]
