******************************************************************************
                  TI ARM Linker PC v5.2.5                      
******************************************************************************
>> Linked Mon Oct 26 14:51:02 2015

OUTPUT FILE NAME:   <BLE_adv_Iar.out>
ENTRY POINT SYMBOL: "ResetISR"  address: 0000172f


MEMORY CONFIGURATION

         name            origin    length      used     unused   attr    fill
----------------------  --------  ---------  --------  --------  ----  --------
  FLASH                 00000000   00020000  00001b00  0001e500  R  X
  GPRAM                 11000000   00002000  00000000  00002000  RW X
  SRAM                  20000000   00005000  000001f8  00004e08  RW X


SEGMENT ALLOCATION MAP

run origin  load origin   length   init length attrs members
----------  ----------- ---------- ----------- ----- -------
00000000    00000000    000019e0   000019e0    r-x
  00000000    00000000    000000c8   000000c8    r-- .intvecs
  000000c8    000000c8    000018b0   000018b0    r-x .text
  00001978    00001978    00000068   00000068    r-- .const
000019e0    000019e0    00000008   00000008    rw-
  000019e0    000019e0    00000008   00000008    rw- .args
000019e8    000019e8    000000c0   000000c0    r--
  000019e8    000019e8    000000c0   000000c0    r-- .cinit
0001ffa8    0001ffa8    00000058   00000058    r--
  0001ffa8    0001ffa8    00000058   00000058    r-- .ccfg
20000000    20000000    000000f8   00000000    rw-
  20000000    20000000    000000d8   00000000    rw- .data
  200000d8    200000d8    00000020   00000000    rw- .bss
20004f00    20004f00    00000100   00000000    rw-
  20004f00    20004f00    00000100   00000000    rw- .stack


SECTION ALLOCATION MAP

 output                                  attributes/
section   page    origin      length       input sections
--------  ----  ----------  ----------   ----------------
.intvecs   0    00000000    000000c8     
                  00000000    000000c8     startup_ccs.obj (.intvecs)

.text      0    000000c8    000018b0     
                  000000c8    000008f8     setup.obj (.text)
                  000009c0    00000280     osc.obj (.text)
                  00000c40    00000224     ddi.obj (.text)
                  00000e64    0000019c     chipinfo.obj (.text)
                  00001000    0000019c     system.obj (.text)
                  0000119c    00000184     radio.obj (.text)
                  00001320    00000118     rtc.obj (.text)
                  00001438    00000108     main.obj (.text)
                  00001540    0000009c     rtsv7M3_T_le_eabi.lib : memcpy_t2.obj (.text)
                  000015dc    0000007a                           : memset_t2.obj (.text)
                  00001656    00000002     --HOLE-- [fill = 0]
                  00001658    0000006c                           : autoinit.obj (.text)
                  000016c4    0000006a                           : copy_decompress_rle.obj (.text)
                  0000172e    00000060     startup_ccs.obj (.text)
                  0000178e    00000002     --HOLE-- [fill = 0]
                  00001790    0000005c     aon_rtc.obj (.text)
                  000017ec    0000004c     rtsv7M3_T_le_eabi.lib : cpy_tbl.obj (.text)
                  00001838    00000044     aon_batmon.obj (.text)
                  0000187c    00000044     rtsv7M3_T_le_eabi.lib : exit.obj (.text)
                  000018c0    0000003c                           : boot.obj (.text)
                  000018fc    0000002c     cpu.obj (.text)
                  00001928    00000018     rtsv7M3_T_le_eabi.lib : args_main.obj (.text)
                  00001940    00000014                           : _lock.obj (.text)
                  00001954    0000000e                           : copy_decompress_none.obj (.text:decompress:none)
                  00001962    0000000c                           : copy_zero_init.obj (.text:decompress:ZI)
                  0000196e    00000006                           : copy_decompress_rle.obj (.text:decompress:rle24)
                  00001974    00000004                           : pre_init.obj (.text)

.const     0    00001978    00000068     
                  00001978    00000068     radio.obj (.const:patchImage)

.cinit     0    000019e8    000000c0     
                  000019e8    00000098     (.cinit..data.load) [load image, compression = rle]
                  00001a80    0000000c     (__TI_handler_table)
                  00001a8c    00000004     --HOLE-- [fill = 0]
                  00001a90    00000008     (.cinit..bss.load) [load image, compression = zero_init]
                  00001a98    00000010     (__TI_cinit_table)

.init_array 
*          0    00000000    00000000     UNINITIALIZED

.ccfg      0    0001ffa8    00000058     
                  0001ffa8    00000058     ccfg.obj (.ccfg:retain)

.data      0    20000000    000000d8     UNINITIALIZED
                  20000000    00000094     radio.obj (.data)
                  20000094    00000030     radio.obj (.data:bleDifferentialOverrides)
                  200000c4    00000008     rtsv7M3_T_le_eabi.lib : _lock.obj (.data)
                  200000cc    00000008                           : exit.obj (.data)
                  200000d4    00000004                           : stkdepth_vars.obj (.data)

.bss       0    200000d8    00000020     UNINITIALIZED
                  200000d8    00000014     (.common:oscHfGlobals)
                  200000ec    00000004     --HOLE--
                  200000f0    00000008     (.common:devAddress)

.stack     0    20004f00    00000100     UNINITIALIZED
                  20004f00    00000100     --HOLE--

.args      0    000019e0    00000008     
                  000019e0    00000008     --HOLE-- [fill = 0]

.TI.persistent 
*          0    20000000    00000000     UNINITIALIZED

.TI.noinit 
*          0    200000d8    00000000     UNINITIALIZED


LINKER GENERATED COPY TABLES

__TI_cinit_table @ 00001a98 records: 2, size/record: 8, table size: 16
	.data: load addr=000019e8, load size=00000098 bytes, run addr=20000000, run size=000000d8 bytes, compression=rle
	.bss: load addr=00001a90, load size=00000008 bytes, run addr=200000d8, run size=00000020 bytes, compression=zero_init


LINKER GENERATED HANDLER TABLE

__TI_handler_table @ 00001a80 records: 3, size/record: 4, table size: 12
	index: 0, handler: __TI_decompress_rle24
	index: 1, handler: __TI_decompress_none
	index: 2, handler: __TI_zero_init


GLOBAL SYMBOLS: SORTED ALPHABETICALLY BY Name 

address   name                                                  
-------   ----                                                  
00001839  AONBatMonTemperatureGetDegC                           
00001401  AONRTCIntHandler                                      
0000187d  C$$EXIT                                               
00000ef5  ChipInfo_GetChipFamily                                
00000f4b  ChipInfo_GetHwRevision                                
00000ec3  ChipInfo_GetPackageType                               
00000eb9  ChipInfo_GetSupportedProtocol_BV                      
000017bd  NOROM_AONRTCCurrent64BitValueGet                      
00001791  NOROM_AONRTCCurrentCompareValueGet                    
0000191f  NOROM_CPUbasepriGet                                   
000018fd  NOROM_CPUcpsid                                        
00001913  NOROM_CPUcpsie                                        
00001909  NOROM_CPUprimask                                      
00000dbf  NOROM_DDI16BitRead                                    
00000d1d  NOROM_DDI16BitWrite                                   
00000e07  NOROM_DDI16BitfieldRead                               
00000d6d  NOROM_DDI16BitfieldWrite                              
00000a51  NOROM_OSCClockSourceGet                               
00000a01  NOROM_OSCClockSourceSet                               
00000a81  NOROM_OSCInterfaceEnable                              
00000b85  OSCHF_AttemptToSwitchToXosc                           
00000aaf  OSCHF_GetStartupTime                                  
00000be5  OSCHF_SwitchToRcOscTurnOffXosc                        
00000b71  OSCHF_TurnOnXosc                                      
000012ad  RFCCPE0IntHandler                                     
00001297  RFCCPE1IntHandler                                     
0000172f  ResetISR                                              
UNDEFED   SHT$$INIT_ARRAY$$Base                                 
UNDEFED   SHT$$INIT_ARRAY$$Limit                                
00000fdf  ThisCodeIsBuiltForCC26xxHwRev22AndLater_HaltIfViolated
20005000  __STACK_END                                           
00000100  __STACK_SIZE                                          
20005000  __STACK_TOP                                           
00001a98  __TI_CINIT_Base                                       
00001aa8  __TI_CINIT_Limit                                      
00001a80  __TI_Handler_Table_Base                               
00001a8c  __TI_Handler_Table_Limit                              
00001659  __TI_auto_init                                        
200000cc  __TI_cleanup_ptr                                      
00001955  __TI_decompress_none                                  
0000196f  __TI_decompress_rle24                                 
200000d0  __TI_dtors_ptr                                        
00000000  __TI_static_base__                                    
00001963  __TI_zero_init                                        
000015dd  __aeabi_memclr                                        
000015dd  __aeabi_memclr4                                       
000015dd  __aeabi_memclr8                                       
00001541  __aeabi_memcpy                                        
00001541  __aeabi_memcpy4                                       
00001541  __aeabi_memcpy8                                       
000015df  __aeabi_memset                                        
000015df  __aeabi_memset4                                       
000015df  __aeabi_memset8                                       
ffffffff  __binit__                                             
000019e0  __c_args__                                            
0001ffa8  __ccfg                                                
20004f00  __stack                                               
00001929  _args_main                                            
000018c1  _c_int00                                              
200000c4  _lock                                                 
0000194f  _nop                                                  
00001947  _register_lock                                        
00001941  _register_unlock                                      
00001975  _system_pre_init                                      
200000c8  _unlock                                               
00001881  abort                                                 
20000001  advData                                               
20000024  advOutput                                             
ffffffff  binit                                                 
20000094  bleDifferentialOverrides                              
20000064  cmdAdv0                                               
2000004c  cmdAdv1                                               
20000034  cmdAdv2                                               
20000004  cmdAdvParam                                           
2000007c  cmdSetup                                              
000017ed  copy_in                                               
00001889  exit                                                  
00000000  g_pfnVectors                                          
00001001  initInterrupts                                        
000013cf  initRTC                                               
000011f9  initRadio                                             
0000127f  initRadioInts                                         
20000000  int_boot_done                                         
00001451  main                                                  
200000d4  main_func_sp                                          
00001541  memcpy                                                
000015e5  memset                                                
000010eb  powerConfigureRecharge                                
00001025  powerDisableAuxForceOn                                
00001069  powerDisableAuxRamRet                                 
00001091  powerDisableCPU                                       
0000103f  powerDisableCache                                     
0000105d  powerDisableCacheRetention                            
000010a1  powerDisableFlashInIdle                               
000010d5  powerDisableMcuPdReq                                  
00001089  powerDisablePeriph                                    
00001079  powerDisableRFC                                       
000010fb  powerDisableXtal                                      
000010b7  powerDivideInfClkDS                                   
000010a9  powerEnableAUXPdReq                                   
0000101d  powerEnableAuxForceOn                                 
0000102d  powerEnableCache                                      
00001051  powerEnableCacheRetention                             
00001099  powerEnableFlashInIdle                                
000010dd  powerEnableGPIOClockRunMode                           
000010cd  powerEnableMcuPdReq                                   
00001081  powerEnablePeriph                                     
00001071  powerEnableRFC                                        
000010f3  powerEnableXtal                                       
00001103  powerEnableXtalInterface                              
00001231  radioCmdBusRequest                                    
0000124f  radioCmdStartRAT                                      
00001229  radioPatch                                            
00001261  radioSetupAndTransmit                                 
0000126b  radioUpdateAdvData                                    
00001221  runRadio                                              
000001c5  trimDevice                                            
0000112f  waitUntilAUXReady                                     
0000111d  waitUntilPeriphReady                                  
0000110b  waitUntilRFCReady                                     


GLOBAL SYMBOLS: SORTED BY Symbol Address 

address   name                                                  
-------   ----                                                  
00000000  __TI_static_base__                                    
00000000  g_pfnVectors                                          
00000100  __STACK_SIZE                                          
000001c5  trimDevice                                            
00000a01  NOROM_OSCClockSourceSet                               
00000a51  NOROM_OSCClockSourceGet                               
00000a81  NOROM_OSCInterfaceEnable                              
00000aaf  OSCHF_GetStartupTime                                  
00000b71  OSCHF_TurnOnXosc                                      
00000b85  OSCHF_AttemptToSwitchToXosc                           
00000be5  OSCHF_SwitchToRcOscTurnOffXosc                        
00000d1d  NOROM_DDI16BitWrite                                   
00000d6d  NOROM_DDI16BitfieldWrite                              
00000dbf  NOROM_DDI16BitRead                                    
00000e07  NOROM_DDI16BitfieldRead                               
00000eb9  ChipInfo_GetSupportedProtocol_BV                      
00000ec3  ChipInfo_GetPackageType                               
00000ef5  ChipInfo_GetChipFamily                                
00000f4b  ChipInfo_GetHwRevision                                
00000fdf  ThisCodeIsBuiltForCC26xxHwRev22AndLater_HaltIfViolated
00001001  initInterrupts                                        
0000101d  powerEnableAuxForceOn                                 
00001025  powerDisableAuxForceOn                                
0000102d  powerEnableCache                                      
0000103f  powerDisableCache                                     
00001051  powerEnableCacheRetention                             
0000105d  powerDisableCacheRetention                            
00001069  powerDisableAuxRamRet                                 
00001071  powerEnableRFC                                        
00001079  powerDisableRFC                                       
00001081  powerEnablePeriph                                     
00001089  powerDisablePeriph                                    
00001091  powerDisableCPU                                       
00001099  powerEnableFlashInIdle                                
000010a1  powerDisableFlashInIdle                               
000010a9  powerEnableAUXPdReq                                   
000010b7  powerDivideInfClkDS                                   
000010cd  powerEnableMcuPdReq                                   
000010d5  powerDisableMcuPdReq                                  
000010dd  powerEnableGPIOClockRunMode                           
000010eb  powerConfigureRecharge                                
000010f3  powerEnableXtal                                       
000010fb  powerDisableXtal                                      
00001103  powerEnableXtalInterface                              
0000110b  waitUntilRFCReady                                     
0000111d  waitUntilPeriphReady                                  
0000112f  waitUntilAUXReady                                     
000011f9  initRadio                                             
00001221  runRadio                                              
00001229  radioPatch                                            
00001231  radioCmdBusRequest                                    
0000124f  radioCmdStartRAT                                      
00001261  radioSetupAndTransmit                                 
0000126b  radioUpdateAdvData                                    
0000127f  initRadioInts                                         
00001297  RFCCPE1IntHandler                                     
000012ad  RFCCPE0IntHandler                                     
000013cf  initRTC                                               
00001401  AONRTCIntHandler                                      
00001451  main                                                  
00001541  __aeabi_memcpy                                        
00001541  __aeabi_memcpy4                                       
00001541  __aeabi_memcpy8                                       
00001541  memcpy                                                
000015dd  __aeabi_memclr                                        
000015dd  __aeabi_memclr4                                       
000015dd  __aeabi_memclr8                                       
000015df  __aeabi_memset                                        
000015df  __aeabi_memset4                                       
000015df  __aeabi_memset8                                       
000015e5  memset                                                
00001659  __TI_auto_init                                        
0000172f  ResetISR                                              
00001791  NOROM_AONRTCCurrentCompareValueGet                    
000017bd  NOROM_AONRTCCurrent64BitValueGet                      
000017ed  copy_in                                               
00001839  AONBatMonTemperatureGetDegC                           
0000187d  C$$EXIT                                               
00001881  abort                                                 
00001889  exit                                                  
000018c1  _c_int00                                              
000018fd  NOROM_CPUcpsid                                        
00001909  NOROM_CPUprimask                                      
00001913  NOROM_CPUcpsie                                        
0000191f  NOROM_CPUbasepriGet                                   
00001929  _args_main                                            
00001941  _register_unlock                                      
00001947  _register_lock                                        
0000194f  _nop                                                  
00001955  __TI_decompress_none                                  
00001963  __TI_zero_init                                        
0000196f  __TI_decompress_rle24                                 
00001975  _system_pre_init                                      
000019e0  __c_args__                                            
00001a80  __TI_Handler_Table_Base                               
00001a8c  __TI_Handler_Table_Limit                              
00001a98  __TI_CINIT_Base                                       
00001aa8  __TI_CINIT_Limit                                      
0001ffa8  __ccfg                                                
20000000  int_boot_done                                         
20000001  advData                                               
20000004  cmdAdvParam                                           
20000024  advOutput                                             
20000034  cmdAdv2                                               
2000004c  cmdAdv1                                               
20000064  cmdAdv0                                               
2000007c  cmdSetup                                              
20000094  bleDifferentialOverrides                              
200000c4  _lock                                                 
200000c8  _unlock                                               
200000cc  __TI_cleanup_ptr                                      
200000d0  __TI_dtors_ptr                                        
200000d4  main_func_sp                                          
20004f00  __stack                                               
20005000  __STACK_END                                           
20005000  __STACK_TOP                                           
ffffffff  __binit__                                             
ffffffff  binit                                                 
UNDEFED   SHT$$INIT_ARRAY$$Base                                 
UNDEFED   SHT$$INIT_ARRAY$$Limit                                

[120 symbols]
