<?xml version="1.0"?>
<link_info>
   <banner>TI ARM Linker PC v5.2.5</banner>
   <copyright>Copyright (c) 1996-2015 Texas Instruments Incorporated</copyright>
   <link_time>0x562e2fc6</link_time>
   <link_errors>0x0</link_errors>
   <output_file>BLE_adv_Iar.out</output_file>
   <entry_point>
      <name>ResetISR</name>
      <address>0x172f</address>
   </entry_point>
   <input_file_list>
      <input_file id="fl-2">
         <path>.\</path>
         <kind>object</kind>
         <file>main.obj</file>
         <name>main.obj</name>
      </input_file>
      <input_file id="fl-3">
         <path>.\</path>
         <kind>object</kind>
         <file>radio.obj</file>
         <name>radio.obj</name>
      </input_file>
      <input_file id="fl-4">
         <path>.\</path>
         <kind>object</kind>
         <file>rtc.obj</file>
         <name>rtc.obj</name>
      </input_file>
      <input_file id="fl-5">
         <path>.\</path>
         <kind>object</kind>
         <file>system.obj</file>
         <name>system.obj</name>
      </input_file>
      <input_file id="fl-6">
         <path>.\radio_files\overrides\</path>
         <kind>object</kind>
         <file>ble_overrides.obj</file>
         <name>ble_overrides.obj</name>
      </input_file>
      <input_file id="fl-7">
         <path>.\cc26xxware_2_21_03_15980\startup_files\</path>
         <kind>object</kind>
         <file>ccfg.obj</file>
         <name>ccfg.obj</name>
      </input_file>
      <input_file id="fl-8">
         <path>.\cc26xxware_2_21_03_15980\startup_files\</path>
         <kind>object</kind>
         <file>startup_ccs.obj</file>
         <name>startup_ccs.obj</name>
      </input_file>
      <input_file id="fl-9">
         <path>.\cc26xxware_2_21_03_15980\driverlib\</path>
         <kind>object</kind>
         <file>adi.obj</file>
         <name>adi.obj</name>
      </input_file>
      <input_file id="fl-a">
         <path>.\cc26xxware_2_21_03_15980\driverlib\</path>
         <kind>object</kind>
         <file>aon_batmon.obj</file>
         <name>aon_batmon.obj</name>
      </input_file>
      <input_file id="fl-b">
         <path>.\cc26xxware_2_21_03_15980\driverlib\</path>
         <kind>object</kind>
         <file>aon_event.obj</file>
         <name>aon_event.obj</name>
      </input_file>
      <input_file id="fl-c">
         <path>.\cc26xxware_2_21_03_15980\driverlib\</path>
         <kind>object</kind>
         <file>aon_ioc.obj</file>
         <name>aon_ioc.obj</name>
      </input_file>
      <input_file id="fl-d">
         <path>.\cc26xxware_2_21_03_15980\driverlib\</path>
         <kind>object</kind>
         <file>aon_rtc.obj</file>
         <name>aon_rtc.obj</name>
      </input_file>
      <input_file id="fl-e">
         <path>.\cc26xxware_2_21_03_15980\driverlib\</path>
         <kind>object</kind>
         <file>aon_wuc.obj</file>
         <name>aon_wuc.obj</name>
      </input_file>
      <input_file id="fl-f">
         <path>.\cc26xxware_2_21_03_15980\driverlib\</path>
         <kind>object</kind>
         <file>aux_adc.obj</file>
         <name>aux_adc.obj</name>
      </input_file>
      <input_file id="fl-10">
         <path>.\cc26xxware_2_21_03_15980\driverlib\</path>
         <kind>object</kind>
         <file>aux_smph.obj</file>
         <name>aux_smph.obj</name>
      </input_file>
      <input_file id="fl-11">
         <path>.\cc26xxware_2_21_03_15980\driverlib\</path>
         <kind>object</kind>
         <file>aux_tdc.obj</file>
         <name>aux_tdc.obj</name>
      </input_file>
      <input_file id="fl-12">
         <path>.\cc26xxware_2_21_03_15980\driverlib\</path>
         <kind>object</kind>
         <file>aux_timer.obj</file>
         <name>aux_timer.obj</name>
      </input_file>
      <input_file id="fl-13">
         <path>.\cc26xxware_2_21_03_15980\driverlib\</path>
         <kind>object</kind>
         <file>aux_wuc.obj</file>
         <name>aux_wuc.obj</name>
      </input_file>
      <input_file id="fl-14">
         <path>.\cc26xxware_2_21_03_15980\driverlib\</path>
         <kind>object</kind>
         <file>ccfgread.obj</file>
         <name>ccfgread.obj</name>
      </input_file>
      <input_file id="fl-15">
         <path>.\cc26xxware_2_21_03_15980\driverlib\</path>
         <kind>object</kind>
         <file>chipinfo.obj</file>
         <name>chipinfo.obj</name>
      </input_file>
      <input_file id="fl-16">
         <path>.\cc26xxware_2_21_03_15980\driverlib\</path>
         <kind>object</kind>
         <file>cpu.obj</file>
         <name>cpu.obj</name>
      </input_file>
      <input_file id="fl-17">
         <path>.\cc26xxware_2_21_03_15980\driverlib\</path>
         <kind>object</kind>
         <file>crypto.obj</file>
         <name>crypto.obj</name>
      </input_file>
      <input_file id="fl-18">
         <path>.\cc26xxware_2_21_03_15980\driverlib\</path>
         <kind>object</kind>
         <file>ddi.obj</file>
         <name>ddi.obj</name>
      </input_file>
      <input_file id="fl-19">
         <path>.\cc26xxware_2_21_03_15980\driverlib\</path>
         <kind>object</kind>
         <file>debug.obj</file>
         <name>debug.obj</name>
      </input_file>
      <input_file id="fl-1a">
         <path>.\cc26xxware_2_21_03_15980\driverlib\</path>
         <kind>object</kind>
         <file>driverlib_release.obj</file>
         <name>driverlib_release.obj</name>
      </input_file>
      <input_file id="fl-1b">
         <path>.\cc26xxware_2_21_03_15980\driverlib\</path>
         <kind>object</kind>
         <file>event.obj</file>
         <name>event.obj</name>
      </input_file>
      <input_file id="fl-1c">
         <path>.\cc26xxware_2_21_03_15980\driverlib\</path>
         <kind>object</kind>
         <file>flash.obj</file>
         <name>flash.obj</name>
      </input_file>
      <input_file id="fl-1d">
         <path>.\cc26xxware_2_21_03_15980\driverlib\</path>
         <kind>object</kind>
         <file>flashsafe.obj</file>
         <name>flashsafe.obj</name>
      </input_file>
      <input_file id="fl-1e">
         <path>.\cc26xxware_2_21_03_15980\driverlib\</path>
         <kind>object</kind>
         <file>gpio.obj</file>
         <name>gpio.obj</name>
      </input_file>
      <input_file id="fl-1f">
         <path>.\cc26xxware_2_21_03_15980\driverlib\</path>
         <kind>object</kind>
         <file>i2c.obj</file>
         <name>i2c.obj</name>
      </input_file>
      <input_file id="fl-20">
         <path>.\cc26xxware_2_21_03_15980\driverlib\</path>
         <kind>object</kind>
         <file>i2s.obj</file>
         <name>i2s.obj</name>
      </input_file>
      <input_file id="fl-21">
         <path>.\cc26xxware_2_21_03_15980\driverlib\</path>
         <kind>object</kind>
         <file>interrupt.obj</file>
         <name>interrupt.obj</name>
      </input_file>
      <input_file id="fl-22">
         <path>.\cc26xxware_2_21_03_15980\driverlib\</path>
         <kind>object</kind>
         <file>ioc.obj</file>
         <name>ioc.obj</name>
      </input_file>
      <input_file id="fl-23">
         <path>.\cc26xxware_2_21_03_15980\driverlib\</path>
         <kind>object</kind>
         <file>osc.obj</file>
         <name>osc.obj</name>
      </input_file>
      <input_file id="fl-24">
         <path>.\cc26xxware_2_21_03_15980\driverlib\</path>
         <kind>object</kind>
         <file>prcm.obj</file>
         <name>prcm.obj</name>
      </input_file>
      <input_file id="fl-25">
         <path>.\cc26xxware_2_21_03_15980\driverlib\</path>
         <kind>object</kind>
         <file>pwr_ctrl.obj</file>
         <name>pwr_ctrl.obj</name>
      </input_file>
      <input_file id="fl-26">
         <path>.\cc26xxware_2_21_03_15980\driverlib\</path>
         <kind>object</kind>
         <file>rfc.obj</file>
         <name>rfc.obj</name>
      </input_file>
      <input_file id="fl-27">
         <path>.\cc26xxware_2_21_03_15980\driverlib\</path>
         <kind>object</kind>
         <file>rom_crypto.obj</file>
         <name>rom_crypto.obj</name>
      </input_file>
      <input_file id="fl-28">
         <path>.\cc26xxware_2_21_03_15980\driverlib\</path>
         <kind>object</kind>
         <file>setup.obj</file>
         <name>setup.obj</name>
      </input_file>
      <input_file id="fl-29">
         <path>.\cc26xxware_2_21_03_15980\driverlib\</path>
         <kind>object</kind>
         <file>smph.obj</file>
         <name>smph.obj</name>
      </input_file>
      <input_file id="fl-2a">
         <path>.\cc26xxware_2_21_03_15980\driverlib\</path>
         <kind>object</kind>
         <file>ssi.obj</file>
         <name>ssi.obj</name>
      </input_file>
      <input_file id="fl-2b">
         <path>.\cc26xxware_2_21_03_15980\driverlib\</path>
         <kind>object</kind>
         <file>sys_ctrl.obj</file>
         <name>sys_ctrl.obj</name>
      </input_file>
      <input_file id="fl-2c">
         <path>.\cc26xxware_2_21_03_15980\driverlib\</path>
         <kind>object</kind>
         <file>systick.obj</file>
         <name>systick.obj</name>
      </input_file>
      <input_file id="fl-2d">
         <path>.\cc26xxware_2_21_03_15980\driverlib\</path>
         <kind>object</kind>
         <file>timer.obj</file>
         <name>timer.obj</name>
      </input_file>
      <input_file id="fl-2e">
         <path>.\cc26xxware_2_21_03_15980\driverlib\</path>
         <kind>object</kind>
         <file>trng.obj</file>
         <name>trng.obj</name>
      </input_file>
      <input_file id="fl-2f">
         <path>.\cc26xxware_2_21_03_15980\driverlib\</path>
         <kind>object</kind>
         <file>uart.obj</file>
         <name>uart.obj</name>
      </input_file>
      <input_file id="fl-30">
         <path>.\cc26xxware_2_21_03_15980\driverlib\</path>
         <kind>object</kind>
         <file>udma.obj</file>
         <name>udma.obj</name>
      </input_file>
      <input_file id="fl-31">
         <path>.\cc26xxware_2_21_03_15980\driverlib\</path>
         <kind>object</kind>
         <file>vims.obj</file>
         <name>vims.obj</name>
      </input_file>
      <input_file id="fl-32">
         <path>.\cc26xxware_2_21_03_15980\driverlib\</path>
         <kind>object</kind>
         <file>watchdog.obj</file>
         <name>watchdog.obj</name>
      </input_file>
      <input_file id="fl-15b">
         <path>C:\ti\ccsv6\tools\compiler\ti-cgt-arm_5.2.5\lib\</path>
         <kind>archive</kind>
         <file>rtsv7M3_T_le_eabi.lib</file>
         <name>boot.obj</name>
      </input_file>
      <input_file id="fl-15c">
         <path>C:\ti\ccsv6\tools\compiler\ti-cgt-arm_5.2.5\lib\</path>
         <kind>archive</kind>
         <file>rtsv7M3_T_le_eabi.lib</file>
         <name>copy_decompress_none.obj</name>
      </input_file>
      <input_file id="fl-15d">
         <path>C:\ti\ccsv6\tools\compiler\ti-cgt-arm_5.2.5\lib\</path>
         <kind>archive</kind>
         <file>rtsv7M3_T_le_eabi.lib</file>
         <name>copy_decompress_rle.obj</name>
      </input_file>
      <input_file id="fl-15e">
         <path>C:\ti\ccsv6\tools\compiler\ti-cgt-arm_5.2.5\lib\</path>
         <kind>archive</kind>
         <file>rtsv7M3_T_le_eabi.lib</file>
         <name>copy_zero_init.obj</name>
      </input_file>
      <input_file id="fl-15f">
         <path>C:\ti\ccsv6\tools\compiler\ti-cgt-arm_5.2.5\lib\</path>
         <kind>archive</kind>
         <file>rtsv7M3_T_le_eabi.lib</file>
         <name>exit.obj</name>
      </input_file>
      <input_file id="fl-160">
         <path>C:\ti\ccsv6\tools\compiler\ti-cgt-arm_5.2.5\lib\</path>
         <kind>archive</kind>
         <file>rtsv7M3_T_le_eabi.lib</file>
         <name>memcpy_t2.obj</name>
      </input_file>
      <input_file id="fl-161">
         <path>C:\ti\ccsv6\tools\compiler\ti-cgt-arm_5.2.5\lib\</path>
         <kind>archive</kind>
         <file>rtsv7M3_T_le_eabi.lib</file>
         <name>memset_t2.obj</name>
      </input_file>
      <input_file id="fl-162">
         <path>C:\ti\ccsv6\tools\compiler\ti-cgt-arm_5.2.5\lib\</path>
         <kind>archive</kind>
         <file>rtsv7M3_T_le_eabi.lib</file>
         <name>pre_init.obj</name>
      </input_file>
      <input_file id="fl-163">
         <path>C:\ti\ccsv6\tools\compiler\ti-cgt-arm_5.2.5\lib\</path>
         <kind>archive</kind>
         <file>rtsv7M3_T_le_eabi.lib</file>
         <name>stkdepth_vars.obj</name>
      </input_file>
      <input_file id="fl-164">
         <path>C:\ti\ccsv6\tools\compiler\ti-cgt-arm_5.2.5\lib\</path>
         <kind>archive</kind>
         <file>rtsv7M3_T_le_eabi.lib</file>
         <name>_lock.obj</name>
      </input_file>
      <input_file id="fl-165">
         <path>C:\ti\ccsv6\tools\compiler\ti-cgt-arm_5.2.5\lib\</path>
         <kind>archive</kind>
         <file>rtsv7M3_T_le_eabi.lib</file>
         <name>args_main.obj</name>
      </input_file>
      <input_file id="fl-166">
         <path>C:\ti\ccsv6\tools\compiler\ti-cgt-arm_5.2.5\lib\</path>
         <kind>archive</kind>
         <file>rtsv7M3_T_le_eabi.lib</file>
         <name>autoinit.obj</name>
      </input_file>
      <input_file id="fl-167">
         <path>C:\ti\ccsv6\tools\compiler\ti-cgt-arm_5.2.5\lib\</path>
         <kind>archive</kind>
         <file>rtsv7M3_T_le_eabi.lib</file>
         <name>cpy_tbl.obj</name>
      </input_file>
   </input_file_list>
   <object_component_list>
      <object_component id="oc-17">
         <name>.intvecs</name>
         <load_address>0x0</load_address>
         <run_address>0x0</run_address>
         <size>0xc8</size>
         <input_file_ref idref="fl-8"/>
      </object_component>
      <object_component id="oc-45">
         <name>.text</name>
         <load_address>0xc8</load_address>
         <run_address>0xc8</run_address>
         <size>0x8f8</size>
         <input_file_ref idref="fl-28"/>
      </object_component>
      <object_component id="oc-a7">
         <name>.text</name>
         <load_address>0x9c0</load_address>
         <run_address>0x9c0</run_address>
         <size>0x280</size>
         <input_file_ref idref="fl-23"/>
      </object_component>
      <object_component id="oc-a1">
         <name>.text</name>
         <load_address>0xc40</load_address>
         <run_address>0xc40</run_address>
         <size>0x224</size>
         <input_file_ref idref="fl-18"/>
      </object_component>
      <object_component id="oc-9b">
         <name>.text</name>
         <load_address>0xe64</load_address>
         <run_address>0xe64</run_address>
         <size>0x19c</size>
         <input_file_ref idref="fl-15"/>
      </object_component>
      <object_component id="oc-14e">
         <name>.text</name>
         <load_address>0x1000</load_address>
         <run_address>0x1000</run_address>
         <size>0x19c</size>
         <input_file_ref idref="fl-5"/>
      </object_component>
      <object_component id="oc-36">
         <name>.text</name>
         <load_address>0x119c</load_address>
         <run_address>0x119c</run_address>
         <size>0x184</size>
         <input_file_ref idref="fl-3"/>
      </object_component>
      <object_component id="oc-3c">
         <name>.text</name>
         <load_address>0x1320</load_address>
         <run_address>0x1320</run_address>
         <size>0x118</size>
         <input_file_ref idref="fl-4"/>
      </object_component>
      <object_component id="oc-11d">
         <name>.text</name>
         <load_address>0x1438</load_address>
         <run_address>0x1438</run_address>
         <size>0x108</size>
         <input_file_ref idref="fl-2"/>
      </object_component>
      <object_component id="oc-51">
         <name>.text</name>
         <load_address>0x1540</load_address>
         <run_address>0x1540</run_address>
         <size>0x9c</size>
         <input_file_ref idref="fl-160"/>
      </object_component>
      <object_component id="oc-6a">
         <name>.text</name>
         <load_address>0x15dc</load_address>
         <run_address>0x15dc</run_address>
         <size>0x7a</size>
         <input_file_ref idref="fl-161"/>
      </object_component>
      <object_component id="oc-b4">
         <name>.text</name>
         <load_address>0x1658</load_address>
         <run_address>0x1658</run_address>
         <size>0x6c</size>
         <input_file_ref idref="fl-166"/>
      </object_component>
      <object_component id="oc-5d">
         <name>.text</name>
         <load_address>0x16c4</load_address>
         <run_address>0x16c4</run_address>
         <size>0x6a</size>
         <input_file_ref idref="fl-15d"/>
      </object_component>
      <object_component id="oc-1a">
         <name>.text</name>
         <load_address>0x172e</load_address>
         <run_address>0x172e</run_address>
         <size>0x60</size>
         <input_file_ref idref="fl-8"/>
      </object_component>
      <object_component id="oc-104">
         <name>.text</name>
         <load_address>0x1790</load_address>
         <run_address>0x1790</run_address>
         <size>0x5c</size>
         <input_file_ref idref="fl-d"/>
      </object_component>
      <object_component id="oc-115">
         <name>.text</name>
         <load_address>0x17ec</load_address>
         <run_address>0x17ec</run_address>
         <size>0x4c</size>
         <input_file_ref idref="fl-167"/>
      </object_component>
      <object_component id="oc-10a">
         <name>.text</name>
         <load_address>0x1838</load_address>
         <run_address>0x1838</run_address>
         <size>0x44</size>
         <input_file_ref idref="fl-a"/>
      </object_component>
      <object_component id="oc-c0">
         <name>.text</name>
         <load_address>0x187c</load_address>
         <run_address>0x187c</run_address>
         <size>0x44</size>
         <input_file_ref idref="fl-15f"/>
      </object_component>
      <object_component id="oc-4b">
         <name>.text</name>
         <load_address>0x18c0</load_address>
         <run_address>0x18c0</run_address>
         <size>0x3c</size>
         <input_file_ref idref="fl-15b"/>
      </object_component>
      <object_component id="oc-95">
         <name>.text</name>
         <load_address>0x18fc</load_address>
         <run_address>0x18fc</run_address>
         <size>0x2c</size>
         <input_file_ref idref="fl-16"/>
      </object_component>
      <object_component id="oc-ba">
         <name>.text</name>
         <load_address>0x1928</load_address>
         <run_address>0x1928</run_address>
         <size>0x18</size>
         <input_file_ref idref="fl-165"/>
      </object_component>
      <object_component id="oc-15c">
         <name>.text</name>
         <load_address>0x1940</load_address>
         <run_address>0x1940</run_address>
         <size>0x14</size>
         <input_file_ref idref="fl-164"/>
      </object_component>
      <object_component id="oc-20">
         <name>.text:decompress:none</name>
         <load_address>0x1954</load_address>
         <run_address>0x1954</run_address>
         <size>0xe</size>
         <input_file_ref idref="fl-15c"/>
      </object_component>
      <object_component id="oc-2c">
         <name>.text:decompress:ZI</name>
         <load_address>0x1962</load_address>
         <run_address>0x1962</run_address>
         <size>0xc</size>
         <input_file_ref idref="fl-15e"/>
      </object_component>
      <object_component id="oc-26">
         <name>.text:decompress:rle24</name>
         <load_address>0x196e</load_address>
         <run_address>0x196e</run_address>
         <size>0x6</size>
         <input_file_ref idref="fl-15d"/>
      </object_component>
      <object_component id="oc-ae">
         <name>.text</name>
         <load_address>0x1974</load_address>
         <run_address>0x1974</run_address>
         <size>0x4</size>
         <input_file_ref idref="fl-162"/>
      </object_component>
      <object_component id="oc-79">
         <name>.const:patchImage</name>
         <load_address>0x1978</load_address>
         <run_address>0x1978</run_address>
         <size>0x68</size>
         <input_file_ref idref="fl-3"/>
      </object_component>
      <object_component id="oc-1a3">
         <name>.cinit..data.load</name>
         <load_address>0x19e8</load_address>
         <run_address>0x19e8</run_address>
         <size>0x98</size>
      </object_component>
      <object_component id="oc-1a1">
         <name>__TI_handler_table</name>
         <load_address>0x1a80</load_address>
         <run_address>0x1a80</run_address>
         <size>0xc</size>
      </object_component>
      <object_component id="oc-1a4">
         <name>.cinit..bss.load</name>
         <load_address>0x1a90</load_address>
         <run_address>0x1a90</run_address>
         <size>0x8</size>
      </object_component>
      <object_component id="oc-1a2">
         <name>__TI_cinit_table</name>
         <load_address>0x1a98</load_address>
         <run_address>0x1a98</run_address>
         <size>0x10</size>
      </object_component>
      <object_component id="oc-32">
         <name>.ccfg:retain</name>
         <load_address>0x1ffa8</load_address>
         <run_address>0x1ffa8</run_address>
         <size>0x58</size>
         <input_file_ref idref="fl-7"/>
      </object_component>
      <object_component id="oc-35">
         <name>.stack</name>
         <uninitialized>true</uninitialized>
         <run_address>0x20004f00</run_address>
         <size>0x0</size>
         <input_file_ref idref="fl-15b"/>
      </object_component>
      <object_component id="oc-1a5">
         <name>.stack</name>
         <uninitialized>true</uninitialized>
         <run_address>0x20004f00</run_address>
         <size>0x0</size>
      </object_component>
      <object_component id="oc-7c">
         <name>.common:devAddress</name>
         <uninitialized>true</uninitialized>
         <run_address>0x200000f0</run_address>
         <size>0x8</size>
      </object_component>
      <object_component id="oc-110">
         <name>.common:oscHfGlobals</name>
         <uninitialized>true</uninitialized>
         <run_address>0x200000d8</run_address>
         <size>0x14</size>
      </object_component>
      <object_component id="oc-7f">
         <name>.data</name>
         <load_address>0x20000000</load_address>
         <run_address>0x20000000</run_address>
         <size>0x94</size>
         <input_file_ref idref="fl-3"/>
      </object_component>
      <object_component id="oc-ed">
         <name>.data:bleDifferentialOverrides</name>
         <load_address>0x20000094</load_address>
         <run_address>0x20000094</run_address>
         <size>0x30</size>
         <input_file_ref idref="fl-3"/>
      </object_component>
      <object_component id="oc-128">
         <name>.data</name>
         <load_address>0x200000cc</load_address>
         <run_address>0x200000cc</run_address>
         <size>0x8</size>
         <input_file_ref idref="fl-15f"/>
      </object_component>
      <object_component id="oc-c6">
         <name>.data</name>
         <load_address>0x200000d4</load_address>
         <run_address>0x200000d4</run_address>
         <size>0x4</size>
         <input_file_ref idref="fl-163"/>
      </object_component>
      <object_component id="oc-125">
         <name>.data</name>
         <load_address>0x200000c4</load_address>
         <run_address>0x200000c4</run_address>
         <size>0x8</size>
         <input_file_ref idref="fl-164"/>
      </object_component>
      <object_component id="oc-11e">
         <name>.debug_info</name>
         <load_address>0x0</load_address>
         <run_address>0x0</run_address>
         <size>0x8b4</size>
         <input_file_ref idref="fl-2"/>
      </object_component>
      <object_component id="oc-88">
         <name>.debug_info</name>
         <load_address>0x8b4</load_address>
         <run_address>0x8b4</run_address>
         <size>0x8b</size>
         <input_file_ref idref="fl-2"/>
      </object_component>
      <object_component id="oc-83">
         <name>.debug_info</name>
         <load_address>0x93f</load_address>
         <run_address>0x93f</run_address>
         <size>0x18b</size>
         <input_file_ref idref="fl-2"/>
      </object_component>
      <object_component id="oc-7d">
         <name>.debug_info</name>
         <load_address>0xaca</load_address>
         <run_address>0xaca</run_address>
         <size>0x22c</size>
         <input_file_ref idref="fl-3"/>
      </object_component>
      <object_component id="oc-7a">
         <name>.debug_info</name>
         <load_address>0xcf6</load_address>
         <run_address>0xcf6</run_address>
         <size>0xe6</size>
         <input_file_ref idref="fl-3"/>
      </object_component>
      <object_component id="oc-80">
         <name>.debug_info</name>
         <load_address>0xddc</load_address>
         <run_address>0xddc</run_address>
         <size>0x1d4</size>
         <input_file_ref idref="fl-3"/>
      </object_component>
      <object_component id="oc-ee">
         <name>.debug_info</name>
         <load_address>0xfb0</load_address>
         <run_address>0xfb0</run_address>
         <size>0x103</size>
         <input_file_ref idref="fl-3"/>
      </object_component>
      <object_component id="oc-37">
         <name>.debug_info</name>
         <load_address>0x10b3</load_address>
         <run_address>0x10b3</run_address>
         <size>0x885</size>
         <input_file_ref idref="fl-3"/>
      </object_component>
      <object_component id="oc-e8">
         <name>.debug_info</name>
         <load_address>0x1938</load_address>
         <run_address>0x1938</run_address>
         <size>0x6b</size>
         <input_file_ref idref="fl-3"/>
      </object_component>
      <object_component id="oc-f2">
         <name>.debug_info</name>
         <load_address>0x19a3</load_address>
         <run_address>0x19a3</run_address>
         <size>0x2f7c</size>
         <input_file_ref idref="fl-3"/>
      </object_component>
      <object_component id="oc-f7">
         <name>.debug_info</name>
         <load_address>0x491f</load_address>
         <run_address>0x491f</run_address>
         <size>0x3ce0</size>
         <input_file_ref idref="fl-3"/>
      </object_component>
      <object_component id="oc-d5">
         <name>.debug_info</name>
         <load_address>0x85ff</load_address>
         <run_address>0x85ff</run_address>
         <size>0x2c</size>
         <input_file_ref idref="fl-3"/>
      </object_component>
      <object_component id="oc-3d">
         <name>.debug_info</name>
         <load_address>0x862b</load_address>
         <run_address>0x862b</run_address>
         <size>0xa86</size>
         <input_file_ref idref="fl-4"/>
      </object_component>
      <object_component id="oc-90">
         <name>.debug_info</name>
         <load_address>0x90b1</load_address>
         <run_address>0x90b1</run_address>
         <size>0x84</size>
         <input_file_ref idref="fl-4"/>
      </object_component>
      <object_component id="oc-14f">
         <name>.debug_info</name>
         <load_address>0x9135</load_address>
         <run_address>0x9135</run_address>
         <size>0xaec</size>
         <input_file_ref idref="fl-5"/>
      </object_component>
      <object_component id="oc-78">
         <name>.debug_info</name>
         <load_address>0x9c21</load_address>
         <run_address>0x9c21</run_address>
         <size>0x10b</size>
         <input_file_ref idref="fl-7"/>
      </object_component>
      <object_component id="oc-33">
         <name>.debug_info</name>
         <load_address>0x9d2c</load_address>
         <run_address>0x9d2c</run_address>
         <size>0x106</size>
         <input_file_ref idref="fl-7"/>
      </object_component>
      <object_component id="oc-df">
         <name>.debug_info</name>
         <load_address>0x9e32</load_address>
         <run_address>0x9e32</run_address>
         <size>0x1ee</size>
         <input_file_ref idref="fl-7"/>
      </object_component>
      <object_component id="oc-44">
         <name>.debug_info</name>
         <load_address>0xa020</load_address>
         <run_address>0xa020</run_address>
         <size>0x1e2</size>
         <input_file_ref idref="fl-8"/>
      </object_component>
      <object_component id="oc-18">
         <name>.debug_info</name>
         <load_address>0xa202</load_address>
         <run_address>0xa202</run_address>
         <size>0x118</size>
         <input_file_ref idref="fl-8"/>
      </object_component>
      <object_component id="oc-1b">
         <name>.debug_info</name>
         <load_address>0xa31a</load_address>
         <run_address>0xa31a</run_address>
         <size>0x1bb8</size>
         <input_file_ref idref="fl-8"/>
      </object_component>
      <object_component id="oc-10b">
         <name>.debug_info</name>
         <load_address>0xbed2</load_address>
         <run_address>0xbed2</run_address>
         <size>0x217</size>
         <input_file_ref idref="fl-a"/>
      </object_component>
      <object_component id="oc-16a">
         <name>.debug_info</name>
         <load_address>0xc0e9</load_address>
         <run_address>0xc0e9</run_address>
         <size>0x1bc</size>
         <input_file_ref idref="fl-d"/>
      </object_component>
      <object_component id="oc-105">
         <name>.debug_info</name>
         <load_address>0xc2a5</load_address>
         <run_address>0xc2a5</run_address>
         <size>0x341</size>
         <input_file_ref idref="fl-d"/>
      </object_component>
      <object_component id="oc-133">
         <name>.debug_info</name>
         <load_address>0xc5e6</load_address>
         <run_address>0xc5e6</run_address>
         <size>0x5e</size>
         <input_file_ref idref="fl-d"/>
      </object_component>
      <object_component id="oc-9c">
         <name>.debug_info</name>
         <load_address>0xc644</load_address>
         <run_address>0xc644</run_address>
         <size>0xb44</size>
         <input_file_ref idref="fl-15"/>
      </object_component>
      <object_component id="oc-fe">
         <name>.debug_info</name>
         <load_address>0xd188</load_address>
         <run_address>0xd188</run_address>
         <size>0x125</size>
         <input_file_ref idref="fl-15"/>
      </object_component>
      <object_component id="oc-96">
         <name>.debug_info</name>
         <load_address>0xd2ad</load_address>
         <run_address>0xd2ad</run_address>
         <size>0x359</size>
         <input_file_ref idref="fl-16"/>
      </object_component>
      <object_component id="oc-a2">
         <name>.debug_info</name>
         <load_address>0xd606</load_address>
         <run_address>0xd606</run_address>
         <size>0xb83</size>
         <input_file_ref idref="fl-18"/>
      </object_component>
      <object_component id="oc-111">
         <name>.debug_info</name>
         <load_address>0xe189</load_address>
         <run_address>0xe189</run_address>
         <size>0x310</size>
         <input_file_ref idref="fl-23"/>
      </object_component>
      <object_component id="oc-a8">
         <name>.debug_info</name>
         <load_address>0xe499</load_address>
         <run_address>0xe499</run_address>
         <size>0xf13</size>
         <input_file_ref idref="fl-23"/>
      </object_component>
      <object_component id="oc-13b">
         <name>.debug_info</name>
         <load_address>0xf3ac</load_address>
         <run_address>0xf3ac</run_address>
         <size>0xa8</size>
         <input_file_ref idref="fl-23"/>
      </object_component>
      <object_component id="oc-46">
         <name>.debug_info</name>
         <load_address>0xf454</load_address>
         <run_address>0xf454</run_address>
         <size>0x2426</size>
         <input_file_ref idref="fl-28"/>
      </object_component>
      <object_component id="oc-4c">
         <name>.debug_info</name>
         <load_address>0x1187a</load_address>
         <run_address>0x1187a</run_address>
         <size>0x134</size>
         <input_file_ref idref="fl-15b"/>
      </object_component>
      <object_component id="oc-5c">
         <name>.debug_info</name>
         <load_address>0x119ae</load_address>
         <run_address>0x119ae</run_address>
         <size>0x121</size>
         <input_file_ref idref="fl-15c"/>
      </object_component>
      <object_component id="oc-23">
         <name>.debug_info</name>
         <load_address>0x11acf</load_address>
         <run_address>0x11acf</run_address>
         <size>0x1c0</size>
         <input_file_ref idref="fl-15c"/>
      </object_component>
      <object_component id="oc-57">
         <name>.debug_info</name>
         <load_address>0x11c8f</load_address>
         <run_address>0x11c8f</run_address>
         <size>0x46</size>
         <input_file_ref idref="fl-15c"/>
      </object_component>
      <object_component id="oc-cb">
         <name>.debug_info</name>
         <load_address>0x11cd5</load_address>
         <run_address>0x11cd5</run_address>
         <size>0x2c</size>
         <input_file_ref idref="fl-15c"/>
      </object_component>
      <object_component id="oc-64">
         <name>.debug_info</name>
         <load_address>0x11d01</load_address>
         <run_address>0x11d01</run_address>
         <size>0x115</size>
         <input_file_ref idref="fl-15d"/>
      </object_component>
      <object_component id="oc-60">
         <name>.debug_info</name>
         <load_address>0x11e16</load_address>
         <run_address>0x11e16</run_address>
         <size>0x228</size>
         <input_file_ref idref="fl-15d"/>
      </object_component>
      <object_component id="oc-29">
         <name>.debug_info</name>
         <load_address>0x1203e</load_address>
         <run_address>0x1203e</run_address>
         <size>0x192</size>
         <input_file_ref idref="fl-15d"/>
      </object_component>
      <object_component id="oc-65">
         <name>.debug_info</name>
         <load_address>0x121d0</load_address>
         <run_address>0x121d0</run_address>
         <size>0x39</size>
         <input_file_ref idref="fl-15d"/>
      </object_component>
      <object_component id="oc-75">
         <name>.debug_info</name>
         <load_address>0x12209</load_address>
         <run_address>0x12209</run_address>
         <size>0x110</size>
         <input_file_ref idref="fl-15e"/>
      </object_component>
      <object_component id="oc-2f">
         <name>.debug_info</name>
         <load_address>0x12319</load_address>
         <run_address>0x12319</run_address>
         <size>0x18b</size>
         <input_file_ref idref="fl-15e"/>
      </object_component>
      <object_component id="oc-70">
         <name>.debug_info</name>
         <load_address>0x124a4</load_address>
         <run_address>0x124a4</run_address>
         <size>0x46</size>
         <input_file_ref idref="fl-15e"/>
      </object_component>
      <object_component id="oc-12c">
         <name>.debug_info</name>
         <load_address>0x124ea</load_address>
         <run_address>0x124ea</run_address>
         <size>0x172</size>
         <input_file_ref idref="fl-15f"/>
      </object_component>
      <object_component id="oc-129">
         <name>.debug_info</name>
         <load_address>0x1265c</load_address>
         <run_address>0x1265c</run_address>
         <size>0x117</size>
         <input_file_ref idref="fl-15f"/>
      </object_component>
      <object_component id="oc-c3">
         <name>.debug_info</name>
         <load_address>0x12773</load_address>
         <run_address>0x12773</run_address>
         <size>0x1ee</size>
         <input_file_ref idref="fl-15f"/>
      </object_component>
      <object_component id="oc-53">
         <name>.debug_info</name>
         <load_address>0x12961</load_address>
         <run_address>0x12961</run_address>
         <size>0xf6</size>
         <input_file_ref idref="fl-160"/>
      </object_component>
      <object_component id="oc-6b">
         <name>.debug_info</name>
         <load_address>0x12a57</load_address>
         <run_address>0x12a57</run_address>
         <size>0x124</size>
         <input_file_ref idref="fl-161"/>
      </object_component>
      <object_component id="oc-af">
         <name>.debug_info</name>
         <load_address>0x12b7b</load_address>
         <run_address>0x12b7b</run_address>
         <size>0x129</size>
         <input_file_ref idref="fl-162"/>
      </object_component>
      <object_component id="oc-c7">
         <name>.debug_info</name>
         <load_address>0x12ca4</load_address>
         <run_address>0x12ca4</run_address>
         <size>0xea</size>
         <input_file_ref idref="fl-163"/>
      </object_component>
      <object_component id="oc-164">
         <name>.debug_info</name>
         <load_address>0x12d8e</load_address>
         <run_address>0x12d8e</run_address>
         <size>0x105</size>
         <input_file_ref idref="fl-164"/>
      </object_component>
      <object_component id="oc-126">
         <name>.debug_info</name>
         <load_address>0x12e93</load_address>
         <run_address>0x12e93</run_address>
         <size>0xf4</size>
         <input_file_ref idref="fl-164"/>
      </object_component>
      <object_component id="oc-15f">
         <name>.debug_info</name>
         <load_address>0x12f87</load_address>
         <run_address>0x12f87</run_address>
         <size>0x200</size>
         <input_file_ref idref="fl-164"/>
      </object_component>
      <object_component id="oc-124">
         <name>.debug_info</name>
         <load_address>0x13187</load_address>
         <run_address>0x13187</run_address>
         <size>0x147</size>
         <input_file_ref idref="fl-165"/>
      </object_component>
      <object_component id="oc-bd">
         <name>.debug_info</name>
         <load_address>0x132ce</load_address>
         <run_address>0x132ce</run_address>
         <size>0x148</size>
         <input_file_ref idref="fl-165"/>
      </object_component>
      <object_component id="oc-157">
         <name>.debug_info</name>
         <load_address>0x13416</load_address>
         <run_address>0x13416</run_address>
         <size>0x5e</size>
         <input_file_ref idref="fl-165"/>
      </object_component>
      <object_component id="oc-11c">
         <name>.debug_info</name>
         <load_address>0x13474</load_address>
         <run_address>0x13474</run_address>
         <size>0x29e</size>
         <input_file_ref idref="fl-166"/>
      </object_component>
      <object_component id="oc-b6">
         <name>.debug_info</name>
         <load_address>0x13712</load_address>
         <run_address>0x13712</run_address>
         <size>0x192</size>
         <input_file_ref idref="fl-166"/>
      </object_component>
      <object_component id="oc-144">
         <name>.debug_info</name>
         <load_address>0x138a4</load_address>
         <run_address>0x138a4</run_address>
         <size>0x39</size>
         <input_file_ref idref="fl-166"/>
      </object_component>
      <object_component id="oc-149">
         <name>.debug_info</name>
         <load_address>0x138dd</load_address>
         <run_address>0x138dd</run_address>
         <size>0xcd</size>
         <input_file_ref idref="fl-166"/>
      </object_component>
      <object_component id="oc-141">
         <name>.debug_info</name>
         <load_address>0x139aa</load_address>
         <run_address>0x139aa</run_address>
         <size>0x1c1</size>
         <input_file_ref idref="fl-167"/>
      </object_component>
      <object_component id="oc-117">
         <name>.debug_info</name>
         <load_address>0x13b6b</load_address>
         <run_address>0x13b6b</run_address>
         <size>0x164</size>
         <input_file_ref idref="fl-167"/>
      </object_component>
      <object_component id="oc-16d">
         <name>.debug_info</name>
         <load_address>0x13ccf</load_address>
         <run_address>0x13ccf</run_address>
         <size>0x2c</size>
         <input_file_ref idref="fl-167"/>
      </object_component>
      <object_component id="oc-1a8">
         <name>.debug_info</name>
         <load_address>0x13cfb</load_address>
         <run_address>0x13cfb</run_address>
         <size>0xb8</size>
      </object_component>
      <object_component id="oc-121">
         <name>.debug_line</name>
         <load_address>0x0</load_address>
         <run_address>0x0</run_address>
         <size>0x23c</size>
         <input_file_ref idref="fl-2"/>
      </object_component>
      <object_component id="oc-8b">
         <name>.debug_line</name>
         <load_address>0x23c</load_address>
         <run_address>0x23c</run_address>
         <size>0x20</size>
         <input_file_ref idref="fl-2"/>
      </object_component>
      <object_component id="oc-86">
         <name>.debug_line</name>
         <load_address>0x25c</load_address>
         <run_address>0x25c</run_address>
         <size>0x60</size>
         <input_file_ref idref="fl-2"/>
      </object_component>
      <object_component id="oc-e7">
         <name>.debug_line</name>
         <load_address>0x2bc</load_address>
         <run_address>0x2bc</run_address>
         <size>0x6e</size>
         <input_file_ref idref="fl-3"/>
      </object_component>
      <object_component id="oc-e5">
         <name>.debug_line</name>
         <load_address>0x32a</load_address>
         <run_address>0x32a</run_address>
         <size>0x4c</size>
         <input_file_ref idref="fl-3"/>
      </object_component>
      <object_component id="oc-f1">
         <name>.debug_line</name>
         <load_address>0x376</load_address>
         <run_address>0x376</run_address>
         <size>0x2e</size>
         <input_file_ref idref="fl-3"/>
      </object_component>
      <object_component id="oc-131">
         <name>.debug_line</name>
         <load_address>0x3a4</load_address>
         <run_address>0x3a4</run_address>
         <size>0x2e</size>
         <input_file_ref idref="fl-3"/>
      </object_component>
      <object_component id="oc-3a">
         <name>.debug_line</name>
         <load_address>0x3d2</load_address>
         <run_address>0x3d2</run_address>
         <size>0x23d</size>
         <input_file_ref idref="fl-3"/>
      </object_component>
      <object_component id="oc-eb">
         <name>.debug_line</name>
         <load_address>0x60f</load_address>
         <run_address>0x60f</run_address>
         <size>0x44</size>
         <input_file_ref idref="fl-3"/>
      </object_component>
      <object_component id="oc-f5">
         <name>.debug_line</name>
         <load_address>0x653</load_address>
         <run_address>0x653</run_address>
         <size>0x44</size>
         <input_file_ref idref="fl-3"/>
      </object_component>
      <object_component id="oc-fa">
         <name>.debug_line</name>
         <load_address>0x697</load_address>
         <run_address>0x697</run_address>
         <size>0x47</size>
         <input_file_ref idref="fl-3"/>
      </object_component>
      <object_component id="oc-d8">
         <name>.debug_line</name>
         <load_address>0x6de</load_address>
         <run_address>0x6de</run_address>
         <size>0x60</size>
         <input_file_ref idref="fl-3"/>
      </object_component>
      <object_component id="oc-40">
         <name>.debug_line</name>
         <load_address>0x73e</load_address>
         <run_address>0x73e</run_address>
         <size>0x19b</size>
         <input_file_ref idref="fl-4"/>
      </object_component>
      <object_component id="oc-93">
         <name>.debug_line</name>
         <load_address>0x8d9</load_address>
         <run_address>0x8d9</run_address>
         <size>0x20</size>
         <input_file_ref idref="fl-4"/>
      </object_component>
      <object_component id="oc-152">
         <name>.debug_line</name>
         <load_address>0x8f9</load_address>
         <run_address>0x8f9</run_address>
         <size>0x2fc</size>
         <input_file_ref idref="fl-5"/>
      </object_component>
      <object_component id="oc-de">
         <name>.debug_line</name>
         <load_address>0xbf5</load_address>
         <run_address>0xbf5</run_address>
         <size>0x20</size>
         <input_file_ref idref="fl-7"/>
      </object_component>
      <object_component id="oc-77">
         <name>.debug_line</name>
         <load_address>0xc15</load_address>
         <run_address>0xc15</run_address>
         <size>0x54</size>
         <input_file_ref idref="fl-7"/>
      </object_component>
      <object_component id="oc-e2">
         <name>.debug_line</name>
         <load_address>0xc69</load_address>
         <run_address>0xc69</run_address>
         <size>0x9d</size>
         <input_file_ref idref="fl-7"/>
      </object_component>
      <object_component id="oc-8f">
         <name>.debug_line</name>
         <load_address>0xd06</load_address>
         <run_address>0xd06</run_address>
         <size>0x5b</size>
         <input_file_ref idref="fl-8"/>
      </object_component>
      <object_component id="oc-43">
         <name>.debug_line</name>
         <load_address>0xd61</load_address>
         <run_address>0xd61</run_address>
         <size>0x5b</size>
         <input_file_ref idref="fl-8"/>
      </object_component>
      <object_component id="oc-1e">
         <name>.debug_line</name>
         <load_address>0xdbc</load_address>
         <run_address>0xdbc</run_address>
         <size>0x435</size>
         <input_file_ref idref="fl-8"/>
      </object_component>
      <object_component id="oc-10e">
         <name>.debug_line</name>
         <load_address>0x11f1</load_address>
         <run_address>0x11f1</run_address>
         <size>0x70</size>
         <input_file_ref idref="fl-a"/>
      </object_component>
      <object_component id="oc-177">
         <name>.debug_line</name>
         <load_address>0x1261</load_address>
         <run_address>0x1261</run_address>
         <size>0x20</size>
         <input_file_ref idref="fl-d"/>
      </object_component>
      <object_component id="oc-108">
         <name>.debug_line</name>
         <load_address>0x1281</load_address>
         <run_address>0x1281</run_address>
         <size>0x95</size>
         <input_file_ref idref="fl-d"/>
      </object_component>
      <object_component id="oc-136">
         <name>.debug_line</name>
         <load_address>0x1316</load_address>
         <run_address>0x1316</run_address>
         <size>0x53</size>
         <input_file_ref idref="fl-d"/>
      </object_component>
      <object_component id="oc-9f">
         <name>.debug_line</name>
         <load_address>0x1369</load_address>
         <run_address>0x1369</run_address>
         <size>0x22b</size>
         <input_file_ref idref="fl-15"/>
      </object_component>
      <object_component id="oc-101">
         <name>.debug_line</name>
         <load_address>0x1594</load_address>
         <run_address>0x1594</run_address>
         <size>0x96</size>
         <input_file_ref idref="fl-15"/>
      </object_component>
      <object_component id="oc-99">
         <name>.debug_line</name>
         <load_address>0x162a</load_address>
         <run_address>0x162a</run_address>
         <size>0xbc</size>
         <input_file_ref idref="fl-16"/>
      </object_component>
      <object_component id="oc-a5">
         <name>.debug_line</name>
         <load_address>0x16e6</load_address>
         <run_address>0x16e6</run_address>
         <size>0x1dd</size>
         <input_file_ref idref="fl-18"/>
      </object_component>
      <object_component id="oc-13a">
         <name>.debug_line</name>
         <load_address>0x18c3</load_address>
         <run_address>0x18c3</run_address>
         <size>0x1ad</size>
         <input_file_ref idref="fl-23"/>
      </object_component>
      <object_component id="oc-ab">
         <name>.debug_line</name>
         <load_address>0x1a70</load_address>
         <run_address>0x1a70</run_address>
         <size>0x2e1</size>
         <input_file_ref idref="fl-23"/>
      </object_component>
      <object_component id="oc-13e">
         <name>.debug_line</name>
         <load_address>0x1d51</load_address>
         <run_address>0x1d51</run_address>
         <size>0x4f</size>
         <input_file_ref idref="fl-23"/>
      </object_component>
      <object_component id="oc-49">
         <name>.debug_line</name>
         <load_address>0x1da0</load_address>
         <run_address>0x1da0</run_address>
         <size>0x644</size>
         <input_file_ref idref="fl-28"/>
      </object_component>
      <object_component id="oc-4f">
         <name>.debug_line</name>
         <load_address>0x23e4</load_address>
         <run_address>0x23e4</run_address>
         <size>0x4c</size>
         <input_file_ref idref="fl-15b"/>
      </object_component>
      <object_component id="oc-d1">
         <name>.debug_line</name>
         <load_address>0x2430</load_address>
         <run_address>0x2430</run_address>
         <size>0x80</size>
         <input_file_ref idref="fl-15c"/>
      </object_component>
      <object_component id="oc-21">
         <name>.debug_line</name>
         <load_address>0x24b0</load_address>
         <run_address>0x24b0</run_address>
         <size>0x55</size>
         <input_file_ref idref="fl-15c"/>
      </object_component>
      <object_component id="oc-5a">
         <name>.debug_line</name>
         <load_address>0x2505</load_address>
         <run_address>0x2505</run_address>
         <size>0x3a</size>
         <input_file_ref idref="fl-15c"/>
      </object_component>
      <object_component id="oc-ce">
         <name>.debug_line</name>
         <load_address>0x253f</load_address>
         <run_address>0x253f</run_address>
         <size>0x80</size>
         <input_file_ref idref="fl-15c"/>
      </object_component>
      <object_component id="oc-d4">
         <name>.debug_line</name>
         <load_address>0x25bf</load_address>
         <run_address>0x25bf</run_address>
         <size>0x80</size>
         <input_file_ref idref="fl-15d"/>
      </object_component>
      <object_component id="oc-5f">
         <name>.debug_line</name>
         <load_address>0x263f</load_address>
         <run_address>0x263f</run_address>
         <size>0x98</size>
         <input_file_ref idref="fl-15d"/>
      </object_component>
      <object_component id="oc-2b">
         <name>.debug_line</name>
         <load_address>0x26d7</load_address>
         <run_address>0x26d7</run_address>
         <size>0x4b</size>
         <input_file_ref idref="fl-15d"/>
      </object_component>
      <object_component id="oc-68">
         <name>.debug_line</name>
         <load_address>0x2722</load_address>
         <run_address>0x2722</run_address>
         <size>0x39</size>
         <input_file_ref idref="fl-15d"/>
      </object_component>
      <object_component id="oc-dc">
         <name>.debug_line</name>
         <load_address>0x275b</load_address>
         <run_address>0x275b</run_address>
         <size>0x80</size>
         <input_file_ref idref="fl-15e"/>
      </object_component>
      <object_component id="oc-2e">
         <name>.debug_line</name>
         <load_address>0x27db</load_address>
         <run_address>0x27db</run_address>
         <size>0x4f</size>
         <input_file_ref idref="fl-15e"/>
      </object_component>
      <object_component id="oc-73">
         <name>.debug_line</name>
         <load_address>0x282a</load_address>
         <run_address>0x282a</run_address>
         <size>0x34</size>
         <input_file_ref idref="fl-15e"/>
      </object_component>
      <object_component id="oc-169">
         <name>.debug_line</name>
         <load_address>0x285e</load_address>
         <run_address>0x285e</run_address>
         <size>0x7f</size>
         <input_file_ref idref="fl-15f"/>
      </object_component>
      <object_component id="oc-167">
         <name>.debug_line</name>
         <load_address>0x28dd</load_address>
         <run_address>0x28dd</run_address>
         <size>0x2a</size>
         <input_file_ref idref="fl-15f"/>
      </object_component>
      <object_component id="oc-c1">
         <name>.debug_line</name>
         <load_address>0x2907</load_address>
         <run_address>0x2907</run_address>
         <size>0x7a</size>
         <input_file_ref idref="fl-15f"/>
      </object_component>
      <object_component id="oc-52">
         <name>.debug_line</name>
         <load_address>0x2981</load_address>
         <run_address>0x2981</run_address>
         <size>0x88</size>
         <input_file_ref idref="fl-160"/>
      </object_component>
      <object_component id="oc-6e">
         <name>.debug_line</name>
         <load_address>0x2a09</load_address>
         <run_address>0x2a09</run_address>
         <size>0x79</size>
         <input_file_ref idref="fl-161"/>
      </object_component>
      <object_component id="oc-b2">
         <name>.debug_line</name>
         <load_address>0x2a82</load_address>
         <run_address>0x2a82</run_address>
         <size>0x40</size>
         <input_file_ref idref="fl-162"/>
      </object_component>
      <object_component id="oc-12f">
         <name>.debug_line</name>
         <load_address>0x2ac2</load_address>
         <run_address>0x2ac2</run_address>
         <size>0x33</size>
         <input_file_ref idref="fl-163"/>
      </object_component>
      <object_component id="oc-175">
         <name>.debug_line</name>
         <load_address>0x2af5</load_address>
         <run_address>0x2af5</run_address>
         <size>0x20</size>
         <input_file_ref idref="fl-164"/>
      </object_component>
      <object_component id="oc-163">
         <name>.debug_line</name>
         <load_address>0x2b15</load_address>
         <run_address>0x2b15</run_address>
         <size>0x2b</size>
         <input_file_ref idref="fl-164"/>
      </object_component>
      <object_component id="oc-161">
         <name>.debug_line</name>
         <load_address>0x2b40</load_address>
         <run_address>0x2b40</run_address>
         <size>0x68</size>
         <input_file_ref idref="fl-164"/>
      </object_component>
      <object_component id="oc-156">
         <name>.debug_line</name>
         <load_address>0x2ba8</load_address>
         <run_address>0x2ba8</run_address>
         <size>0x2b</size>
         <input_file_ref idref="fl-165"/>
      </object_component>
      <object_component id="oc-bf">
         <name>.debug_line</name>
         <load_address>0x2bd3</load_address>
         <run_address>0x2bd3</run_address>
         <size>0x50</size>
         <input_file_ref idref="fl-165"/>
      </object_component>
      <object_component id="oc-15a">
         <name>.debug_line</name>
         <load_address>0x2c23</load_address>
         <run_address>0x2c23</run_address>
         <size>0x2b</size>
         <input_file_ref idref="fl-165"/>
      </object_component>
      <object_component id="oc-143">
         <name>.debug_line</name>
         <load_address>0x2c4e</load_address>
         <run_address>0x2c4e</run_address>
         <size>0x8f</size>
         <input_file_ref idref="fl-166"/>
      </object_component>
      <object_component id="oc-b9">
         <name>.debug_line</name>
         <load_address>0x2cdd</load_address>
         <run_address>0x2cdd</run_address>
         <size>0x7a</size>
         <input_file_ref idref="fl-166"/>
      </object_component>
      <object_component id="oc-147">
         <name>.debug_line</name>
         <load_address>0x2d57</load_address>
         <run_address>0x2d57</run_address>
         <size>0x2e</size>
         <input_file_ref idref="fl-166"/>
      </object_component>
      <object_component id="oc-14c">
         <name>.debug_line</name>
         <load_address>0x2d85</load_address>
         <run_address>0x2d85</run_address>
         <size>0x81</size>
         <input_file_ref idref="fl-166"/>
      </object_component>
      <object_component id="oc-16c">
         <name>.debug_line</name>
         <load_address>0x2e06</load_address>
         <run_address>0x2e06</run_address>
         <size>0x8e</size>
         <input_file_ref idref="fl-167"/>
      </object_component>
      <object_component id="oc-11a">
         <name>.debug_line</name>
         <load_address>0x2e94</load_address>
         <run_address>0x2e94</run_address>
         <size>0x68</size>
         <input_file_ref idref="fl-167"/>
      </object_component>
      <object_component id="oc-170">
         <name>.debug_line</name>
         <load_address>0x2efc</load_address>
         <run_address>0x2efc</run_address>
         <size>0x2e</size>
         <input_file_ref idref="fl-167"/>
      </object_component>
      <object_component id="oc-122">
         <name>.debug_frame</name>
         <load_address>0x0</load_address>
         <run_address>0x0</run_address>
         <size>0x81</size>
         <input_file_ref idref="fl-2"/>
      </object_component>
      <object_component id="oc-3b">
         <name>.debug_frame</name>
         <load_address>0x81</load_address>
         <run_address>0x81</run_address>
         <size>0x184</size>
         <input_file_ref idref="fl-3"/>
      </object_component>
      <object_component id="oc-41">
         <name>.debug_frame</name>
         <load_address>0x205</load_address>
         <run_address>0x205</run_address>
         <size>0xdb</size>
         <input_file_ref idref="fl-4"/>
      </object_component>
      <object_component id="oc-153">
         <name>.debug_frame</name>
         <load_address>0x2e0</load_address>
         <run_address>0x2e0</run_address>
         <size>0x214</size>
         <input_file_ref idref="fl-5"/>
      </object_component>
      <object_component id="oc-1f">
         <name>.debug_frame</name>
         <load_address>0x4f4</load_address>
         <run_address>0x4f4</run_address>
         <size>0x2ee</size>
         <input_file_ref idref="fl-8"/>
      </object_component>
      <object_component id="oc-10f">
         <name>.debug_frame</name>
         <load_address>0x7e2</load_address>
         <run_address>0x7e2</run_address>
         <size>0x45</size>
         <input_file_ref idref="fl-a"/>
      </object_component>
      <object_component id="oc-109">
         <name>.debug_frame</name>
         <load_address>0x827</load_address>
         <run_address>0x827</run_address>
         <size>0x5c</size>
         <input_file_ref idref="fl-d"/>
      </object_component>
      <object_component id="oc-a0">
         <name>.debug_frame</name>
         <load_address>0x883</load_address>
         <run_address>0x883</run_address>
         <size>0xfa</size>
         <input_file_ref idref="fl-15"/>
      </object_component>
      <object_component id="oc-9a">
         <name>.debug_frame</name>
         <load_address>0x97d</load_address>
         <run_address>0x97d</run_address>
         <size>0x72</size>
         <input_file_ref idref="fl-16"/>
      </object_component>
      <object_component id="oc-a6">
         <name>.debug_frame</name>
         <load_address>0x9ef</load_address>
         <run_address>0x9ef</run_address>
         <size>0xd8</size>
         <input_file_ref idref="fl-18"/>
      </object_component>
      <object_component id="oc-ac">
         <name>.debug_frame</name>
         <load_address>0xac7</load_address>
         <run_address>0xac7</run_address>
         <size>0x13f</size>
         <input_file_ref idref="fl-23"/>
      </object_component>
      <object_component id="oc-4a">
         <name>.debug_frame</name>
         <load_address>0xc06</load_address>
         <run_address>0xc06</run_address>
         <size>0x26e</size>
         <input_file_ref idref="fl-28"/>
      </object_component>
      <object_component id="oc-22">
         <name>.debug_frame</name>
         <load_address>0xe74</load_address>
         <run_address>0xe74</run_address>
         <size>0x3f</size>
         <input_file_ref idref="fl-15c"/>
      </object_component>
      <object_component id="oc-62">
         <name>.debug_frame</name>
         <load_address>0xeb3</load_address>
         <run_address>0xeb3</run_address>
         <size>0x4e</size>
         <input_file_ref idref="fl-15d"/>
      </object_component>
      <object_component id="oc-28">
         <name>.debug_frame</name>
         <load_address>0xf01</load_address>
         <run_address>0xf01</run_address>
         <size>0x3f</size>
         <input_file_ref idref="fl-15d"/>
      </object_component>
      <object_component id="oc-2d">
         <name>.debug_frame</name>
         <load_address>0xf40</load_address>
         <run_address>0xf40</run_address>
         <size>0x3f</size>
         <input_file_ref idref="fl-15e"/>
      </object_component>
      <object_component id="oc-c2">
         <name>.debug_frame</name>
         <load_address>0xf7f</load_address>
         <run_address>0xf7f</run_address>
         <size>0x73</size>
         <input_file_ref idref="fl-15f"/>
      </object_component>
      <object_component id="oc-b3">
         <name>.debug_frame</name>
         <load_address>0xff2</load_address>
         <run_address>0xff2</run_address>
         <size>0x3f</size>
         <input_file_ref idref="fl-162"/>
      </object_component>
      <object_component id="oc-15d">
         <name>.debug_frame</name>
         <load_address>0x1031</load_address>
         <run_address>0x1031</run_address>
         <size>0x61</size>
         <input_file_ref idref="fl-164"/>
      </object_component>
      <object_component id="oc-bc">
         <name>.debug_frame</name>
         <load_address>0x1092</load_address>
         <run_address>0x1092</run_address>
         <size>0x3f</size>
         <input_file_ref idref="fl-165"/>
      </object_component>
      <object_component id="oc-b5">
         <name>.debug_frame</name>
         <load_address>0x10d1</load_address>
         <run_address>0x10d1</run_address>
         <size>0x4a</size>
         <input_file_ref idref="fl-166"/>
      </object_component>
      <object_component id="oc-116">
         <name>.debug_frame</name>
         <load_address>0x111b</load_address>
         <run_address>0x111b</run_address>
         <size>0x4e</size>
         <input_file_ref idref="fl-167"/>
      </object_component>
      <object_component id="oc-154">
         <name>.debug_abbrev</name>
         <load_address>0x0</load_address>
         <run_address>0x0</run_address>
         <size>0xc5</size>
         <input_file_ref idref="fl-2"/>
      </object_component>
      <object_component id="oc-8a">
         <name>.debug_abbrev</name>
         <load_address>0xc5</load_address>
         <run_address>0xc5</run_address>
         <size>0x1f</size>
         <input_file_ref idref="fl-2"/>
      </object_component>
      <object_component id="oc-85">
         <name>.debug_abbrev</name>
         <load_address>0xe4</load_address>
         <run_address>0xe4</run_address>
         <size>0x35</size>
         <input_file_ref idref="fl-2"/>
      </object_component>
      <object_component id="oc-e6">
         <name>.debug_abbrev</name>
         <load_address>0x119</load_address>
         <run_address>0x119</run_address>
         <size>0xb2</size>
         <input_file_ref idref="fl-3"/>
      </object_component>
      <object_component id="oc-e4">
         <name>.debug_abbrev</name>
         <load_address>0x1cb</load_address>
         <run_address>0x1cb</run_address>
         <size>0x27</size>
         <input_file_ref idref="fl-3"/>
      </object_component>
      <object_component id="oc-f0">
         <name>.debug_abbrev</name>
         <load_address>0x1f2</load_address>
         <run_address>0x1f2</run_address>
         <size>0x29</size>
         <input_file_ref idref="fl-3"/>
      </object_component>
      <object_component id="oc-130">
         <name>.debug_abbrev</name>
         <load_address>0x21b</load_address>
         <run_address>0x21b</run_address>
         <size>0x29</size>
         <input_file_ref idref="fl-3"/>
      </object_component>
      <object_component id="oc-82">
         <name>.debug_abbrev</name>
         <load_address>0x244</load_address>
         <run_address>0x244</run_address>
         <size>0xa5</size>
         <input_file_ref idref="fl-3"/>
      </object_component>
      <object_component id="oc-ea">
         <name>.debug_abbrev</name>
         <load_address>0x2e9</load_address>
         <run_address>0x2e9</run_address>
         <size>0x5a</size>
         <input_file_ref idref="fl-3"/>
      </object_component>
      <object_component id="oc-f4">
         <name>.debug_abbrev</name>
         <load_address>0x343</load_address>
         <run_address>0x343</run_address>
         <size>0xdf</size>
         <input_file_ref idref="fl-3"/>
      </object_component>
      <object_component id="oc-f9">
         <name>.debug_abbrev</name>
         <load_address>0x422</load_address>
         <run_address>0x422</run_address>
         <size>0xdf</size>
         <input_file_ref idref="fl-3"/>
      </object_component>
      <object_component id="oc-d7">
         <name>.debug_abbrev</name>
         <load_address>0x501</load_address>
         <run_address>0x501</run_address>
         <size>0x24</size>
         <input_file_ref idref="fl-3"/>
      </object_component>
      <object_component id="oc-8d">
         <name>.debug_abbrev</name>
         <load_address>0x525</load_address>
         <run_address>0x525</run_address>
         <size>0xd0</size>
         <input_file_ref idref="fl-4"/>
      </object_component>
      <object_component id="oc-92">
         <name>.debug_abbrev</name>
         <load_address>0x5f5</load_address>
         <run_address>0x5f5</run_address>
         <size>0x1f</size>
         <input_file_ref idref="fl-4"/>
      </object_component>
      <object_component id="oc-172">
         <name>.debug_abbrev</name>
         <load_address>0x614</load_address>
         <run_address>0x614</run_address>
         <size>0x89</size>
         <input_file_ref idref="fl-5"/>
      </object_component>
      <object_component id="oc-dd">
         <name>.debug_abbrev</name>
         <load_address>0x69d</load_address>
         <run_address>0x69d</run_address>
         <size>0x3c</size>
         <input_file_ref idref="fl-7"/>
      </object_component>
      <object_component id="oc-76">
         <name>.debug_abbrev</name>
         <load_address>0x6d9</load_address>
         <run_address>0x6d9</run_address>
         <size>0x29</size>
         <input_file_ref idref="fl-7"/>
      </object_component>
      <object_component id="oc-e1">
         <name>.debug_abbrev</name>
         <load_address>0x702</load_address>
         <run_address>0x702</run_address>
         <size>0x49</size>
         <input_file_ref idref="fl-7"/>
      </object_component>
      <object_component id="oc-8e">
         <name>.debug_abbrev</name>
         <load_address>0x74b</load_address>
         <run_address>0x74b</run_address>
         <size>0x81</size>
         <input_file_ref idref="fl-8"/>
      </object_component>
      <object_component id="oc-42">
         <name>.debug_abbrev</name>
         <load_address>0x7cc</load_address>
         <run_address>0x7cc</run_address>
         <size>0x29</size>
         <input_file_ref idref="fl-8"/>
      </object_component>
      <object_component id="oc-50">
         <name>.debug_abbrev</name>
         <load_address>0x7f5</load_address>
         <run_address>0x7f5</run_address>
         <size>0xb0</size>
         <input_file_ref idref="fl-8"/>
      </object_component>
      <object_component id="oc-138">
         <name>.debug_abbrev</name>
         <load_address>0x8a5</load_address>
         <run_address>0x8a5</run_address>
         <size>0x60</size>
         <input_file_ref idref="fl-a"/>
      </object_component>
      <object_component id="oc-176">
         <name>.debug_abbrev</name>
         <load_address>0x905</load_address>
         <run_address>0x905</run_address>
         <size>0x6b</size>
         <input_file_ref idref="fl-d"/>
      </object_component>
      <object_component id="oc-132">
         <name>.debug_abbrev</name>
         <load_address>0x970</load_address>
         <run_address>0x970</run_address>
         <size>0x60</size>
         <input_file_ref idref="fl-d"/>
      </object_component>
      <object_component id="oc-135">
         <name>.debug_abbrev</name>
         <load_address>0x9d0</load_address>
         <run_address>0x9d0</run_address>
         <size>0x49</size>
         <input_file_ref idref="fl-d"/>
      </object_component>
      <object_component id="oc-fd">
         <name>.debug_abbrev</name>
         <load_address>0xa19</load_address>
         <run_address>0xa19</run_address>
         <size>0xf5</size>
         <input_file_ref idref="fl-15"/>
      </object_component>
      <object_component id="oc-100">
         <name>.debug_abbrev</name>
         <load_address>0xb0e</load_address>
         <run_address>0xb0e</run_address>
         <size>0x8f</size>
         <input_file_ref idref="fl-15"/>
      </object_component>
      <object_component id="oc-fc">
         <name>.debug_abbrev</name>
         <load_address>0xb9d</load_address>
         <run_address>0xb9d</run_address>
         <size>0xb0</size>
         <input_file_ref idref="fl-16"/>
      </object_component>
      <object_component id="oc-103">
         <name>.debug_abbrev</name>
         <load_address>0xc4d</load_address>
         <run_address>0xc4d</run_address>
         <size>0x101</size>
         <input_file_ref idref="fl-18"/>
      </object_component>
      <object_component id="oc-139">
         <name>.debug_abbrev</name>
         <load_address>0xd4e</load_address>
         <run_address>0xd4e</run_address>
         <size>0xc5</size>
         <input_file_ref idref="fl-23"/>
      </object_component>
      <object_component id="oc-113">
         <name>.debug_abbrev</name>
         <load_address>0xe13</load_address>
         <run_address>0xe13</run_address>
         <size>0x199</size>
         <input_file_ref idref="fl-23"/>
      </object_component>
      <object_component id="oc-13d">
         <name>.debug_abbrev</name>
         <load_address>0xfac</load_address>
         <run_address>0xfac</run_address>
         <size>0x5a</size>
         <input_file_ref idref="fl-23"/>
      </object_component>
      <object_component id="oc-ad">
         <name>.debug_abbrev</name>
         <load_address>0x1006</load_address>
         <run_address>0x1006</run_address>
         <size>0x10c</size>
         <input_file_ref idref="fl-28"/>
      </object_component>
      <object_component id="oc-c9">
         <name>.debug_abbrev</name>
         <load_address>0x1112</load_address>
         <run_address>0x1112</run_address>
         <size>0x3e</size>
         <input_file_ref idref="fl-15b"/>
      </object_component>
      <object_component id="oc-d0">
         <name>.debug_abbrev</name>
         <load_address>0x1150</load_address>
         <run_address>0x1150</run_address>
         <size>0x52</size>
         <input_file_ref idref="fl-15c"/>
      </object_component>
      <object_component id="oc-56">
         <name>.debug_abbrev</name>
         <load_address>0x11a2</load_address>
         <run_address>0x11a2</run_address>
         <size>0x74</size>
         <input_file_ref idref="fl-15c"/>
      </object_component>
      <object_component id="oc-59">
         <name>.debug_abbrev</name>
         <load_address>0x1216</load_address>
         <run_address>0x1216</run_address>
         <size>0x24</size>
         <input_file_ref idref="fl-15c"/>
      </object_component>
      <object_component id="oc-cd">
         <name>.debug_abbrev</name>
         <load_address>0x123a</load_address>
         <run_address>0x123a</run_address>
         <size>0x24</size>
         <input_file_ref idref="fl-15c"/>
      </object_component>
      <object_component id="oc-d3">
         <name>.debug_abbrev</name>
         <load_address>0x125e</load_address>
         <run_address>0x125e</run_address>
         <size>0x52</size>
         <input_file_ref idref="fl-15d"/>
      </object_component>
      <object_component id="oc-d2">
         <name>.debug_abbrev</name>
         <load_address>0x12b0</load_address>
         <run_address>0x12b0</run_address>
         <size>0x7b</size>
         <input_file_ref idref="fl-15d"/>
      </object_component>
      <object_component id="oc-63">
         <name>.debug_abbrev</name>
         <load_address>0x132b</load_address>
         <run_address>0x132b</run_address>
         <size>0x66</size>
         <input_file_ref idref="fl-15d"/>
      </object_component>
      <object_component id="oc-67">
         <name>.debug_abbrev</name>
         <load_address>0x1391</load_address>
         <run_address>0x1391</run_address>
         <size>0x24</size>
         <input_file_ref idref="fl-15d"/>
      </object_component>
      <object_component id="oc-db">
         <name>.debug_abbrev</name>
         <load_address>0x13b5</load_address>
         <run_address>0x13b5</run_address>
         <size>0x52</size>
         <input_file_ref idref="fl-15e"/>
      </object_component>
      <object_component id="oc-6f">
         <name>.debug_abbrev</name>
         <load_address>0x1407</load_address>
         <run_address>0x1407</run_address>
         <size>0x74</size>
         <input_file_ref idref="fl-15e"/>
      </object_component>
      <object_component id="oc-72">
         <name>.debug_abbrev</name>
         <load_address>0x147b</load_address>
         <run_address>0x147b</run_address>
         <size>0x24</size>
         <input_file_ref idref="fl-15e"/>
      </object_component>
      <object_component id="oc-168">
         <name>.debug_abbrev</name>
         <load_address>0x149f</load_address>
         <run_address>0x149f</run_address>
         <size>0x6b</size>
         <input_file_ref idref="fl-15f"/>
      </object_component>
      <object_component id="oc-166">
         <name>.debug_abbrev</name>
         <load_address>0x150a</load_address>
         <run_address>0x150a</run_address>
         <size>0x29</size>
         <input_file_ref idref="fl-15f"/>
      </object_component>
      <object_component id="oc-12b">
         <name>.debug_abbrev</name>
         <load_address>0x1533</load_address>
         <run_address>0x1533</run_address>
         <size>0xba</size>
         <input_file_ref idref="fl-15f"/>
      </object_component>
      <object_component id="oc-ca">
         <name>.debug_abbrev</name>
         <load_address>0x15ed</load_address>
         <run_address>0x15ed</run_address>
         <size>0x3e</size>
         <input_file_ref idref="fl-160"/>
      </object_component>
      <object_component id="oc-da">
         <name>.debug_abbrev</name>
         <load_address>0x162b</load_address>
         <run_address>0x162b</run_address>
         <size>0x4f</size>
         <input_file_ref idref="fl-161"/>
      </object_component>
      <object_component id="oc-114">
         <name>.debug_abbrev</name>
         <load_address>0x167a</load_address>
         <run_address>0x167a</run_address>
         <size>0x55</size>
         <input_file_ref idref="fl-162"/>
      </object_component>
      <object_component id="oc-12e">
         <name>.debug_abbrev</name>
         <load_address>0x16cf</load_address>
         <run_address>0x16cf</run_address>
         <size>0x27</size>
         <input_file_ref idref="fl-163"/>
      </object_component>
      <object_component id="oc-174">
         <name>.debug_abbrev</name>
         <load_address>0x16f6</load_address>
         <run_address>0x16f6</run_address>
         <size>0x45</size>
         <input_file_ref idref="fl-164"/>
      </object_component>
      <object_component id="oc-162">
         <name>.debug_abbrev</name>
         <load_address>0x173b</load_address>
         <run_address>0x173b</run_address>
         <size>0x29</size>
         <input_file_ref idref="fl-164"/>
      </object_component>
      <object_component id="oc-173">
         <name>.debug_abbrev</name>
         <load_address>0x1764</load_address>
         <run_address>0x1764</run_address>
         <size>0x6f</size>
         <input_file_ref idref="fl-164"/>
      </object_component>
      <object_component id="oc-155">
         <name>.debug_abbrev</name>
         <load_address>0x17d3</load_address>
         <run_address>0x17d3</run_address>
         <size>0x8e</size>
         <input_file_ref idref="fl-165"/>
      </object_component>
      <object_component id="oc-123">
         <name>.debug_abbrev</name>
         <load_address>0x1861</load_address>
         <run_address>0x1861</run_address>
         <size>0x68</size>
         <input_file_ref idref="fl-165"/>
      </object_component>
      <object_component id="oc-159">
         <name>.debug_abbrev</name>
         <load_address>0x18c9</load_address>
         <run_address>0x18c9</run_address>
         <size>0x49</size>
         <input_file_ref idref="fl-165"/>
      </object_component>
      <object_component id="oc-142">
         <name>.debug_abbrev</name>
         <load_address>0x1912</load_address>
         <run_address>0x1912</run_address>
         <size>0x9a</size>
         <input_file_ref idref="fl-166"/>
      </object_component>
      <object_component id="oc-11b">
         <name>.debug_abbrev</name>
         <load_address>0x19ac</load_address>
         <run_address>0x19ac</run_address>
         <size>0x7e</size>
         <input_file_ref idref="fl-166"/>
      </object_component>
      <object_component id="oc-146">
         <name>.debug_abbrev</name>
         <load_address>0x1a2a</load_address>
         <run_address>0x1a2a</run_address>
         <size>0x24</size>
         <input_file_ref idref="fl-166"/>
      </object_component>
      <object_component id="oc-14b">
         <name>.debug_abbrev</name>
         <load_address>0x1a4e</load_address>
         <run_address>0x1a4e</run_address>
         <size>0x4b</size>
         <input_file_ref idref="fl-166"/>
      </object_component>
      <object_component id="oc-16b">
         <name>.debug_abbrev</name>
         <load_address>0x1a99</load_address>
         <run_address>0x1a99</run_address>
         <size>0x9c</size>
         <input_file_ref idref="fl-167"/>
      </object_component>
      <object_component id="oc-140">
         <name>.debug_abbrev</name>
         <load_address>0x1b35</load_address>
         <run_address>0x1b35</run_address>
         <size>0x8c</size>
         <input_file_ref idref="fl-167"/>
      </object_component>
      <object_component id="oc-16f">
         <name>.debug_abbrev</name>
         <load_address>0x1bc1</load_address>
         <run_address>0x1bc1</run_address>
         <size>0x24</size>
         <input_file_ref idref="fl-167"/>
      </object_component>
      <object_component id="oc-1a9">
         <name>.debug_abbrev</name>
         <load_address>0x1be5</load_address>
         <run_address>0x1be5</run_address>
         <size>0xf</size>
      </object_component>
      <object_component id="oc-8c">
         <name>.debug_str</name>
         <load_address>0x0</load_address>
         <run_address>0x0</run_address>
         <size>0xf5</size>
         <input_file_ref idref="fl-2"/>
      </object_component>
      <object_component id="oc-87">
         <name>.debug_str</name>
         <load_address>0xf5</load_address>
         <run_address>0xf5</run_address>
         <size>0x226</size>
         <input_file_ref idref="fl-2"/>
      </object_component>
      <object_component id="oc-ec">
         <name>.debug_str</name>
         <load_address>0x31b</load_address>
         <run_address>0x31b</run_address>
         <size>0xf0</size>
         <input_file_ref idref="fl-3"/>
      </object_component>
      <object_component id="oc-f6">
         <name>.debug_str</name>
         <load_address>0x40b</load_address>
         <run_address>0x40b</run_address>
         <size>0x9f0</size>
         <input_file_ref idref="fl-3"/>
      </object_component>
      <object_component id="oc-fb">
         <name>.debug_str</name>
         <load_address>0xdfb</load_address>
         <run_address>0xdfb</run_address>
         <size>0xd12</size>
         <input_file_ref idref="fl-3"/>
      </object_component>
      <object_component id="oc-d9">
[...]
               <logical_group_ref idref="lg-13"/>
            </allocated_space>
         </usage_details>
      </memory_area>
   </placement_map>
   <cptbl_list>
      <cptbl>
         <name>__TI_cinit_table</name>
         <cprec>
            <name>.data</name>
            <load_address>0x19e8</load_address>
            <load_size>0x98</load_size>
            <run_address>0x20000000</run_address>
            <run_size>0xd8</run_size>
            <compression>rle</compression>
         </cprec>
         <cprec>
            <name>.bss</name>
            <load_address>0x1a90</load_address>
            <load_size>0x8</load_size>
            <run_address>0x200000d8</run_address>
            <run_size>0x20</run_size>
            <compression>zero_init</compression>
         </cprec>
      </cptbl>
   </cptbl_list>
   <handler_table>
      <handler_table_name>__TI_handler_table</handler_table_name>
      <handler>
         <index>0x0</index>
         <name>__TI_decompress_rle24</name>
      </handler>
      <handler>
         <index>0x1</index>
         <name>__TI_decompress_none</name>
      </handler>
      <handler>
         <index>0x2</index>
         <name>__TI_zero_init</name>
      </handler>
   </handler_table>
   <symbol_table>
      <symbol id="sm-1">
         <name>__STACK_TOP</name>
         <value>0x20005000</value>
      </symbol>
      <symbol id="sm-2">
         <name>__TI_CINIT_Base</name>
         <value>0x1a98</value>
      </symbol>
      <symbol id="sm-3">
         <name>__TI_CINIT_Limit</name>
         <value>0x1aa8</value>
      </symbol>
      <symbol id="sm-4">
         <name>__TI_Handler_Table_Base</name>
         <value>0x1a80</value>
      </symbol>
      <symbol id="sm-5">
         <name>__TI_Handler_Table_Limit</name>
         <value>0x1a8c</value>
      </symbol>
      <symbol id="sm-6">
         <name>binit</name>
         <value>0xffffffff</value>
      </symbol>
      <symbol id="sm-7">
         <name>__binit__</name>
         <value>0xffffffff</value>
      </symbol>
      <symbol id="sm-8">
         <name>__STACK_SIZE</name>
         <value>0x100</value>
      </symbol>
      <symbol id="sm-9">
         <name>__STACK_END</name>
         <value>0x20005000</value>
      </symbol>
      <symbol id="sm-a">
         <name>__c_args__</name>
         <value>0x19e0</value>
      </symbol>
      <symbol id="sm-4a">
         <name>main</name>
         <value>0x1451</value>
         <object_component_ref idref="oc-11d"/>
      </symbol>
      <symbol id="sm-ba">
         <name>radioCmdStartRAT</name>
         <value>0x124f</value>
         <object_component_ref idref="oc-36"/>
      </symbol>
      <symbol id="sm-bb">
         <name>cmdSetup</name>
         <value>0x2000007c</value>
         <object_component_ref idref="oc-7f"/>
      </symbol>
      <symbol id="sm-bc">
         <name>advOutput</name>
         <value>0x20000024</value>
         <object_component_ref idref="oc-7f"/>
      </symbol>
      <symbol id="sm-bd">
         <name>initRadioInts</name>
         <value>0x127f</value>
         <object_component_ref idref="oc-36"/>
      </symbol>
      <symbol id="sm-be">
         <name>cmdAdvParam</name>
         <value>0x20000004</value>
         <object_component_ref idref="oc-7f"/>
      </symbol>
      <symbol id="sm-bf">
         <name>advData</name>
         <value>0x20000001</value>
         <object_component_ref idref="oc-7f"/>
      </symbol>
      <symbol id="sm-c0">
         <name>radioPatch</name>
         <value>0x1229</value>
         <object_component_ref idref="oc-36"/>
      </symbol>
      <symbol id="sm-c1">
         <name>initRadio</name>
         <value>0x11f9</value>
         <object_component_ref idref="oc-36"/>
      </symbol>
      <symbol id="sm-c2">
         <name>RFCCPE0IntHandler</name>
         <value>0x12ad</value>
         <object_component_ref idref="oc-36"/>
      </symbol>
      <symbol id="sm-c3">
         <name>cmdAdv1</name>
         <value>0x2000004c</value>
         <object_component_ref idref="oc-7f"/>
      </symbol>
      <symbol id="sm-c4">
         <name>cmdAdv0</name>
         <value>0x20000064</value>
         <object_component_ref idref="oc-7f"/>
      </symbol>
      <symbol id="sm-c5">
         <name>cmdAdv2</name>
         <value>0x20000034</value>
         <object_component_ref idref="oc-7f"/>
      </symbol>
      <symbol id="sm-c6">
         <name>RFCCPE1IntHandler</name>
         <value>0x1297</value>
         <object_component_ref idref="oc-36"/>
      </symbol>
      <symbol id="sm-c7">
         <name>radioUpdateAdvData</name>
         <value>0x126b</value>
         <object_component_ref idref="oc-36"/>
      </symbol>
      <symbol id="sm-c8">
         <name>int_boot_done</name>
         <value>0x20000000</value>
         <object_component_ref idref="oc-7f"/>
      </symbol>
      <symbol id="sm-c9">
         <name>radioSetupAndTransmit</name>
         <value>0x1261</value>
         <object_component_ref idref="oc-36"/>
      </symbol>
      <symbol id="sm-ca">
         <name>runRadio</name>
         <value>0x1221</value>
         <object_component_ref idref="oc-36"/>
      </symbol>
      <symbol id="sm-cb">
         <name>bleDifferentialOverrides</name>
         <value>0x20000094</value>
         <object_component_ref idref="oc-ed"/>
      </symbol>
      <symbol id="sm-cc">
         <name>radioCmdBusRequest</name>
         <value>0x1231</value>
         <object_component_ref idref="oc-36"/>
      </symbol>
      <symbol id="sm-fb">
         <name>AONRTCIntHandler</name>
         <value>0x1401</value>
         <object_component_ref idref="oc-3c"/>
      </symbol>
      <symbol id="sm-fc">
         <name>initRTC</name>
         <value>0x13cf</value>
         <object_component_ref idref="oc-3c"/>
      </symbol>
      <symbol id="sm-13e">
         <name>powerDisableAuxRamRet</name>
         <value>0x1069</value>
         <object_component_ref idref="oc-14e"/>
      </symbol>
      <symbol id="sm-13f">
         <name>powerEnablePeriph</name>
         <value>0x1081</value>
         <object_component_ref idref="oc-14e"/>
      </symbol>
      <symbol id="sm-140">
         <name>waitUntilAUXReady</name>
         <value>0x112f</value>
         <object_component_ref idref="oc-14e"/>
      </symbol>
      <symbol id="sm-141">
         <name>waitUntilRFCReady</name>
         <value>0x110b</value>
         <object_component_ref idref="oc-14e"/>
      </symbol>
      <symbol id="sm-142">
         <name>powerDisableFlashInIdle</name>
         <value>0x10a1</value>
         <object_component_ref idref="oc-14e"/>
      </symbol>
      <symbol id="sm-143">
         <name>powerDisableAuxForceOn</name>
         <value>0x1025</value>
         <object_component_ref idref="oc-14e"/>
      </symbol>
      <symbol id="sm-144">
         <name>powerDisablePeriph</name>
         <value>0x1089</value>
         <object_component_ref idref="oc-14e"/>
      </symbol>
      <symbol id="sm-145">
         <name>powerDisableCPU</name>
         <value>0x1091</value>
         <object_component_ref idref="oc-14e"/>
      </symbol>
      <symbol id="sm-146">
         <name>powerEnableAuxForceOn</name>
         <value>0x101d</value>
         <object_component_ref idref="oc-14e"/>
      </symbol>
      <symbol id="sm-147">
         <name>powerDisableCacheRetention</name>
         <value>0x105d</value>
         <object_component_ref idref="oc-14e"/>
      </symbol>
      <symbol id="sm-148">
         <name>powerConfigureRecharge</name>
         <value>0x10eb</value>
         <object_component_ref idref="oc-14e"/>
      </symbol>
      <symbol id="sm-149">
         <name>waitUntilPeriphReady</name>
         <value>0x111d</value>
         <object_component_ref idref="oc-14e"/>
      </symbol>
      <symbol id="sm-14a">
         <name>initInterrupts</name>
         <value>0x1001</value>
         <object_component_ref idref="oc-14e"/>
      </symbol>
      <symbol id="sm-14b">
         <name>powerDisableCache</name>
         <value>0x103f</value>
         <object_component_ref idref="oc-14e"/>
      </symbol>
      <symbol id="sm-14c">
         <name>powerEnableGPIOClockRunMode</name>
         <value>0x10dd</value>
         <object_component_ref idref="oc-14e"/>
      </symbol>
      <symbol id="sm-14d">
         <name>powerEnableMcuPdReq</name>
         <value>0x10cd</value>
         <object_component_ref idref="oc-14e"/>
      </symbol>
      <symbol id="sm-14e">
         <name>powerEnableXtalInterface</name>
         <value>0x1103</value>
         <object_component_ref idref="oc-14e"/>
      </symbol>
      <symbol id="sm-14f">
         <name>powerEnableRFC</name>
         <value>0x1071</value>
         <object_component_ref idref="oc-14e"/>
      </symbol>
      <symbol id="sm-150">
         <name>powerEnableCacheRetention</name>
         <value>0x1051</value>
         <object_component_ref idref="oc-14e"/>
      </symbol>
      <symbol id="sm-151">
         <name>powerDisableMcuPdReq</name>
         <value>0x10d5</value>
         <object_component_ref idref="oc-14e"/>
      </symbol>
      <symbol id="sm-152">
         <name>powerDisableXtal</name>
         <value>0x10fb</value>
         <object_component_ref idref="oc-14e"/>
      </symbol>
      <symbol id="sm-153">
         <name>powerDivideInfClkDS</name>
         <value>0x10b7</value>
         <object_component_ref idref="oc-14e"/>
      </symbol>
      <symbol id="sm-154">
         <name>powerEnableCache</name>
         <value>0x102d</value>
         <object_component_ref idref="oc-14e"/>
      </symbol>
      <symbol id="sm-155">
         <name>powerEnableAUXPdReq</name>
         <value>0x10a9</value>
         <object_component_ref idref="oc-14e"/>
      </symbol>
      <symbol id="sm-156">
         <name>powerEnableXtal</name>
         <value>0x10f3</value>
         <object_component_ref idref="oc-14e"/>
      </symbol>
      <symbol id="sm-157">
         <name>powerDisableRFC</name>
         <value>0x1079</value>
         <object_component_ref idref="oc-14e"/>
      </symbol>
      <symbol id="sm-158">
         <name>powerEnableFlashInIdle</name>
         <value>0x1099</value>
         <object_component_ref idref="oc-14e"/>
      </symbol>
      <symbol id="sm-169">
         <name>__ccfg</name>
         <value>0x1ffa8</value>
         <object_component_ref idref="oc-32"/>
      </symbol>
      <symbol id="sm-1f4">
         <name>ResetISR</name>
         <value>0x172f</value>
         <object_component_ref idref="oc-1a"/>
      </symbol>
      <symbol id="sm-1f5">
         <name>g_pfnVectors</name>
         <value>0x0</value>
         <object_component_ref idref="oc-17"/>
      </symbol>
      <symbol id="sm-204">
         <name>AONBatMonTemperatureGetDegC</name>
         <value>0x1839</value>
         <object_component_ref idref="oc-10a"/>
      </symbol>
      <symbol id="sm-21e">
         <name>NOROM_AONRTCCurrentCompareValueGet</name>
         <value>0x1791</value>
         <object_component_ref idref="oc-104"/>
      </symbol>
      <symbol id="sm-21f">
         <name>NOROM_AONRTCCurrent64BitValueGet</name>
         <value>0x17bd</value>
         <object_component_ref idref="oc-104"/>
      </symbol>
      <symbol id="sm-25f">
         <name>ChipInfo_GetChipFamily</name>
         <value>0xef5</value>
         <object_component_ref idref="oc-9b"/>
      </symbol>
      <symbol id="sm-260">
         <name>ChipInfo_GetHwRevision</name>
         <value>0xf4b</value>
         <object_component_ref idref="oc-9b"/>
      </symbol>
      <symbol id="sm-261">
         <name>ChipInfo_GetPackageType</name>
         <value>0xec3</value>
         <object_component_ref idref="oc-9b"/>
      </symbol>
      <symbol id="sm-262">
         <name>ThisCodeIsBuiltForCC26xxHwRev22AndLater_HaltIfViolated</name>
         <value>0xfdf</value>
         <object_component_ref idref="oc-9b"/>
      </symbol>
      <symbol id="sm-263">
         <name>ChipInfo_GetSupportedProtocol_BV</name>
         <value>0xeb9</value>
         <object_component_ref idref="oc-9b"/>
      </symbol>
      <symbol id="sm-270">
         <name>NOROM_CPUbasepriGet</name>
         <value>0x191f</value>
         <object_component_ref idref="oc-95"/>
      </symbol>
      <symbol id="sm-271">
         <name>NOROM_CPUprimask</name>
         <value>0x1909</value>
         <object_component_ref idref="oc-95"/>
      </symbol>
      <symbol id="sm-272">
         <name>NOROM_CPUcpsie</name>
         <value>0x1913</value>
         <object_component_ref idref="oc-95"/>
      </symbol>
      <symbol id="sm-273">
         <name>NOROM_CPUcpsid</name>
         <value>0x18fd</value>
         <object_component_ref idref="oc-95"/>
      </symbol>
      <symbol id="sm-2a1">
         <name>NOROM_DDI16BitWrite</name>
         <value>0xd1d</value>
         <object_component_ref idref="oc-a1"/>
      </symbol>
      <symbol id="sm-2a2">
         <name>NOROM_DDI16BitfieldRead</name>
         <value>0xe07</value>
         <object_component_ref idref="oc-a1"/>
      </symbol>
      <symbol id="sm-2a3">
         <name>NOROM_DDI16BitfieldWrite</name>
         <value>0xd6d</value>
         <object_component_ref idref="oc-a1"/>
      </symbol>
      <symbol id="sm-2a4">
         <name>NOROM_DDI16BitRead</name>
         <value>0xdbf</value>
         <object_component_ref idref="oc-a1"/>
      </symbol>
      <symbol id="sm-2f3">
         <name>OSCHF_AttemptToSwitchToXosc</name>
         <value>0xb85</value>
         <object_component_ref idref="oc-a7"/>
      </symbol>
      <symbol id="sm-2f4">
         <name>OSCHF_TurnOnXosc</name>
         <value>0xb71</value>
         <object_component_ref idref="oc-a7"/>
      </symbol>
      <symbol id="sm-2f5">
         <name>OSCHF_GetStartupTime</name>
         <value>0xaaf</value>
         <object_component_ref idref="oc-a7"/>
      </symbol>
      <symbol id="sm-2f6">
         <name>NOROM_OSCClockSourceSet</name>
         <value>0xa01</value>
         <object_component_ref idref="oc-a7"/>
      </symbol>
      <symbol id="sm-2f7">
         <name>NOROM_OSCInterfaceEnable</name>
         <value>0xa81</value>
         <object_component_ref idref="oc-a7"/>
      </symbol>
      <symbol id="sm-2f8">
         <name>OSCHF_SwitchToRcOscTurnOffXosc</name>
         <value>0xbe5</value>
         <object_component_ref idref="oc-a7"/>
      </symbol>
      <symbol id="sm-2f9">
         <name>NOROM_OSCClockSourceGet</name>
         <value>0xa51</value>
         <object_component_ref idref="oc-a7"/>
      </symbol>
      <symbol id="sm-3b6">
         <name>trimDevice</name>
         <value>0x1c5</value>
         <object_component_ref idref="oc-45"/>
      </symbol>
      <symbol id="sm-3d0">
         <name>_c_int00</name>
         <value>0x18c1</value>
         <object_component_ref idref="oc-4b"/>
      </symbol>
      <symbol id="sm-3d1">
         <name>__stack</name>
         <value>0x20004f00</value>
         <object_component_ref idref="oc-35"/>
      </symbol>
      <symbol id="sm-3e8">
         <name>__TI_decompress_none</name>
         <value>0x1955</value>
         <object_component_ref idref="oc-20"/>
      </symbol>
      <symbol id="sm-40b">
         <name>__TI_decompress_rle24</name>
         <value>0x196f</value>
         <object_component_ref idref="oc-26"/>
      </symbol>
      <symbol id="sm-41d">
         <name>__TI_zero_init</name>
         <value>0x1963</value>
         <object_component_ref idref="oc-2c"/>
      </symbol>
      <symbol id="sm-43c">
         <name>C$$EXIT</name>
         <value>0x187d</value>
         <object_component_ref idref="oc-c0"/>
      </symbol>
      <symbol id="sm-43d">
         <name>abort</name>
         <value>0x1881</value>
         <object_component_ref idref="oc-c0"/>
      </symbol>
      <symbol id="sm-43e">
         <name>exit</name>
         <value>0x1889</value>
         <object_component_ref idref="oc-c0"/>
      </symbol>
      <symbol id="sm-43f">
         <name>__TI_dtors_ptr</name>
         <value>0x200000d0</value>
         <object_component_ref idref="oc-128"/>
      </symbol>
      <symbol id="sm-440">
         <name>__TI_cleanup_ptr</name>
         <value>0x200000cc</value>
         <object_component_ref idref="oc-128"/>
      </symbol>
      <symbol id="sm-45b">
         <name>memcpy</name>
         <value>0x1541</value>
         <object_component_ref idref="oc-51"/>
      </symbol>
      <symbol id="sm-45c">
         <name>__aeabi_memcpy</name>
         <value>0x1541</value>
         <object_component_ref idref="oc-51"/>
      </symbol>
      <symbol id="sm-45d">
         <name>__aeabi_memcpy8</name>
         <value>0x1541</value>
         <object_component_ref idref="oc-51"/>
      </symbol>
      <symbol id="sm-45e">
         <name>__aeabi_memcpy4</name>
         <value>0x1541</value>
         <object_component_ref idref="oc-51"/>
      </symbol>
      <symbol id="sm-46d">
         <name>__aeabi_memset</name>
         <value>0x15df</value>
         <object_component_ref idref="oc-6a"/>
      </symbol>
      <symbol id="sm-46e">
         <name>memset</name>
         <value>0x15e5</value>
         <object_component_ref idref="oc-6a"/>
      </symbol>
      <symbol id="sm-46f">
         <name>__aeabi_memset8</name>
         <value>0x15df</value>
         <object_component_ref idref="oc-6a"/>
      </symbol>
      <symbol id="sm-470">
         <name>__aeabi_memset4</name>
         <value>0x15df</value>
         <object_component_ref idref="oc-6a"/>
      </symbol>
      <symbol id="sm-471">
         <name>__aeabi_memclr8</name>
         <value>0x15dd</value>
         <object_component_ref idref="oc-6a"/>
      </symbol>
      <symbol id="sm-472">
         <name>__aeabi_memclr4</name>
         <value>0x15dd</value>
         <object_component_ref idref="oc-6a"/>
      </symbol>
      <symbol id="sm-473">
         <name>__aeabi_memclr</name>
         <value>0x15dd</value>
         <object_component_ref idref="oc-6a"/>
      </symbol>
      <symbol id="sm-47d">
         <name>_system_pre_init</name>
         <value>0x1975</value>
         <object_component_ref idref="oc-ae"/>
      </symbol>
      <symbol id="sm-485">
         <name>main_func_sp</name>
         <value>0x200000d4</value>
         <object_component_ref idref="oc-c6"/>
      </symbol>
      <symbol id="sm-49e">
         <name>_nop</name>
         <value>0x194f</value>
         <object_component_ref idref="oc-15c"/>
      </symbol>
      <symbol id="sm-49f">
         <name>_lock</name>
         <value>0x200000c4</value>
         <object_component_ref idref="oc-125"/>
      </symbol>
      <symbol id="sm-4a0">
         <name>_unlock</name>
         <value>0x200000c8</value>
         <object_component_ref idref="oc-125"/>
      </symbol>
      <symbol id="sm-4a1">
         <name>_register_lock</name>
         <value>0x1947</value>
         <object_component_ref idref="oc-15c"/>
      </symbol>
      <symbol id="sm-4a2">
         <name>_register_unlock</name>
         <value>0x1941</value>
         <object_component_ref idref="oc-15c"/>
      </symbol>
      <symbol id="sm-4b7">
         <name>_args_main</name>
         <value>0x1929</value>
         <object_component_ref idref="oc-ba"/>
      </symbol>
      <symbol id="sm-4dd">
         <name>__TI_auto_init</name>
         <value>0x1659</value>
         <object_component_ref idref="oc-b4"/>
      </symbol>
      <symbol id="sm-4f7">
         <name>copy_in</name>
         <value>0x17ed</value>
         <object_component_ref idref="oc-115"/>
      </symbol>
      <symbol id="sm-4f8">
         <name>__TI_static_base__</name>
         <value>0x0</value>
      </symbol>
      <symbol id="sm-4fb">
         <name>SHT$$INIT_ARRAY$$Limit</name>
         <value>0x0</value>
      </symbol>
      <symbol id="sm-4fc">
         <name>SHT$$INIT_ARRAY$$Base</name>
         <value>0x0</value>
      </symbol>
   </symbol_table>
   <title>Link successful</title>
</link_info>
