******************************************************************************
                  TI ARM Linker PC v5.2.7                      
******************************************************************************
>> Linked Thu Mar 24 15:14:45 2016

OUTPUT FILE NAME:   <bicycle_computer.out>
ENTRY POINT SYMBOL: "ResetISR"  address: 00003e15


MEMORY CONFIGURATION

         name            origin    length      used     unused   attr    fill
----------------------  --------  ---------  --------  --------  ----  --------
  FLASH                 00000000   00020000  000048d8  0001b728  R  X
  GPRAM                 11000000   00002000  00000000  00002000  RW X
  SRAM                  20000000   00005000  000003ac  00004c54  RW X


SEGMENT ALLOCATION MAP

run origin  load origin   length   init length attrs members
----------  ----------- ---------- ----------- ----- -------
00000000    00000000    00004782   00004782    r-x
  00000000    00000000    000000c8   000000c8    r-- .intvecs
  000000c8    000000c8    000045ce   000045ce    r-x .text
  00004698    00004698    000000ea   000000ea    r-- .const
00004784    00004784    00000008   00000008    rw-
  00004784    00004784    00000008   00000008    rw- .args
00004790    00004790    000000f8   000000f8    r--
  00004790    00004790    000000f8   000000f8    r-- .cinit
0001ffa8    0001ffa8    00000058   00000058    r--
  0001ffa8    0001ffa8    00000058   00000058    r-- .ccfg
20000000    20000000    000002b2   00000000    rw-
  20000000    20000000    0000023a   00000000    rw- .data
  20000240    20000240    00000072   00000000    rw- .bss
20004f00    20004f00    00000100   00000000    rw-
  20004f00    20004f00    00000100   00000000    rw- .stack


SECTION ALLOCATION MAP

 output                                  attributes/
section   page    origin      length       input sections
--------  ----  ----------  ----------   ----------------
.intvecs   0    00000000    000000c8     
                  00000000    000000c8     startup_ccs.obj (.intvecs)

.text      0    000000c8    000045ce     
                  000000c8    0000090c     setup.obj (.text)
                  000009d4    00000668     board-i2c.obj (.text)
                  0000103c    00000664     sys_ctrl.obj (.text)
                  000016a0    0000041c     ext-flash.obj (.text)
                  00001abc    0000030c     main.obj (.text)
                  00001dc8    000002b4     bmp-280-sensor.obj (.text)
                  0000207c    00000288     board-spi.obj (.text)
                  00002304    00000288     pwr_ctrl.obj (.text)
                  0000258c    00000280     osc.obj (.text)
                  0000280c    0000023c     tmp-007-sensor.obj (.text)
                  00002a48    00000224     ddi.obj (.text)
                  00002c6c    000001fc     rtsv7M3_T_le_eabi.lib : xexp.obj (.text)
                  00002e68    000001ec     radio.obj (.text)
                  00003054    000001b6     rtsv7M3_T_le_eabi.lib : fd_add_t2.obj (.text)
                  0000320a    00000002     --HOLE-- [fill = 0]
                  0000320c    000001b0     system.obj (.text)
                  000033bc    0000019c     chipinfo.obj (.text)
                  00003558    00000194     rtc.obj (.text)
                  000036ec    0000016c     opt-3001-sensor.obj (.text)
                  00003858    00000136     rtsv7M3_T_le_eabi.lib : fd_div_t2.obj (.text)
                  0000398e    00000002     --HOLE-- [fill = 0]
                  00003990    00000110                           : xdscale.obj (.text)
                  00003aa0    00000100     vims.obj (.text)
                  00003ba0    000000fc     rtsv7M3_T_le_eabi.lib : fd_mul_t2.obj (.text)
                  00003c9c    000000be                           : xdnorm.obj (.text)
                  00003d5a    00000002     --HOLE-- [fill = 0]
                  00003d5c    000000b8     sensor-common.obj (.text)
                  00003e14    000000b4     startup_ccs.obj (.text)
                  00003ec8    000000ac     rtsv7M3_T_le_eabi.lib : exp2.obj (.text)
                  00003f74    0000009c                           : memcpy_t2.obj (.text)
                  00004010    00000086                           : fd_cmp_t2.obj (.text:__aeabi_cdcmple)
                  00004096    0000007a                           : fs_mul_t2.obj (.text)
                  00004110    0000007a                           : memset_t2.obj (.text)
                  0000418a    0000006e                           : fd_tos_t2.obj (.text)
                  000041f8    0000006c                           : autoinit.obj (.text)
                  00004264    0000006a                           : copy_decompress_rle.obj (.text)
                  000042ce    00000002     --HOLE-- [fill = 0]
                  000042d0    0000005c     aon_rtc.obj (.text)
                  0000432c    0000004c     rtsv7M3_T_le_eabi.lib : cpy_tbl.obj (.text)
                  00004378    00000048                           : fd_toi_t2.obj (.text)
                  000043c0    00000044     aon_batmon.obj (.text)
                  00004404    00000044     rtsv7M3_T_le_eabi.lib : exit.obj (.text)
                  00004448    00000040                           : signal.obj (.text)
                  00004488    0000003c                           : boot.obj (.text)
                  000044c4    00000038                           : fs_toi_t2.obj (.text)
                  000044fc    00000038                           : i_tofs_t2.obj (.text)
                  00004534    00000034                           : feraiseexcept.obj (.text)
                  00004568    00000030                           : xferaise.obj (.text)
                  00004598    0000002e                           : i_tofd_t2.obj (.text)
                  000045c6    0000002e                           : raise.obj (.text)
                  000045f4    0000002c     cpu.obj (.text)
                  00004620    00000020     rtsv7M3_T_le_eabi.lib : u_tofd_t2.obj (.text)
                  00004640    00000018                           : args_main.obj (.text)
                  00004658    00000014                           : _lock.obj (.text)
                  0000466c    0000000e                           : copy_decompress_none.obj (.text:decompress:none)
                  0000467a    0000000c                           : copy_zero_init.obj (.text:decompress:ZI)
                  00004686    00000006     cpu.obj (.text:NOROM_CPUdelay)
                  0000468c    00000006     rtsv7M3_T_le_eabi.lib : copy_decompress_rle.obj (.text:decompress:rle24)
                  00004692    00000004                           : pre_init.obj (.text)

.const     0    00004698    000000ea     
                  00004698    00000068     radio.obj (.const:patchImage)
                  00004700    00000048     rtsv7M3_T_le_eabi.lib : xexp.obj (.const)
                  00004748    00000034     sys_ctrl.obj (.const:g_pui32ModuleCG)
                  0000477c    00000006     ext-flash.obj (.const:.string)

.cinit     0    00004790    000000f8     
                  00004790    000000d4     (.cinit..data.load) [load image, compression = rle]
                  00004864    0000000c     (__TI_handler_table)
                  00004870    00000008     (.cinit..bss.load) [load image, compression = zero_init]
                  00004878    00000010     (__TI_cinit_table)

.init_array 
*          0    00000000    00000000     UNINITIALIZED

.ccfg      0    0001ffa8    00000058     
                  0001ffa8    00000058     ccfg.obj (.ccfg:retain)

.args      0    00004784    00000008     
                  00004784    00000008     --HOLE-- [fill = 0]

.data      0    20000000    0000023a     UNINITIALIZED
                  20000000    000000b0     radio.obj (.data)
                  200000b0    000000b0     rtsv7M3_T_le_eabi.lib : signal.obj (.data:sigtable)
                  20000160    00000080                           : xvalues.obj (.data)
                  200001e0    00000030     radio.obj (.data:bleDifferentialOverrides)
                  20000210    00000008     rtsv7M3_T_le_eabi.lib : _lock.obj (.data)
                  20000218    00000008                           : exit.obj (.data)
                  20000220    00000008                           : feraiseexcept.obj (.data)
                  20000228    00000004     bmp-280-sensor.obj (.data)
                  2000022c    00000004     opt-3001-sensor.obj (.data)
                  20000230    00000004     rtsv7M3_T_le_eabi.lib : errno.obj (.data)
                  20000234    00000004                           : stkdepth_vars.obj (.data)
                  20000238    00000002     board-i2c.obj (.data)

.TI.persistent 
*          0    20000000    00000000     UNINITIALIZED

.bss       0    20000240    00000072     UNINITIALIZED
                  20000240    00000020     (.common:buffer)
                  20000260    00000018     (.common:calibration_data)
                  20000278    00000014     (.common:oscHfGlobals)
                  2000028c    00000004     (.common:amb_temp_latched)
                  20000290    00000008     (.common:devAddress)
                  20000298    00000008     (.common:powerQualGlobals)
                  200002a0    00000008     (.common:sensor_value)
                  200002a8    00000004     (.common:buf)
                  200002ac    00000004     (.common:obj_temp_latched)
                  200002b0    00000002     (.common:val)

.TI.noinit 
*          0    20000240    00000000     UNINITIALIZED

.stack     0    20004f00    00000100     UNINITIALIZED
                  20004f00    00000100     --HOLE--


LINKER GENERATED COPY TABLES

__TI_cinit_table @ 00004878 records: 2, size/record: 8, table size: 16
	.data: load addr=00004790, load size=000000d4 bytes, run addr=20000000, run size=0000023a bytes, compression=rle
	.bss: load addr=00004870, load size=00000008 bytes, run addr=20000240, run size=00000072 bytes, compression=zero_init


LINKER GENERATED HANDLER TABLE

__TI_handler_table @ 00004864 records: 3, size/record: 4, table size: 12
	index: 0, handler: __TI_decompress_rle24
	index: 1, handler: __TI_decompress_none
	index: 2, handler: __TI_zero_init


GLOBAL SYMBOLS: SORTED ALPHABETICALLY BY Name 

address   name                                                  
-------   ----                                                  
000043c1  AONBatMonTemperatureGetDegC                           
00003691  AONRTCCurrentSubSecValueGet                           
00003689  AONRTCIntHandler                                      
00004405  C$$EXIT                                               
0000344d  ChipInfo_GetChipFamily                                
000034a3  ChipInfo_GetHwRevision                                
0000341b  ChipInfo_GetPackageType                               
00003411  ChipInfo_GetSupportedProtocol_BV                      
000042fd  NOROM_AONRTCCurrent64BitValueGet                      
000042d1  NOROM_AONRTCCurrentCompareValueGet                    
00004617  NOROM_CPUbasepriGet                                   
000045f5  NOROM_CPUcpsid                                        
0000460b  NOROM_CPUcpsie                                        
00004687  NOROM_CPUdelay                                        
00004601  NOROM_CPUprimask                                      
00002bc7  NOROM_DDI16BitRead                                    
00002b25  NOROM_DDI16BitWrite                                   
00002c0f  NOROM_DDI16BitfieldRead                               
00002b75  NOROM_DDI16BitfieldWrite                              
0000261d  NOROM_OSCClockSourceGet                               
000025cd  NOROM_OSCClockSourceSet                               
0000264d  NOROM_OSCInterfaceEnable                              
00002517  NOROM_PowerCtrlSourceSet                              
000023fb  NOROM_PowerCtrlStateSet                               
000010b3  NOROM_SysCtrlPowerEverything                          
000011b9  NOROM_SysCtrlPowerdown                                
00001659  NOROM_SysCtrlResetSourceGet                           
000011e7  NOROM_SysCtrlShutdown                                 
0000119f  NOROM_SysCtrlStandby                                  
00003aa1  NOROM_VIMSConfigure                                   
00003b0f  NOROM_VIMSModeGet                                     
00003b2f  NOROM_VIMSModeSafeSet                                 
00003ae3  NOROM_VIMSModeSet                                     
00002751  OSCHF_AttemptToSwitchToXosc                           
0000267b  OSCHF_GetStartupTime                                  
000027b1  OSCHF_SwitchToRcOscTurnOffXosc                        
0000273d  OSCHF_TurnOnXosc                                      
00002f8f  RFCCPE0IntHandler                                     
00002f77  RFCCPE1IntHandler                                     
00003e15  ResetISR                                              
UNDEFED   SHT$$INIT_ARRAY$$Base                                 
UNDEFED   SHT$$INIT_ARRAY$$Limit                                
00000559  SignExtendVddrTrimValue                               
00001525  SysCtrlAdjustRechargeAfterPowerDown                   
00001241  SysCtrlSetRechargeBeforePowerDown                     
000015c9  SysCtrl_DCDC_VoltageConditionalControl                
00003537  ThisCodeIsBuiltForCC26xxHwRev22AndLater_HaltIfViolated
20000160  _Denorm                                               
00003c9d  _Dnorm                                                
00003991  _Dscale                                               
20000170  _Eps                                                  
20000230  _Errno                                                
00002c6d  _Exp                                                  
20000220  _Fenv                                                 
00004569  _Feraise                                              
20000180  _Hugeval                                              
20000190  _Inf                                                  
200001a0  _Nan                                                  
200001c0  _Rteps                                                
200001b0  _Snan                                                 
20000224  _Tls_setup__Fenv                                      
200001d0  _Xbig                                                 
200001d8  _Zero                                                 
20005000  __STACK_END                                           
00000100  __STACK_SIZE                                          
20005000  __STACK_TOP                                           
00004878  __TI_CINIT_Base                                       
00004888  __TI_CINIT_Limit                                      
00004864  __TI_Handler_Table_Base                               
00004870  __TI_Handler_Table_Limit                              
000041f9  __TI_auto_init                                        
20000218  __TI_cleanup_ptr                                      
0000466d  __TI_decompress_none                                  
0000468d  __TI_decompress_rle24                                 
2000021c  __TI_dtors_ptr                                        
00000000  __TI_static_base__                                    
0000467b  __TI_zero_init                                        
00004011  __aeabi_cdcmpeq                                       
00004011  __aeabi_cdcmple                                       
0000418b  __aeabi_d2f                                           
00004379  __aeabi_d2iz                                          
0000305f  __aeabi_dadd                                          
00003859  __aeabi_ddiv                                          
00003ba1  __aeabi_dmul                                          
00003055  __aeabi_dsub                                          
000044c5  __aeabi_f2iz                                          
00004097  __aeabi_fmul                                          
00004599  __aeabi_i2d                                           
000044fd  __aeabi_i2f                                           
00004111  __aeabi_memclr                                        
00004111  __aeabi_memclr4                                       
00004111  __aeabi_memclr8                                       
00003f75  __aeabi_memcpy                                        
00003f75  __aeabi_memcpy4                                       
00003f75  __aeabi_memcpy8                                       
00004113  __aeabi_memset                                        
00004113  __aeabi_memset4                                       
00004113  __aeabi_memset8                                       
00004621  __aeabi_ui2d                                          
ffffffff  __binit__                                             
00004784  __c_args__                                            
0001ffa8  __ccfg                                                
20004f00  __stack                                               
00004641  _args_main                                            
00004489  _c_int00                                              
20000210  _lock                                                 
00004667  _nop                                                  
0000465f  _register_lock                                        
00004659  _register_unlock                                      
00004693  _system_pre_init                                      
20000214  _unlock                                               
00004409  abort                                                 
20000003  advData                                               
20000030  advOutput                                             
ffffffff  binit                                                 
200001e0  bleDifferentialOverrides                              
00000d01  board_i2c_read                                        
00000f3b  board_i2c_select                                      
00000b3b  board_i2c_shutdown                                    
00000abd  board_i2c_wakeup                                      
00000bdb  board_i2c_write                                       
00000de1  board_i2c_write_read                                  
00000ca3  board_i2c_write_single                                
00002275  board_spi_close                                       
000021a9  board_spi_flush                                       
000021c7  board_spi_open                                        
00002151  board_spi_read                                        
00002105  board_spi_write                                       
20000070  cmdAdv0                                               
20000058  cmdAdv1                                               
20000040  cmdAdv2                                               
20000010  cmdAdvParam                                           
20000088  cmdFsPd                                               
20000098  cmdSetup                                              
00002057  configure_bmp_280                                     
00003833  configure_opt_3001                                    
000029e3  configure_tmp_007                                     
00001e4d  convert_bmp_280                                       
000037a5  convert_opt_3001                                      
00002903  convert_tmp_007                                       
0000432d  copy_in                                               
00001df7  enable_bmp_280                                        
000036f9  enable_opt_3001                                       
0000280d  enable_tmp_007                                        
00004411  exit                                                  
00003ec9  exp2                                                  
0000188d  ext_flash_close                                       
000019dd  ext_flash_erase                                       
00001aa5  ext_flash_init                                        
00001857  ext_flash_open                                        
00001899  ext_flash_read                                        
00001a91  ext_flash_test                                        
00001915  ext_flash_write                                       
00004535  feraiseexcept                                         
00000000  g_pfnVectors                                          
0000320d  initInterrupts                                        
00003607  initRTC                                               
00003639  initRTC_WUms                                          
00002ec5  initRadio                                             
00002f65  initRadioInts                                         
00001dd5  init_bmp_280                                          
00001b53  ledInit                                               
00001b7f  main                                                  
20000234  main_func_sp                                          
00003f75  memcpy                                                
00004119  memset                                                
000032fb  powerConfigureRecharge                                
00003231  powerDisableAuxForceOn                                
0000326d  powerDisableAuxRamRet                                 
000032a1  powerDisableCPU                                       
00003247  powerDisableCache                                     
00003261  powerDisableCacheRetention                            
000032b1  powerDisableFlashInIdle                               
000032e5  powerDisableMcuPdReq                                  
00003293  powerDisablePeriph                                    
0000327d  powerDisableRFC                                       
0000331d  powerDisableXtal                                      
000032c7  powerDivideInfClkDS                                   
000032b9  powerEnableAUXPdReq                                   
00003229  powerEnableAuxForceOn                                 
00003239  powerEnableCache                                      
00003255  powerEnableCacheRetention                             
000032a9  powerEnableFlashInIdle                                
000032ed  powerEnableGPIOClockRunMode                           
000032dd  powerEnableMcuPdReq                                   
00003285  powerEnablePeriph                                     
00003275  powerEnableRFC                                        
00003315  powerEnableXtal                                       
00003325  powerEnableXtalInterface                              
00002ef9  radioCmdBusRequest                                    
00002f17  radioCmdStartRAT                                      
00002ef1  radioPatch                                            
00002f29  radioSetupAndTransmit                                 
00002f33  radioUpdateAdvData                                    
000045c7  raise                                                 
00001e23  read_data_bmp_280                                     
00003743  read_data_opt_3001                                    
0000285d  read_data_tmp_007                                     
20000002  rfAdvertisingDone                                     
20000000  rfBootDone                                            
20000001  rfSetupDone                                           
00002ee9  runRadio                                              
00001dc9  select_bmp_280                                        
000036ed  select_opt_3001                                       
00003d5d  sensor_common_read_reg                                
00003ddf  sensor_common_set_error_data                          
00003d79  sensor_common_write_reg                               
00001af1  sensorsInit                                           
00004449  signal                                                
000001c5  trimDevice                                            
000037fb  value                                                 
00001fe5  value_bmp_280                                         
00002955  value_tmp_007                                         
00003355  waitUntilAUXReady                                     
00003343  waitUntilPeriphReady                                  
00003331  waitUntilRFCReady                                     


GLOBAL SYMBOLS: SORTED BY Symbol Address 

address   name                                                  
-------   ----                                                  
00000000  __TI_static_base__                                    
00000000  g_pfnVectors                                          
00000100  __STACK_SIZE                                          
000001c5  trimDevice                                            
00000559  SignExtendVddrTrimValue                               
00000abd  board_i2c_wakeup                                      
00000b3b  board_i2c_shutdown                                    
00000bdb  board_i2c_write                                       
00000ca3  board_i2c_write_single                                
00000d01  board_i2c_read                                        
00000de1  board_i2c_write_read                                  
00000f3b  board_i2c_select                                      
000010b3  NOROM_SysCtrlPowerEverything                          
0000119f  NOROM_SysCtrlStandby                                  
000011b9  NOROM_SysCtrlPowerdown                                
000011e7  NOROM_SysCtrlShutdown                                 
00001241  SysCtrlSetRechargeBeforePowerDown                     
00001525  SysCtrlAdjustRechargeAfterPowerDown                   
000015c9  SysCtrl_DCDC_VoltageConditionalControl                
00001659  NOROM_SysCtrlResetSourceGet                           
00001857  ext_flash_open                                        
0000188d  ext_flash_close                                       
00001899  ext_flash_read                                        
00001915  ext_flash_write                                       
000019dd  ext_flash_erase                                       
00001a91  ext_flash_test                                        
00001aa5  ext_flash_init                                        
00001af1  sensorsInit                                           
00001b53  ledInit                                               
00001b7f  main                                                  
00001dc9  select_bmp_280                                        
00001dd5  init_bmp_280                                          
00001df7  enable_bmp_280                                        
00001e23  read_data_bmp_280                                     
00001e4d  convert_bmp_280                                       
00001fe5  value_bmp_280                                         
00002057  configure_bmp_280                                     
00002105  board_spi_write                                       
00002151  board_spi_read                                        
000021a9  board_spi_flush                                       
000021c7  board_spi_open                                        
00002275  board_spi_close                                       
000023fb  NOROM_PowerCtrlStateSet                               
00002517  NOROM_PowerCtrlSourceSet                              
000025cd  NOROM_OSCClockSourceSet                               
0000261d  NOROM_OSCClockSourceGet                               
0000264d  NOROM_OSCInterfaceEnable                              
0000267b  OSCHF_GetStartupTime                                  
0000273d  OSCHF_TurnOnXosc                                      
00002751  OSCHF_AttemptToSwitchToXosc                           
000027b1  OSCHF_SwitchToRcOscTurnOffXosc                        
0000280d  enable_tmp_007                                        
0000285d  read_data_tmp_007                                     
00002903  convert_tmp_007                                       
00002955  value_tmp_007                                         
000029e3  configure_tmp_007                                     
00002b25  NOROM_DDI16BitWrite                                   
00002b75  NOROM_DDI16BitfieldWrite                              
00002bc7  NOROM_DDI16BitRead                                    
00002c0f  NOROM_DDI16BitfieldRead                               
00002c6d  _Exp                                                  
00002ec5  initRadio                                             
00002ee9  runRadio                                              
00002ef1  radioPatch                                            
00002ef9  radioCmdBusRequest                                    
00002f17  radioCmdStartRAT                                      
00002f29  radioSetupAndTransmit                                 
00002f33  radioUpdateAdvData                                    
00002f65  initRadioInts                                         
00002f77  RFCCPE1IntHandler                                     
00002f8f  RFCCPE0IntHandler                                     
00003055  __aeabi_dsub                                          
0000305f  __aeabi_dadd                                          
0000320d  initInterrupts                                        
00003229  powerEnableAuxForceOn                                 
00003231  powerDisableAuxForceOn                                
00003239  powerEnableCache                                      
00003247  powerDisableCache                                     
00003255  powerEnableCacheRetention                             
00003261  powerDisableCacheRetention                            
0000326d  powerDisableAuxRamRet                                 
00003275  powerEnableRFC                                        
0000327d  powerDisableRFC                                       
00003285  powerEnablePeriph                                     
00003293  powerDisablePeriph                                    
000032a1  powerDisableCPU                                       
000032a9  powerEnableFlashInIdle                                
000032b1  powerDisableFlashInIdle                               
000032b9  powerEnableAUXPdReq                                   
000032c7  powerDivideInfClkDS                                   
000032dd  powerEnableMcuPdReq                                   
000032e5  powerDisableMcuPdReq                                  
000032ed  powerEnableGPIOClockRunMode                           
000032fb  powerConfigureRecharge                                
00003315  powerEnableXtal                                       
0000331d  powerDisableXtal                                      
00003325  powerEnableXtalInterface                              
00003331  waitUntilRFCReady                                     
00003343  waitUntilPeriphReady                                  
00003355  waitUntilAUXReady                                     
00003411  ChipInfo_GetSupportedProtocol_BV                      
0000341b  ChipInfo_GetPackageType                               
0000344d  ChipInfo_GetChipFamily                                
000034a3  ChipInfo_GetHwRevision                                
00003537  ThisCodeIsBuiltForCC26xxHwRev22AndLater_HaltIfViolated
00003607  initRTC                                               
00003639  initRTC_WUms                                          
00003689  AONRTCIntHandler                                      
00003691  AONRTCCurrentSubSecValueGet                           
000036ed  select_opt_3001                                       
000036f9  enable_opt_3001                                       
00003743  read_data_opt_3001                                    
000037a5  convert_opt_3001                                      
000037fb  value                                                 
00003833  configure_opt_3001                                    
00003859  __aeabi_ddiv                                          
00003991  _Dscale                                               
00003aa1  NOROM_VIMSConfigure                                   
00003ae3  NOROM_VIMSModeSet                                     
00003b0f  NOROM_VIMSModeGet                                     
00003b2f  NOROM_VIMSModeSafeSet                                 
00003ba1  __aeabi_dmul                                          
00003c9d  _Dnorm                                                
00003d5d  sensor_common_read_reg                                
00003d79  sensor_common_write_reg                               
00003ddf  sensor_common_set_error_data                          
00003e15  ResetISR                                              
00003ec9  exp2                                                  
00003f75  __aeabi_memcpy                                        
00003f75  __aeabi_memcpy4                                       
00003f75  __aeabi_memcpy8                                       
00003f75  memcpy                                                
00004011  __aeabi_cdcmpeq                                       
00004011  __aeabi_cdcmple                                       
00004097  __aeabi_fmul                                          
00004111  __aeabi_memclr                                        
00004111  __aeabi_memclr4                                       
00004111  __aeabi_memclr8                                       
00004113  __aeabi_memset                                        
00004113  __aeabi_memset4                                       
00004113  __aeabi_memset8                                       
00004119  memset                                                
0000418b  __aeabi_d2f                                           
000041f9  __TI_auto_init                                        
000042d1  NOROM_AONRTCCurrentCompareValueGet                    
000042fd  NOROM_AONRTCCurrent64BitValueGet                      
0000432d  copy_in                                               
00004379  __aeabi_d2iz                                          
000043c1  AONBatMonTemperatureGetDegC                           
00004405  C$$EXIT                                               
00004409  abort                                                 
00004411  exit                                                  
00004449  signal                                                
00004489  _c_int00                                              
000044c5  __aeabi_f2iz                                          
000044fd  __aeabi_i2f                                           
00004535  feraiseexcept                                         
00004569  _Feraise                                              
00004599  __aeabi_i2d                                           
000045c7  raise                                                 
000045f5  NOROM_CPUcpsid                                        
00004601  NOROM_CPUprimask                                      
0000460b  NOROM_CPUcpsie                                        
00004617  NOROM_CPUbasepriGet                                   
00004621  __aeabi_ui2d                                          
00004641  _args_main                                            
00004659  _register_unlock                                      
0000465f  _register_lock                                        
00004667  _nop                                                  
0000466d  __TI_decompress_none                                  
0000467b  __TI_zero_init                                        
00004687  NOROM_CPUdelay                                        
0000468d  __TI_decompress_rle24                                 
00004693  _system_pre_init                                      
00004784  __c_args__                                            
00004864  __TI_Handler_Table_Base                               
00004870  __TI_Handler_Table_Limit                              
00004878  __TI_CINIT_Base                                       
00004888  __TI_CINIT_Limit                                      
0001ffa8  __ccfg                                                
20000000  rfBootDone                                            
20000001  rfSetupDone                                           
20000002  rfAdvertisingDone                                     
20000003  advData                                               
20000010  cmdAdvParam                                           
20000030  advOutput                                             
20000040  cmdAdv2                                               
20000058  cmdAdv1                                               
20000070  cmdAdv0                                               
20000088  cmdFsPd                                               
20000098  cmdSetup                                              
20000160  _Denorm                                               
20000170  _Eps                                                  
20000180  _Hugeval                                              
20000190  _Inf                                                  
200001a0  _Nan                                                  
200001b0  _Snan                                                 
200001c0  _Rteps                                                
200001d0  _Xbig                                                 
200001d8  _Zero                                                 
200001e0  bleDifferentialOverrides                              
20000210  _lock                                                 
20000214  _unlock                                               
20000218  __TI_cleanup_ptr                                      
2000021c  __TI_dtors_ptr                                        
20000220  _Fenv                                                 
20000224  _Tls_setup__Fenv                                      
20000230  _Errno                                                
20000234  main_func_sp                                          
20004f00  __stack                                               
20005000  __STACK_END                                           
20005000  __STACK_TOP                                           
ffffffff  __binit__                                             
ffffffff  binit                                                 
UNDEFED   SHT$$INIT_ARRAY$$Base                                 
UNDEFED   SHT$$INIT_ARRAY$$Limit                                

[216 symbols]
