******************************************************************************
                  TI ARM Linker PC v5.2.7                      
******************************************************************************
>> Linked Fri Mar 25 09:19:05 2016

OUTPUT FILE NAME:   <bicycle_computer.out>
ENTRY POINT SYMBOL: "ResetISR"  address: 00003e49


MEMORY CONFIGURATION

         name            origin    length      used     unused   attr    fill
----------------------  --------  ---------  --------  --------  ----  --------
  FLASH                 00000000   00020000  0000490c  0001b6f4  R  X
  GPRAM                 11000000   00002000  00000000  00002000  RW X
  SRAM                  20000000   00005000  000003ac  00004c54  RW X


SEGMENT ALLOCATION MAP

run origin  load origin   length   init length attrs members
----------  ----------- ---------- ----------- ----- -------
00000000    00000000    000047ba   000047ba    r-x
  00000000    00000000    000000c8   000000c8    r-- .intvecs
  000000c8    000000c8    00004602   00004602    r-x .text
  000046d0    000046d0    000000ea   000000ea    r-- .const
000047bc    000047bc    00000008   00000008    rw-
  000047bc    000047bc    00000008   00000008    rw- .args
000047c8    000047c8    000000f8   000000f8    r--
  000047c8    000047c8    000000f8   000000f8    r-- .cinit
0001ffa8    0001ffa8    00000058   00000058    r--
  0001ffa8    0001ffa8    00000058   00000058    r-- .ccfg
20000000    20000000    000002b2   00000000    rw-
  20000000    20000000    0000023a   00000000    rw- .data
  20000240    20000240    00000072   00000000    rw- .bss
20004f00    20004f00    00000100   00000000    rw-
  20004f00    20004f00    00000100   00000000    rw- .stack


SECTION ALLOCATION MAP

 output                                  attributes/
section   page    origin      length       input sections
--------  ----  ----------  ----------   ----------------
.intvecs   0    00000000    000000c8     
                  00000000    000000c8     startup_ccs.obj (.intvecs)

.text      0    000000c8    00004602     
                  000000c8    0000090c     setup.obj (.text)
                  000009d4    00000668     board-i2c.obj (.text)
                  0000103c    00000664     sys_ctrl.obj (.text)
                  000016a0    0000041c     ext-flash.obj (.text)
                  00001abc    000002b4     bmp-280-sensor.obj (.text)
                  00001d70    00000298     main.obj (.text)
                  00002008    00000288     board-spi.obj (.text)
                  00002290    00000288     pwr_ctrl.obj (.text)
                  00002518    00000280     osc.obj (.text)
                  00002798    00000258     system.obj (.text)
                  000029f0    0000023c     tmp-007-sensor.obj (.text)
                  00002c2c    00000224     ddi.obj (.text)
                  00002e50    000001fc     rtsv7M3_T_le_eabi.lib : xexp.obj (.text)
                  0000304c    000001ec     radio.obj (.text)
                  00003238    000001b6     rtsv7M3_T_le_eabi.lib : fd_add_t2.obj (.text)
                  000033ee    00000002     --HOLE-- [fill = 0]
                  000033f0    0000019c     chipinfo.obj (.text)
                  0000358c    00000194     rtc.obj (.text)
                  00003720    0000016c     opt-3001-sensor.obj (.text)
                  0000388c    00000136     rtsv7M3_T_le_eabi.lib : fd_div_t2.obj (.text)
                  000039c2    00000002     --HOLE-- [fill = 0]
                  000039c4    00000110                           : xdscale.obj (.text)
                  00003ad4    00000100     vims.obj (.text)
                  00003bd4    000000fc     rtsv7M3_T_le_eabi.lib : fd_mul_t2.obj (.text)
                  00003cd0    000000be                           : xdnorm.obj (.text)
                  00003d8e    00000002     --HOLE-- [fill = 0]
                  00003d90    000000b8     sensor-common.obj (.text)
                  00003e48    000000b4     startup_ccs.obj (.text)
                  00003efc    000000ac     rtsv7M3_T_le_eabi.lib : exp2.obj (.text)
                  00003fa8    0000009c                           : memcpy_t2.obj (.text)
                  00004044    00000086                           : fd_cmp_t2.obj (.text:__aeabi_cdcmple)
                  000040ca    0000007a                           : fs_mul_t2.obj (.text)
                  00004144    0000007a                           : memset_t2.obj (.text)
                  000041be    0000006e                           : fd_tos_t2.obj (.text)
                  0000422c    0000006c                           : autoinit.obj (.text)
                  00004298    0000006a                           : copy_decompress_rle.obj (.text)
                  00004302    00000002     --HOLE-- [fill = 0]
                  00004304    0000005c     aon_rtc.obj (.text)
                  00004360    0000004c     rtsv7M3_T_le_eabi.lib : cpy_tbl.obj (.text)
                  000043ac    00000048                           : fd_toi_t2.obj (.text)
                  000043f4    00000044     aon_batmon.obj (.text)
                  00004438    00000044     rtsv7M3_T_le_eabi.lib : exit.obj (.text)
                  0000447c    00000040                           : signal.obj (.text)
                  000044bc    0000003c                           : boot.obj (.text)
                  000044f8    00000038                           : fs_toi_t2.obj (.text)
                  00004530    00000038                           : i_tofs_t2.obj (.text)
                  00004568    00000034                           : feraiseexcept.obj (.text)
                  0000459c    00000030                           : xferaise.obj (.text)
                  000045cc    0000002e                           : i_tofd_t2.obj (.text)
                  000045fa    0000002e                           : raise.obj (.text)
                  00004628    0000002c     cpu.obj (.text)
                  00004654    00000020     rtsv7M3_T_le_eabi.lib : u_tofd_t2.obj (.text)
                  00004674    00000018                           : args_main.obj (.text)
                  0000468c    00000014                           : _lock.obj (.text)
                  000046a0    0000000e                           : copy_decompress_none.obj (.text:decompress:none)
                  000046ae    0000000c                           : copy_zero_init.obj (.text:decompress:ZI)
                  000046ba    00000006     cpu.obj (.text:NOROM_CPUdelay)
                  000046c0    00000006     rtsv7M3_T_le_eabi.lib : copy_decompress_rle.obj (.text:decompress:rle24)
                  000046c6    00000004                           : pre_init.obj (.text)

.const     0    000046d0    000000ea     
                  000046d0    00000068     radio.obj (.const:patchImage)
                  00004738    00000048     rtsv7M3_T_le_eabi.lib : xexp.obj (.const)
                  00004780    00000034     sys_ctrl.obj (.const:g_pui32ModuleCG)
                  000047b4    00000006     ext-flash.obj (.const:.string)

.cinit     0    000047c8    000000f8     
                  000047c8    000000d4     (.cinit..data.load) [load image, compression = rle]
                  0000489c    0000000c     (__TI_handler_table)
                  000048a8    00000008     (.cinit..bss.load) [load image, compression = zero_init]
                  000048b0    00000010     (__TI_cinit_table)

.init_array 
*          0    00000000    00000000     UNINITIALIZED

.ccfg      0    0001ffa8    00000058     
                  0001ffa8    00000058     ccfg.obj (.ccfg:retain)

.args      0    000047bc    00000008     
                  000047bc    00000008     --HOLE-- [fill = 0]

.data      0    20000000    0000023a     UNINITIALIZED
                  20000000    000000b0     radio.obj (.data)
                  200000b0    000000b0     rtsv7M3_T_le_eabi.lib : signal.obj (.data:sigtable)
                  20000160    00000080                           : xvalues.obj (.data)
                  200001e0    00000030     radio.obj (.data:bleDifferentialOverrides)
                  20000210    00000008     rtsv7M3_T_le_eabi.lib : _lock.obj (.data)
                  20000218    00000008                           : exit.obj (.data)
                  20000220    00000008                           : feraiseexcept.obj (.data)
                  20000228    00000004     bmp-280-sensor.obj (.data)
                  2000022c    00000004     opt-3001-sensor.obj (.data)
                  20000230    00000004     rtsv7M3_T_le_eabi.lib : errno.obj (.data)
                  20000234    00000004                           : stkdepth_vars.obj (.data)
                  20000238    00000002     board-i2c.obj (.data)

.TI.persistent 
*          0    20000000    00000000     UNINITIALIZED

.bss       0    20000240    00000072     UNINITIALIZED
                  20000240    00000020     (.common:buffer)
                  20000260    00000018     (.common:calibration_data)
                  20000278    00000014     (.common:oscHfGlobals)
                  2000028c    00000004     (.common:amb_temp_latched)
                  20000290    00000008     (.common:devAddress)
                  20000298    00000008     (.common:powerQualGlobals)
                  200002a0    00000008     (.common:sensor_value)
                  200002a8    00000004     (.common:buf)
                  200002ac    00000004     (.common:obj_temp_latched)
                  200002b0    00000002     (.common:val)

.TI.noinit 
*          0    20000240    00000000     UNINITIALIZED

.stack     0    20004f00    00000100     UNINITIALIZED
                  20004f00    00000100     --HOLE--


LINKER GENERATED COPY TABLES

__TI_cinit_table @ 000048b0 records: 2, size/record: 8, table size: 16
	.data: load addr=000047c8, load size=000000d4 bytes, run addr=20000000, run size=0000023a bytes, compression=rle
	.bss: load addr=000048a8, load size=00000008 bytes, run addr=20000240, run size=00000072 bytes, compression=zero_init


LINKER GENERATED HANDLER TABLE

__TI_handler_table @ 0000489c records: 3, size/record: 4, table size: 12
	index: 0, handler: __TI_decompress_rle24
	index: 1, handler: __TI_decompress_none
	index: 2, handler: __TI_zero_init


GLOBAL SYMBOLS: SORTED ALPHABETICALLY BY Name 

address   name                                                  
-------   ----                                                  
000043f5  AONBatMonTemperatureGetDegC                           
000036c5  AONRTCCurrentSubSecValueGet                           
000036bd  AONRTCIntHandler                                      
00004439  C$$EXIT                                               
00003481  ChipInfo_GetChipFamily                                
000034d7  ChipInfo_GetHwRevision                                
0000344f  ChipInfo_GetPackageType                               
00003445  ChipInfo_GetSupportedProtocol_BV                      
00004331  NOROM_AONRTCCurrent64BitValueGet                      
00004305  NOROM_AONRTCCurrentCompareValueGet                    
0000464b  NOROM_CPUbasepriGet                                   
00004629  NOROM_CPUcpsid                                        
0000463f  NOROM_CPUcpsie                                        
000046bb  NOROM_CPUdelay                                        
00004635  NOROM_CPUprimask                                      
00002dab  NOROM_DDI16BitRead                                    
00002d09  NOROM_DDI16BitWrite                                   
00002df3  NOROM_DDI16BitfieldRead                               
00002d59  NOROM_DDI16BitfieldWrite                              
000025a9  NOROM_OSCClockSourceGet                               
00002559  NOROM_OSCClockSourceSet                               
000025d9  NOROM_OSCInterfaceEnable                              
000024a3  NOROM_PowerCtrlSourceSet                              
00002387  NOROM_PowerCtrlStateSet                               
000010b3  NOROM_SysCtrlPowerEverything                          
000011b9  NOROM_SysCtrlPowerdown                                
00001659  NOROM_SysCtrlResetSourceGet                           
000011e7  NOROM_SysCtrlShutdown                                 
0000119f  NOROM_SysCtrlStandby                                  
00003ad5  NOROM_VIMSConfigure                                   
00003b43  NOROM_VIMSModeGet                                     
00003b63  NOROM_VIMSModeSafeSet                                 
00003b17  NOROM_VIMSModeSet                                     
000026dd  OSCHF_AttemptToSwitchToXosc                           
00002607  OSCHF_GetStartupTime                                  
0000273d  OSCHF_SwitchToRcOscTurnOffXosc                        
000026c9  OSCHF_TurnOnXosc                                      
00003173  RFCCPE0IntHandler                                     
0000315b  RFCCPE1IntHandler                                     
00003e49  ResetISR                                              
UNDEFED   SHT$$INIT_ARRAY$$Base                                 
UNDEFED   SHT$$INIT_ARRAY$$Limit                                
00000559  SignExtendVddrTrimValue                               
00001525  SysCtrlAdjustRechargeAfterPowerDown                   
00001241  SysCtrlSetRechargeBeforePowerDown                     
000015c9  SysCtrl_DCDC_VoltageConditionalControl                
0000356b  ThisCodeIsBuiltForCC26xxHwRev22AndLater_HaltIfViolated
20000160  _Denorm                                               
00003cd1  _Dnorm                                                
000039c5  _Dscale                                               
20000170  _Eps                                                  
20000230  _Errno                                                
00002e51  _Exp                                                  
20000220  _Fenv                                                 
0000459d  _Feraise                                              
20000180  _Hugeval                                              
20000190  _Inf                                                  
200001a0  _Nan                                                  
200001c0  _Rteps                                                
200001b0  _Snan                                                 
20000224  _Tls_setup__Fenv                                      
200001d0  _Xbig                                                 
200001d8  _Zero                                                 
20005000  __STACK_END                                           
00000100  __STACK_SIZE                                          
20005000  __STACK_TOP                                           
000048b0  __TI_CINIT_Base                                       
000048c0  __TI_CINIT_Limit                                      
0000489c  __TI_Handler_Table_Base                               
000048a8  __TI_Handler_Table_Limit                              
0000422d  __TI_auto_init                                        
20000218  __TI_cleanup_ptr                                      
000046a1  __TI_decompress_none                                  
000046c1  __TI_decompress_rle24                                 
2000021c  __TI_dtors_ptr                                        
00000000  __TI_static_base__                                    
000046af  __TI_zero_init                                        
00004045  __aeabi_cdcmpeq                                       
00004045  __aeabi_cdcmple                                       
000041bf  __aeabi_d2f                                           
000043ad  __aeabi_d2iz                                          
00003243  __aeabi_dadd                                          
0000388d  __aeabi_ddiv                                          
00003bd5  __aeabi_dmul                                          
00003239  __aeabi_dsub                                          
000044f9  __aeabi_f2iz                                          
000040cb  __aeabi_fmul                                          
000045cd  __aeabi_i2d                                           
00004531  __aeabi_i2f                                           
00004145  __aeabi_memclr                                        
00004145  __aeabi_memclr4                                       
00004145  __aeabi_memclr8                                       
00003fa9  __aeabi_memcpy                                        
00003fa9  __aeabi_memcpy4                                       
00003fa9  __aeabi_memcpy8                                       
00004147  __aeabi_memset                                        
00004147  __aeabi_memset4                                       
00004147  __aeabi_memset8                                       
00004655  __aeabi_ui2d                                          
ffffffff  __binit__                                             
000047bc  __c_args__                                            
0001ffa8  __ccfg                                                
20004f00  __stack                                               
00004675  _args_main                                            
000044bd  _c_int00                                              
20000210  _lock                                                 
0000469b  _nop                                                  
00004693  _register_lock                                        
0000468d  _register_unlock                                      
000046c7  _system_pre_init                                      
20000214  _unlock                                               
0000443d  abort                                                 
20000003  advData                                               
20000030  advOutput                                             
ffffffff  binit                                                 
200001e0  bleDifferentialOverrides                              
00000d01  board_i2c_read                                        
00000f3b  board_i2c_select                                      
00000b3b  board_i2c_shutdown                                    
00000abd  board_i2c_wakeup                                      
00000bdb  board_i2c_write                                       
00000de1  board_i2c_write_read                                  
00000ca3  board_i2c_write_single                                
00002201  board_spi_close                                       
00002135  board_spi_flush                                       
00002153  board_spi_open                                        
000020dd  board_spi_read                                        
00002091  board_spi_write                                       
20000070  cmdAdv0                                               
20000058  cmdAdv1                                               
20000040  cmdAdv2                                               
20000010  cmdAdvParam                                           
20000088  cmdFsPd                                               
20000098  cmdSetup                                              
00001d4b  configure_bmp_280                                     
00003867  configure_opt_3001                                    
00002bc7  configure_tmp_007                                     
00001b41  convert_bmp_280                                       
000037d9  convert_opt_3001                                      
00002ae7  convert_tmp_007                                       
00004361  copy_in                                               
00001aeb  enable_bmp_280                                        
0000372d  enable_opt_3001                                       
000029f1  enable_tmp_007                                        
00004445  exit                                                  
00003efd  exp2                                                  
0000188d  ext_flash_close                                       
000019dd  ext_flash_erase                                       
00001aa5  ext_flash_init                                        
00001857  ext_flash_open                                        
00001899  ext_flash_read                                        
00001a91  ext_flash_test                                        
00001915  ext_flash_write                                       
00004569  feraiseexcept                                         
00000000  g_pfnVectors                                          
00002837  initInterrupts                                        
0000363b  initRTC                                               
0000366d  initRTC_WUms                                          
000030a9  initRadio                                             
00003149  initRadioInts                                         
00001ac9  init_bmp_280                                          
000027a9  ledInit                                               
00001d95  main                                                  
20000234  main_func_sp                                          
00003fa9  memcpy                                                
0000414d  memset                                                
00002925  powerConfigureRecharge                                
0000285b  powerDisableAuxForceOn                                
00002897  powerDisableAuxRamRet                                 
000028cb  powerDisableCPU                                       
00002871  powerDisableCache                                     
0000288b  powerDisableCacheRetention                            
000028db  powerDisableFlashInIdle                               
0000290f  powerDisableMcuPdReq                                  
000028bd  powerDisablePeriph                                    
000028a7  powerDisableRFC                                       
00002947  powerDisableXtal                                      
000028f1  powerDivideInfClkDS                                   
000028e3  powerEnableAUXPdReq                                   
00002853  powerEnableAuxForceOn                                 
00002863  powerEnableCache                                      
0000287f  powerEnableCacheRetention                             
000028d3  powerEnableFlashInIdle                                
00002917  powerEnableGPIOClockRunMode                           
00002907  powerEnableMcuPdReq                                   
000028af  powerEnablePeriph                                     
0000289f  powerEnableRFC                                        
0000293f  powerEnableXtal                                       
0000294f  powerEnableXtalInterface                              
000030dd  radioCmdBusRequest                                    
000030fb  radioCmdStartRAT                                      
000030d5  radioPatch                                            
0000310d  radioSetupAndTransmit                                 
00003117  radioUpdateAdvData                                    
000045fb  raise                                                 
00001b17  read_data_bmp_280                                     
00003777  read_data_opt_3001                                    
00002a41  read_data_tmp_007                                     
20000002  rfAdvertisingDone                                     
20000000  rfBootDone                                            
20000001  rfSetupDone                                           
000030cd  runRadio                                              
00001abd  select_bmp_280                                        
00003721  select_opt_3001                                       
00003d91  sensor_common_read_reg                                
00003e13  sensor_common_set_error_data                          
00003dad  sensor_common_write_reg                               
000027d5  sensorsInit                                           
0000447d  signal                                                
000001c5  trimDevice                                            
0000382f  value                                                 
00001cd9  value_bmp_280                                         
00002b39  value_tmp_007                                         
0000297f  waitUntilAUXReady                                     
0000296d  waitUntilPeriphReady                                  
0000295b  waitUntilRFCReady                                     


GLOBAL SYMBOLS: SORTED BY Symbol Address 

address   name                                                  
-------   ----                                                  
00000000  __TI_static_base__                                    
00000000  g_pfnVectors                                          
00000100  __STACK_SIZE                                          
000001c5  trimDevice                                            
00000559  SignExtendVddrTrimValue                               
00000abd  board_i2c_wakeup                                      
00000b3b  board_i2c_shutdown                                    
00000bdb  board_i2c_write                                       
00000ca3  board_i2c_write_single                                
00000d01  board_i2c_read                                        
00000de1  board_i2c_write_read                                  
00000f3b  board_i2c_select                                      
000010b3  NOROM_SysCtrlPowerEverything                          
0000119f  NOROM_SysCtrlStandby                                  
000011b9  NOROM_SysCtrlPowerdown                                
000011e7  NOROM_SysCtrlShutdown                                 
00001241  SysCtrlSetRechargeBeforePowerDown                     
00001525  SysCtrlAdjustRechargeAfterPowerDown                   
000015c9  SysCtrl_DCDC_VoltageConditionalControl                
00001659  NOROM_SysCtrlResetSourceGet                           
00001857  ext_flash_open                                        
0000188d  ext_flash_close                                       
00001899  ext_flash_read                                        
00001915  ext_flash_write                                       
000019dd  ext_flash_erase                                       
00001a91  ext_flash_test                                        
00001aa5  ext_flash_init                                        
00001abd  select_bmp_280                                        
00001ac9  init_bmp_280                                          
00001aeb  enable_bmp_280                                        
00001b17  read_data_bmp_280                                     
00001b41  convert_bmp_280                                       
00001cd9  value_bmp_280                                         
00001d4b  configure_bmp_280                                     
00001d95  main                                                  
00002091  board_spi_write                                       
000020dd  board_spi_read                                        
00002135  board_spi_flush                                       
00002153  board_spi_open                                        
00002201  board_spi_close                                       
00002387  NOROM_PowerCtrlStateSet                               
000024a3  NOROM_PowerCtrlSourceSet                              
00002559  NOROM_OSCClockSourceSet                               
000025a9  NOROM_OSCClockSourceGet                               
000025d9  NOROM_OSCInterfaceEnable                              
00002607  OSCHF_GetStartupTime                                  
000026c9  OSCHF_TurnOnXosc                                      
000026dd  OSCHF_AttemptToSwitchToXosc                           
0000273d  OSCHF_SwitchToRcOscTurnOffXosc                        
000027a9  ledInit                                               
000027d5  sensorsInit                                           
00002837  initInterrupts                                        
00002853  powerEnableAuxForceOn                                 
0000285b  powerDisableAuxForceOn                                
00002863  powerEnableCache                                      
00002871  powerDisableCache                                     
0000287f  powerEnableCacheRetention                             
0000288b  powerDisableCacheRetention                            
00002897  powerDisableAuxRamRet                                 
0000289f  powerEnableRFC                                        
000028a7  powerDisableRFC                                       
000028af  powerEnablePeriph                                     
000028bd  powerDisablePeriph                                    
000028cb  powerDisableCPU                                       
000028d3  powerEnableFlashInIdle                                
000028db  powerDisableFlashInIdle                               
000028e3  powerEnableAUXPdReq                                   
000028f1  powerDivideInfClkDS                                   
00002907  powerEnableMcuPdReq                                   
0000290f  powerDisableMcuPdReq                                  
00002917  powerEnableGPIOClockRunMode                           
00002925  powerConfigureRecharge                                
0000293f  powerEnableXtal                                       
00002947  powerDisableXtal                                      
0000294f  powerEnableXtalInterface                              
0000295b  waitUntilRFCReady                                     
0000296d  waitUntilPeriphReady                                  
0000297f  waitUntilAUXReady                                     
000029f1  enable_tmp_007                                        
00002a41  read_data_tmp_007                                     
00002ae7  convert_tmp_007                                       
00002b39  value_tmp_007                                         
00002bc7  configure_tmp_007                                     
00002d09  NOROM_DDI16BitWrite                                   
00002d59  NOROM_DDI16BitfieldWrite                              
00002dab  NOROM_DDI16BitRead                                    
00002df3  NOROM_DDI16BitfieldRead                               
00002e51  _Exp                                                  
000030a9  initRadio                                             
000030cd  runRadio                                              
000030d5  radioPatch                                            
000030dd  radioCmdBusRequest                                    
000030fb  radioCmdStartRAT                                      
0000310d  radioSetupAndTransmit                                 
00003117  radioUpdateAdvData                                    
00003149  initRadioInts                                         
0000315b  RFCCPE1IntHandler                                     
00003173  RFCCPE0IntHandler                                     
00003239  __aeabi_dsub                                          
00003243  __aeabi_dadd                                          
00003445  ChipInfo_GetSupportedProtocol_BV                      
0000344f  ChipInfo_GetPackageType                               
00003481  ChipInfo_GetChipFamily                                
000034d7  ChipInfo_GetHwRevision                                
0000356b  ThisCodeIsBuiltForCC26xxHwRev22AndLater_HaltIfViolated
0000363b  initRTC                                               
0000366d  initRTC_WUms                                          
000036bd  AONRTCIntHandler                                      
000036c5  AONRTCCurrentSubSecValueGet                           
00003721  select_opt_3001                                       
0000372d  enable_opt_3001                                       
00003777  read_data_opt_3001                                    
000037d9  convert_opt_3001                                      
0000382f  value                                                 
00003867  configure_opt_3001                                    
0000388d  __aeabi_ddiv                                          
000039c5  _Dscale                                               
00003ad5  NOROM_VIMSConfigure                                   
00003b17  NOROM_VIMSModeSet                                     
00003b43  NOROM_VIMSModeGet                                     
00003b63  NOROM_VIMSModeSafeSet                                 
00003bd5  __aeabi_dmul                                          
00003cd1  _Dnorm                                                
00003d91  sensor_common_read_reg                                
00003dad  sensor_common_write_reg                               
00003e13  sensor_common_set_error_data                          
00003e49  ResetISR                                              
00003efd  exp2                                                  
00003fa9  __aeabi_memcpy                                        
00003fa9  __aeabi_memcpy4                                       
00003fa9  __aeabi_memcpy8                                       
00003fa9  memcpy                                                
00004045  __aeabi_cdcmpeq                                       
00004045  __aeabi_cdcmple                                       
000040cb  __aeabi_fmul                                          
00004145  __aeabi_memclr                                        
00004145  __aeabi_memclr4                                       
00004145  __aeabi_memclr8                                       
00004147  __aeabi_memset                                        
00004147  __aeabi_memset4                                       
00004147  __aeabi_memset8                                       
0000414d  memset                                                
000041bf  __aeabi_d2f                                           
0000422d  __TI_auto_init                                        
00004305  NOROM_AONRTCCurrentCompareValueGet                    
00004331  NOROM_AONRTCCurrent64BitValueGet                      
00004361  copy_in                                               
000043ad  __aeabi_d2iz                                          
000043f5  AONBatMonTemperatureGetDegC                           
00004439  C$$EXIT                                               
0000443d  abort                                                 
00004445  exit                                                  
0000447d  signal                                                
000044bd  _c_int00                                              
000044f9  __aeabi_f2iz                                          
00004531  __aeabi_i2f                                           
00004569  feraiseexcept                                         
0000459d  _Feraise                                              
000045cd  __aeabi_i2d                                           
000045fb  raise                                                 
00004629  NOROM_CPUcpsid                                        
00004635  NOROM_CPUprimask                                      
0000463f  NOROM_CPUcpsie                                        
0000464b  NOROM_CPUbasepriGet                                   
00004655  __aeabi_ui2d                                          
00004675  _args_main                                            
0000468d  _register_unlock                                      
00004693  _register_lock                                        
0000469b  _nop                                                  
000046a1  __TI_decompress_none                                  
000046af  __TI_zero_init                                        
000046bb  NOROM_CPUdelay                                        
000046c1  __TI_decompress_rle24                                 
000046c7  _system_pre_init                                      
000047bc  __c_args__                                            
0000489c  __TI_Handler_Table_Base                               
000048a8  __TI_Handler_Table_Limit                              
000048b0  __TI_CINIT_Base                                       
000048c0  __TI_CINIT_Limit                                      
0001ffa8  __ccfg                                                
20000000  rfBootDone                                            
20000001  rfSetupDone                                           
20000002  rfAdvertisingDone                                     
20000003  advData                                               
20000010  cmdAdvParam                                           
20000030  advOutput                                             
20000040  cmdAdv2                                               
20000058  cmdAdv1                                               
20000070  cmdAdv0                                               
20000088  cmdFsPd                                               
20000098  cmdSetup                                              
20000160  _Denorm                                               
20000170  _Eps                                                  
20000180  _Hugeval                                              
20000190  _Inf                                                  
200001a0  _Nan                                                  
200001b0  _Snan                                                 
200001c0  _Rteps                                                
200001d0  _Xbig                                                 
200001d8  _Zero                                                 
200001e0  bleDifferentialOverrides                              
20000210  _lock                                                 
20000214  _unlock                                               
20000218  __TI_cleanup_ptr                                      
2000021c  __TI_dtors_ptr                                        
20000220  _Fenv                                                 
20000224  _Tls_setup__Fenv                                      
20000230  _Errno                                                
20000234  main_func_sp                                          
20004f00  __stack                                               
20005000  __STACK_END                                           
20005000  __STACK_TOP                                           
ffffffff  __binit__                                             
ffffffff  binit                                                 
UNDEFED   SHT$$INIT_ARRAY$$Base                                 
UNDEFED   SHT$$INIT_ARRAY$$Limit                                

[216 symbols]
