******************************************************************************
                  TI ARM Linker PC v5.2.6                      
******************************************************************************
>> Linked Wed Dec 16 17:59:43 2015

OUTPUT FILE NAME:   <PA15_Bicycle_Speed_Measurement_Device.out>
ENTRY POINT SYMBOL: "ResetISR"  address: 00003caf


MEMORY CONFIGURATION

         name            origin    length      used     unused   attr    fill
----------------------  --------  ---------  --------  --------  ----  --------
  FLASH                 00000000   00020000  00004358  0001bca8  R  X
  GPRAM                 11000000   00002000  00000000  00002000  RW X
  SRAM                  20000000   00005000  000003d2  00004c2e  RW X


SEGMENT ALLOCATION MAP

run origin  load origin   length   init length attrs members
----------  ----------- ---------- ----------- ----- -------
00000000    00000000    000041e6   000041e6    r-x
  00000000    00000000    000000c8   000000c8    r-- .intvecs
  000000c8    000000c8    00004062   00004062    r-x .text
  00004130    00004130    000000b6   000000b6    r-- .const
000041e8    000041e8    00000008   00000008    rw-
  000041e8    000041e8    00000008   00000008    rw- .args
000041f0    000041f0    00000118   00000118    r--
  000041f0    000041f0    00000118   00000118    r-- .cinit
0001ffa8    0001ffa8    00000058   00000058    r--
  0001ffa8    0001ffa8    00000058   00000058    r-- .ccfg
20000000    20000000    000002d8   00000000    rw-
  20000000    20000000    0000025a   00000000    rw- .data
  20000260    20000260    00000078   00000000    rw- .bss
20004f00    20004f00    00000100   00000000    rw-
  20004f00    20004f00    00000100   00000000    rw- .stack


SECTION ALLOCATION MAP

 output                                  attributes/
section   page    origin      length       input sections
--------  ----  ----------  ----------   ----------------
.intvecs   0    00000000    000000c8     
                  00000000    000000c8     startup_ccs.obj (.intvecs)

.text      0    000000c8    00004062     
                  000000c8    000008f8     setup.obj (.text)
                  000009c0    00000668     board-i2c.obj (.text)
                  00001028    000005d4     main.obj (.text)
                  000015fc    0000041c     ext-flash.obj (.text)
                  00001a18    000002b4     bmp-280-sensor.obj (.text)
                  00001ccc    00000288     board-spi.obj (.text)
                  00001f54    00000280     osc.obj (.text)
                  000021d4    0000023c     tmp-007-sensor.obj (.text)
                  00002410    00000224     ddi.obj (.text)
                  00002634    00000224     radio.obj (.text)
                  00002858    000001fc     rtsv7M3_T_le_eabi.lib : xexp.obj (.text)
                  00002a54    000001b6                           : fd_add_t2.obj (.text)
                  00002c0a    00000002     --HOLE-- [fill = 0]
                  00002c0c    0000019c     chipinfo.obj (.text)
                  00002da8    0000019c     system.obj (.text)
                  00002f44    00000194     rtc.obj (.text)
                  000030d8    0000016c     opt-3001-sensor.obj (.text)
                  00003244    00000136     rtsv7M3_T_le_eabi.lib : fd_div_t2.obj (.text)
                  0000337a    00000002     --HOLE-- [fill = 0]
                  0000337c    00000114     em8500-pwr-mgnt.obj (.text)
                  00003490    00000110     rtsv7M3_T_le_eabi.lib : xdscale.obj (.text)
                  000035a0    000000fc                           : fd_mul_t2.obj (.text)
                  0000369c    000000be                           : xdnorm.obj (.text)
                  0000375a    00000002     --HOLE-- [fill = 0]
                  0000375c    000000b8     sensor-common.obj (.text)
                  00003814    000000ac     rtsv7M3_T_le_eabi.lib : exp2.obj (.text)
                  000038c0    0000009c                           : memcpy_t2.obj (.text)
                  0000395c    00000092                           : fs_div_t2.obj (.text)
                  000039ee    00000086                           : fd_cmp_t2.obj (.text:__aeabi_cdcmple)
                  00003a74    0000007a                           : fs_mul_t2.obj (.text)
                  00003aee    0000007a                           : memset_t2.obj (.text)
                  00003b68    0000006e                           : fd_tos_t2.obj (.text)
                  00003bd6    00000002     --HOLE-- [fill = 0]
                  00003bd8    0000006c                           : autoinit.obj (.text)
                  00003c44    0000006a                           : copy_decompress_rle.obj (.text)
                  00003cae    0000005e     startup_ccs.obj (.text)
                  00003d0c    0000005c     aon_rtc.obj (.text)
                  00003d68    0000004c     rtsv7M3_T_le_eabi.lib : cpy_tbl.obj (.text)
                  00003db4    00000048                           : fd_toi_t2.obj (.text)
                  00003dfc    00000044     aon_batmon.obj (.text)
                  00003e40    00000044     rtsv7M3_T_le_eabi.lib : exit.obj (.text)
                  00003e84    00000040                           : signal.obj (.text)
                  00003ec4    0000003c                           : boot.obj (.text)
                  00003f00    00000038                           : fs_toi_t2.obj (.text)
                  00003f38    00000038                           : i_tofs_t2.obj (.text)
                  00003f70    00000034                           : feraiseexcept.obj (.text)
                  00003fa4    00000034                           : fs_tou_t2.obj (.text)
                  00003fd8    00000030                           : xferaise.obj (.text)
                  00004008    0000002e                           : i_tofd_t2.obj (.text)
                  00004036    0000002e                           : raise.obj (.text)
                  00004064    0000002c     cpu.obj (.text)
                  00004090    00000024     rtsv7M3_T_le_eabi.lib : u_tofs_t2.obj (.text)
                  000040b4    00000020                           : u_tofd_t2.obj (.text)
                  000040d4    00000018                           : args_main.obj (.text)
                  000040ec    00000014                           : _lock.obj (.text)
                  00004100    0000000e                           : copy_decompress_none.obj (.text:decompress:none)
                  0000410e    0000000c                           : copy_zero_init.obj (.text:decompress:ZI)
                  0000411a    00000006     cpu.obj (.text:NOROM_CPUdelay)
                  00004120    00000006     rtsv7M3_T_le_eabi.lib : copy_decompress_rle.obj (.text:decompress:rle24)
                  00004126    00000004                           : pre_init.obj (.text)

.const     0    00004130    000000b6     
                  00004130    00000068     radio.obj (.const:patchImage)
                  00004198    00000048     rtsv7M3_T_le_eabi.lib : xexp.obj (.const)
                  000041e0    00000006     ext-flash.obj (.const:.string)

.cinit     0    000041f0    00000118     
                  000041f0    000000ed     (.cinit..data.load) [load image, compression = rle]
                  000042dd    00000003     --HOLE-- [fill = 0]
                  000042e0    0000000c     (__TI_handler_table)
                  000042ec    00000004     --HOLE-- [fill = 0]
                  000042f0    00000008     (.cinit..bss.load) [load image, compression = zero_init]
                  000042f8    00000010     (__TI_cinit_table)

.init_array 
*          0    00000000    00000000     UNINITIALIZED

.ccfg      0    0001ffa8    00000058     
                  0001ffa8    00000058     ccfg.obj (.ccfg:retain)

.data      0    20000000    0000025a     UNINITIALIZED
                  20000000    000000d0     radio.obj (.data)
                  200000d0    000000b0     rtsv7M3_T_le_eabi.lib : signal.obj (.data:sigtable)
                  20000180    00000080                           : xvalues.obj (.data)
                  20000200    00000030     radio.obj (.data:bleDifferentialOverrides)
                  20000230    00000008     rtsv7M3_T_le_eabi.lib : _lock.obj (.data)
                  20000238    00000008                           : exit.obj (.data)
                  20000240    00000008                           : feraiseexcept.obj (.data)
                  20000248    00000004     bmp-280-sensor.obj (.data)
                  2000024c    00000004     opt-3001-sensor.obj (.data)
                  20000250    00000004     rtsv7M3_T_le_eabi.lib : errno.obj (.data)
                  20000254    00000004                           : stkdepth_vars.obj (.data)
                  20000258    00000002     board-i2c.obj (.data)

.bss       0    20000260    00000078     UNINITIALIZED
                  20000260    00000020     (.common:buffer)
                  20000280    00000018     (.common:calibration_data)
                  20000298    00000014     (.common:oscHfGlobals)
                  200002ac    00000004     (.common:amb_temp_latched)
                  200002b0    00000008     (.common:devAddress)
                  200002b8    00000008     (.common:sensor_value)
                  200002c0    00000004     (.common:buf)
                  200002c4    00000004     (.common:obj_temp_latched)
                  200002c8    00000004     (.common:time1)
                  200002cc    00000004     (.common:time2)
                  200002d0    00000004     (.common:timeDiff)
                  200002d4    00000002     (.common:val)
                  200002d6    00000001     (.common:advLength)
                  200002d7    00000001     (.common:meas_done)

.stack     0    20004f00    00000100     UNINITIALIZED
                  20004f00    00000100     --HOLE--

.args      0    000041e8    00000008     
                  000041e8    00000008     --HOLE-- [fill = 0]

.TI.persistent 
*          0    20000000    00000000     UNINITIALIZED

.TI.noinit 
*          0    20000260    00000000     UNINITIALIZED


LINKER GENERATED COPY TABLES

__TI_cinit_table @ 000042f8 records: 2, size/record: 8, table size: 16
	.data: load addr=000041f0, load size=000000ed bytes, run addr=20000000, run size=0000025a bytes, compression=rle
	.bss: load addr=000042f0, load size=00000008 bytes, run addr=20000260, run size=00000078 bytes, compression=zero_init


LINKER GENERATED HANDLER TABLE

__TI_handler_table @ 000042e0 records: 3, size/record: 4, table size: 12
	index: 0, handler: __TI_decompress_rle24
	index: 1, handler: __TI_decompress_none
	index: 2, handler: __TI_zero_init


GLOBAL SYMBOLS: SORTED ALPHABETICALLY BY Name 

address   name                                                  
-------   ----                                                  
00003dfd  AONBatMonTemperatureGetDegC                           
0000307d  AONRTCCurrentSubSecValueGet                           
00003075  AONRTCIntHandler                                      
00003e41  C$$EXIT                                               
00002c9d  ChipInfo_GetChipFamily                                
00002cf3  ChipInfo_GetHwRevision                                
00002c6b  ChipInfo_GetPackageType                               
00002c61  ChipInfo_GetSupportedProtocol_BV                      
00001227  GPIOIntHandler                                        
00003d39  NOROM_AONRTCCurrent64BitValueGet                      
00003d0d  NOROM_AONRTCCurrentCompareValueGet                    
00004087  NOROM_CPUbasepriGet                                   
00004065  NOROM_CPUcpsid                                        
0000407b  NOROM_CPUcpsie                                        
0000411b  NOROM_CPUdelay                                        
00004071  NOROM_CPUprimask                                      
0000258f  NOROM_DDI16BitRead                                    
000024ed  NOROM_DDI16BitWrite                                   
000025d7  NOROM_DDI16BitfieldRead                               
0000253d  NOROM_DDI16BitfieldWrite                              
00001fe5  NOROM_OSCClockSourceGet                               
00001f95  NOROM_OSCClockSourceSet                               
00002015  NOROM_OSCInterfaceEnable                              
00002119  OSCHF_AttemptToSwitchToXosc                           
00002043  OSCHF_GetStartupTime                                  
00002179  OSCHF_SwitchToRcOscTurnOffXosc                        
00002105  OSCHF_TurnOnXosc                                      
000027cd  RFCCPE0IntHandler                                     
000027b7  RFCCPE1IntHandler                                     
00003caf  ResetISR                                              
UNDEFED   SHT$$INIT_ARRAY$$Base                                 
UNDEFED   SHT$$INIT_ARRAY$$Limit                                
00002d87  ThisCodeIsBuiltForCC26xxHwRev22AndLater_HaltIfViolated
20000180  _Denorm                                               
0000369d  _Dnorm                                                
00003491  _Dscale                                               
20000190  _Eps                                                  
20000250  _Errno                                                
00002859  _Exp                                                  
20000240  _Fenv                                                 
00003fd9  _Feraise                                              
200001a0  _Hugeval                                              
200001b0  _Inf                                                  
200001c0  _Nan                                                  
200001e0  _Rteps                                                
200001d0  _Snan                                                 
20000244  _Tls_setup__Fenv                                      
200001f0  _Xbig                                                 
200001f8  _Zero                                                 
20005000  __STACK_END                                           
00000100  __STACK_SIZE                                          
20005000  __STACK_TOP                                           
000042f8  __TI_CINIT_Base                                       
00004308  __TI_CINIT_Limit                                      
000042e0  __TI_Handler_Table_Base                               
000042ec  __TI_Handler_Table_Limit                              
00003bd9  __TI_auto_init                                        
20000238  __TI_cleanup_ptr                                      
00004101  __TI_decompress_none                                  
00004121  __TI_decompress_rle24                                 
2000023c  __TI_dtors_ptr                                        
00000000  __TI_static_base__                                    
0000410f  __TI_zero_init                                        
000039ef  __aeabi_cdcmpeq                                       
000039ef  __aeabi_cdcmple                                       
00003b69  __aeabi_d2f                                           
00003db5  __aeabi_d2iz                                          
00002a5f  __aeabi_dadd                                          
00003245  __aeabi_ddiv                                          
000035a1  __aeabi_dmul                                          
00002a55  __aeabi_dsub                                          
00003f01  __aeabi_f2iz                                          
00003fa5  __aeabi_f2uiz                                         
0000395d  __aeabi_fdiv                                          
00003a75  __aeabi_fmul                                          
00004009  __aeabi_i2d                                           
00003f39  __aeabi_i2f                                           
00003aef  __aeabi_memclr                                        
00003aef  __aeabi_memclr4                                       
00003aef  __aeabi_memclr8                                       
000038c1  __aeabi_memcpy                                        
000038c1  __aeabi_memcpy4                                       
000038c1  __aeabi_memcpy8                                       
00003af1  __aeabi_memset                                        
00003af1  __aeabi_memset4                                       
00003af1  __aeabi_memset8                                       
000040b5  __aeabi_ui2d                                          
00004091  __aeabi_ui2f                                          
ffffffff  __binit__                                             
000041e8  __c_args__                                            
0001ffa8  __ccfg                                                
20004f00  __stack                                               
000040d5  _args_main                                            
00003ec5  _c_int00                                              
20000230  _lock                                                 
000040fb  _nop                                                  
000040f3  _register_lock                                        
000040ed  _register_unlock                                      
00004127  _system_pre_init                                      
20000234  _unlock                                               
00003e45  abort                                                 
20000001  advData                                               
200002d6  advLength                                             
20000030  advOutput                                             
ffffffff  binit                                                 
20000200  bleDifferentialOverrides                              
00000ced  board_i2c_read                                        
00000f27  board_i2c_select                                      
00000b27  board_i2c_shutdown                                    
00000aa9  board_i2c_wakeup                                      
00000bc7  board_i2c_write                                       
00000dcd  board_i2c_write_read                                  
00000c8f  board_i2c_write_single                                
00001ec5  board_spi_close                                       
00001df9  board_spi_flush                                       
00001e17  board_spi_open                                        
00001da1  board_spi_read                                        
00001d55  board_spi_write                                       
20000070  cmdAdv0                                               
20000058  cmdAdv1                                               
20000040  cmdAdv2                                               
20000010  cmdAdvParam                                           
20000088  cmdSetup37                                            
200000a0  cmdSetup38                                            
200000b8  cmdSetup39                                            
00001ca7  configure_bmp_280                                     
0000321f  configure_opt_3001                                    
000023ab  configure_tmp_007                                     
00001a9d  convert_bmp_280                                       
00003191  convert_opt_3001                                      
000022cb  convert_tmp_007                                       
00003d69  copy_in                                               
0000340b  em8500_DisableVSUP                                    
000033e7  em8500_Init                                           
00001a47  enable_bmp_280                                        
000030e5  enable_opt_3001                                       
000021d5  enable_tmp_007                                        
00003e4d  exit                                                  
00003815  exp2                                                  
00001195  extPinEnable                                          
000017e9  ext_flash_close                                       
00001939  ext_flash_erase                                       
00001a01  ext_flash_init                                        
000017b3  ext_flash_open                                        
000017f5  ext_flash_read                                        
000019ed  ext_flash_test                                        
00001871  ext_flash_write                                       
00003f71  feraiseexcept                                         
00000000  g_pfnVectors                                          
00002da9  initInterrupts                                        
00002ff3  initRTC                                               
00003025  initRTC_WUms                                          
00002691  initRadio                                             
0000279f  initRadioInts                                         
00001a25  init_bmp_280                                          
20000000  int_boot_done                                         
00001145  ledInit                                               
00001305  main                                                  
20000254  main_func_sp                                          
200002d7  meas_done                                             
000038c1  memcpy                                                
00003af7  memset                                                
00002e93  powerConfigureRecharge                                
00002dcd  powerDisableAuxForceOn                                
00002e11  powerDisableAuxRamRet                                 
00002e39  powerDisableCPU                                       
00002de7  powerDisableCache                                     
00002e05  powerDisableCacheRetention                            
00002e49  powerDisableFlashInIdle                               
00002e7d  powerDisableMcuPdReq                                  
00002e31  powerDisablePeriph                                    
00002e21  powerDisableRFC                                       
00002ea3  powerDisableXtal                                      
00002e5f  powerDivideInfClkDS                                   
00002e51  powerEnableAUXPdReq                                   
00002dc5  powerEnableAuxForceOn                                 
00002dd5  powerEnableCache                                      
00002df9  powerEnableCacheRetention                             
00002e41  powerEnableFlashInIdle                                
00002e85  powerEnableGPIOClockRunMode                           
00002e75  powerEnableMcuPdReq                                   
00002e29  powerEnablePeriph                                     
00002e19  powerEnableRFC                                        
00002e9b  powerEnableXtal                                       
00002eab  powerEnableXtalInterface                              
000026bd  radioCmdBusRequest                                    
000026db  radioCmdStartRAT                                      
000026b5  radioPatch                                            
000026ed  radioSetupAndTransmit                                 
00002777  radioUpdateAdvData                                    
00004037  raise                                                 
00001a73  read_data_bmp_280                                     
0000312f  read_data_opt_3001                                    
00002225  read_data_tmp_007                                     
000026ad  runRadio                                              
00001a19  select_bmp_280                                        
000030d9  select_opt_3001                                       
0000375d  sensor_common_read_reg                                
000037df  sensor_common_set_error_data                          
00003779  sensor_common_write_reg                               
000010f9  sensorsInit                                           
00003e85  signal                                                
000012ab  testLED                                               
200002c8  time1                                                 
200002cc  time2                                                 
200002d0  timeDiff                                              
000001c5  trimDevice                                            
000031e7  value                                                 
00001c35  value_bmp_280                                         
0000231d  value_tmp_007                                         
00002ed7  waitUntilAUXReady                                     
00002ec5  waitUntilPeriphReady                                  
00002eb3  waitUntilRFCReady                                     


GLOBAL SYMBOLS: SORTED BY Symbol Address 

address   name                                                  
-------   ----                                                  
00000000  __TI_static_base__                                    
00000000  g_pfnVectors                                          
00000100  __STACK_SIZE                                          
000001c5  trimDevice                                            
00000aa9  board_i2c_wakeup                                      
00000b27  board_i2c_shutdown                                    
00000bc7  board_i2c_write                                       
00000c8f  board_i2c_write_single                                
00000ced  board_i2c_read                                        
00000dcd  board_i2c_write_read                                  
00000f27  board_i2c_select                                      
000010f9  sensorsInit                                           
00001145  ledInit                                               
00001195  extPinEnable                                          
00001227  GPIOIntHandler                                        
000012ab  testLED                                               
00001305  main                                                  
000017b3  ext_flash_open                                        
000017e9  ext_flash_close                                       
000017f5  ext_flash_read                                        
00001871  ext_flash_write                                       
00001939  ext_flash_erase                                       
000019ed  ext_flash_test                                        
00001a01  ext_flash_init                                        
00001a19  select_bmp_280                                        
00001a25  init_bmp_280                                          
00001a47  enable_bmp_280                                        
00001a73  read_data_bmp_280                                     
00001a9d  convert_bmp_280                                       
00001c35  value_bmp_280                                         
00001ca7  configure_bmp_280                                     
00001d55  board_spi_write                                       
00001da1  board_spi_read                                        
00001df9  board_spi_flush                                       
00001e17  board_spi_open                                        
00001ec5  board_spi_close                                       
00001f95  NOROM_OSCClockSourceSet                               
00001fe5  NOROM_OSCClockSourceGet                               
00002015  NOROM_OSCInterfaceEnable                              
00002043  OSCHF_GetStartupTime                                  
00002105  OSCHF_TurnOnXosc                                      
00002119  OSCHF_AttemptToSwitchToXosc                           
00002179  OSCHF_SwitchToRcOscTurnOffXosc                        
000021d5  enable_tmp_007                                        
00002225  read_data_tmp_007                                     
000022cb  convert_tmp_007                                       
0000231d  value_tmp_007                                         
000023ab  configure_tmp_007                                     
000024ed  NOROM_DDI16BitWrite                                   
0000253d  NOROM_DDI16BitfieldWrite                              
0000258f  NOROM_DDI16BitRead                                    
000025d7  NOROM_DDI16BitfieldRead                               
00002691  initRadio                                             
000026ad  runRadio                                              
000026b5  radioPatch                                            
000026bd  radioCmdBusRequest                                    
000026db  radioCmdStartRAT                                      
000026ed  radioSetupAndTransmit                                 
00002777  radioUpdateAdvData                                    
0000279f  initRadioInts                                         
000027b7  RFCCPE1IntHandler                                     
000027cd  RFCCPE0IntHandler                                     
00002859  _Exp                                                  
00002a55  __aeabi_dsub                                          
00002a5f  __aeabi_dadd                                          
00002c61  ChipInfo_GetSupportedProtocol_BV                      
00002c6b  ChipInfo_GetPackageType                               
00002c9d  ChipInfo_GetChipFamily                                
00002cf3  ChipInfo_GetHwRevision                                
00002d87  ThisCodeIsBuiltForCC26xxHwRev22AndLater_HaltIfViolated
00002da9  initInterrupts                                        
00002dc5  powerEnableAuxForceOn                                 
00002dcd  powerDisableAuxForceOn                                
00002dd5  powerEnableCache                                      
00002de7  powerDisableCache                                     
00002df9  powerEnableCacheRetention                             
00002e05  powerDisableCacheRetention                            
00002e11  powerDisableAuxRamRet                                 
00002e19  powerEnableRFC                                        
00002e21  powerDisableRFC                                       
00002e29  powerEnablePeriph                                     
00002e31  powerDisablePeriph                                    
00002e39  powerDisableCPU                                       
00002e41  powerEnableFlashInIdle                                
00002e49  powerDisableFlashInIdle                               
00002e51  powerEnableAUXPdReq                                   
00002e5f  powerDivideInfClkDS                                   
00002e75  powerEnableMcuPdReq                                   
00002e7d  powerDisableMcuPdReq                                  
00002e85  powerEnableGPIOClockRunMode                           
00002e93  powerConfigureRecharge                                
00002e9b  powerEnableXtal                                       
00002ea3  powerDisableXtal                                      
00002eab  powerEnableXtalInterface                              
00002eb3  waitUntilRFCReady                                     
00002ec5  waitUntilPeriphReady                                  
00002ed7  waitUntilAUXReady                                     
00002ff3  initRTC                                               
00003025  initRTC_WUms                                          
00003075  AONRTCIntHandler                                      
0000307d  AONRTCCurrentSubSecValueGet                           
000030d9  select_opt_3001                                       
000030e5  enable_opt_3001                                       
0000312f  read_data_opt_3001                                    
00003191  convert_opt_3001                                      
000031e7  value                                                 
0000321f  configure_opt_3001                                    
00003245  __aeabi_ddiv                                          
000033e7  em8500_Init                                           
0000340b  em8500_DisableVSUP                                    
00003491  _Dscale                                               
000035a1  __aeabi_dmul                                          
0000369d  _Dnorm                                                
0000375d  sensor_common_read_reg                                
00003779  sensor_common_write_reg                               
000037df  sensor_common_set_error_data                          
00003815  exp2                                                  
000038c1  __aeabi_memcpy                                        
000038c1  __aeabi_memcpy4                                       
000038c1  __aeabi_memcpy8                                       
000038c1  memcpy                                                
0000395d  __aeabi_fdiv                                          
000039ef  __aeabi_cdcmpeq                                       
000039ef  __aeabi_cdcmple                                       
00003a75  __aeabi_fmul                                          
00003aef  __aeabi_memclr                                        
00003aef  __aeabi_memclr4                                       
00003aef  __aeabi_memclr8                                       
00003af1  __aeabi_memset                                        
00003af1  __aeabi_memset4                                       
00003af1  __aeabi_memset8                                       
00003af7  memset                                                
00003b69  __aeabi_d2f                                           
00003bd9  __TI_auto_init                                        
00003caf  ResetISR                                              
00003d0d  NOROM_AONRTCCurrentCompareValueGet                    
00003d39  NOROM_AONRTCCurrent64BitValueGet                      
00003d69  copy_in                                               
00003db5  __aeabi_d2iz                                          
00003dfd  AONBatMonTemperatureGetDegC                           
00003e41  C$$EXIT                                               
00003e45  abort                                                 
00003e4d  exit                                                  
00003e85  signal                                                
00003ec5  _c_int00                                              
00003f01  __aeabi_f2iz                                          
00003f39  __aeabi_i2f                                           
00003f71  feraiseexcept                                         
00003fa5  __aeabi_f2uiz                                         
00003fd9  _Feraise                                              
00004009  __aeabi_i2d                                           
00004037  raise                                                 
00004065  NOROM_CPUcpsid                                        
00004071  NOROM_CPUprimask                                      
0000407b  NOROM_CPUcpsie                                        
00004087  NOROM_CPUbasepriGet                                   
00004091  __aeabi_ui2f                                          
000040b5  __aeabi_ui2d                                          
000040d5  _args_main                                            
000040ed  _register_unlock                                      
000040f3  _register_lock                                        
000040fb  _nop                                                  
00004101  __TI_decompress_none                                  
0000410f  __TI_zero_init                                        
0000411b  NOROM_CPUdelay                                        
00004121  __TI_decompress_rle24                                 
00004127  _system_pre_init                                      
000041e8  __c_args__                                            
000042e0  __TI_Handler_Table_Base                               
000042ec  __TI_Handler_Table_Limit                              
000042f8  __TI_CINIT_Base                                       
00004308  __TI_CINIT_Limit                                      
0001ffa8  __ccfg                                                
20000000  int_boot_done                                         
20000001  advData                                               
20000010  cmdAdvParam                                           
20000030  advOutput                                             
20000040  cmdAdv2                                               
20000058  cmdAdv1                                               
20000070  cmdAdv0                                               
20000088  cmdSetup37                                            
200000a0  cmdSetup38                                            
200000b8  cmdSetup39                                            
20000180  _Denorm                                               
20000190  _Eps                                                  
200001a0  _Hugeval                                              
200001b0  _Inf                                                  
200001c0  _Nan                                                  
200001d0  _Snan                                                 
200001e0  _Rteps                                                
200001f0  _Xbig                                                 
200001f8  _Zero                                                 
20000200  bleDifferentialOverrides                              
20000230  _lock                                                 
20000234  _unlock                                               
20000238  __TI_cleanup_ptr                                      
2000023c  __TI_dtors_ptr                                        
20000240  _Fenv                                                 
20000244  _Tls_setup__Fenv                                      
20000250  _Errno                                                
20000254  main_func_sp                                          
200002c8  time1                                                 
200002cc  time2                                                 
200002d0  timeDiff                                              
200002d6  advLength                                             
200002d7  meas_done                                             
20004f00  __stack                                               
20005000  __STACK_END                                           
20005000  __STACK_TOP                                           
ffffffff  __binit__                                             
ffffffff  binit                                                 
UNDEFED   SHT$$INIT_ARRAY$$Base                                 
UNDEFED   SHT$$INIT_ARRAY$$Limit                                

[213 symbols]
