******************************************************************************
                  TI ARM Linker PC v5.2.6                      
******************************************************************************
>> Linked Sat Dec 12 15:22:43 2015

OUTPUT FILE NAME:   <simplebroadcast_ccs.out>
ENTRY POINT SYMBOL: "ResetISR"  address: 00003cfb


MEMORY CONFIGURATION

         name            origin    length      used     unused   attr    fill
----------------------  --------  ---------  --------  --------  ----  --------
  FLASH                 00000000   00020000  000043a4  0001bc5c  R  X
  GPRAM                 11000000   00002000  00000000  00002000  RW X
  SRAM                  20000000   00005000  000003d2  00004c2e  RW X


SEGMENT ALLOCATION MAP

run origin  load origin   length   init length attrs members
----------  ----------- ---------- ----------- ----- -------
00000000    00000000    0000422e   0000422e    r-x
  00000000    00000000    000000c8   000000c8    r-- .intvecs
  000000c8    000000c8    000040ae   000040ae    r-x .text
  00004178    00004178    000000b6   000000b6    r-- .const
00004230    00004230    00000008   00000008    rw-
  00004230    00004230    00000008   00000008    rw- .args
00004238    00004238    00000118   00000118    r--
  00004238    00004238    00000118   00000118    r-- .cinit
0001ffa8    0001ffa8    00000058   00000058    r--
  0001ffa8    0001ffa8    00000058   00000058    r-- .ccfg
20000000    20000000    000002d8   00000000    rw-
  20000000    20000000    0000025a   00000000    rw- .data
  20000260    20000260    00000078   00000000    rw- .bss
20004f00    20004f00    00000100   00000000    rw-
  20004f00    20004f00    00000100   00000000    rw- .stack


SECTION ALLOCATION MAP

 output                                  attributes/
section   page    origin      length       input sections
--------  ----  ----------  ----------   ----------------
.intvecs   0    00000000    000000c8     
                  00000000    000000c8     startup_ccs.obj (.intvecs)

.text      0    000000c8    000040ae     
                  000000c8    000008f8     setup.obj (.text)
                  000009c0    00000668     board-i2c.obj (.text)
                  00001028    00000610     wait_2_int_send_power_off_spi_enhanced.obj (.text)
                  00001638    0000041c     ext-flash.obj (.text)
                  00001a54    000002b4     bmp-280-sensor.obj (.text)
                  00001d08    00000288     board-spi.obj (.text)
                  00001f90    00000280     osc.obj (.text)
                  00002210    0000023c     tmp-007-sensor.obj (.text)
                  0000244c    00000224     ddi.obj (.text)
                  00002670    00000224     radio.obj (.text)
                  00002894    000001fc     rtsv7M3_T_le_eabi.lib : xexp.obj (.text)
                  00002a90    000001b6                           : fd_add_t2.obj (.text)
                  00002c46    00000002     --HOLE-- [fill = 0]
                  00002c48    0000019c     chipinfo.obj (.text)
                  00002de4    0000019c     system.obj (.text)
                  00002f80    00000194     rtc.obj (.text)
                  00003114    0000016c     opt-3001-sensor.obj (.text)
                  00003280    00000136     rtsv7M3_T_le_eabi.lib : fd_div_t2.obj (.text)
                  000033b6    00000002     --HOLE-- [fill = 0]
                  000033b8    00000124     em8500-pwr-mgnt.obj (.text)
                  000034dc    00000110     rtsv7M3_T_le_eabi.lib : xdscale.obj (.text)
                  000035ec    000000fc                           : fd_mul_t2.obj (.text)
                  000036e8    000000be                           : xdnorm.obj (.text)
                  000037a6    00000002     --HOLE-- [fill = 0]
                  000037a8    000000b8     sensor-common.obj (.text)
                  00003860    000000ac     rtsv7M3_T_le_eabi.lib : exp2.obj (.text)
                  0000390c    0000009c                           : memcpy_t2.obj (.text)
                  000039a8    00000092                           : fs_div_t2.obj (.text)
                  00003a3a    00000086                           : fd_cmp_t2.obj (.text:__aeabi_cdcmple)
                  00003ac0    0000007a                           : fs_mul_t2.obj (.text)
                  00003b3a    0000007a                           : memset_t2.obj (.text)
                  00003bb4    0000006e                           : fd_tos_t2.obj (.text)
                  00003c22    00000002     --HOLE-- [fill = 0]
                  00003c24    0000006c                           : autoinit.obj (.text)
                  00003c90    0000006a                           : copy_decompress_rle.obj (.text)
                  00003cfa    0000005e     startup_ccs.obj (.text)
                  00003d58    0000005c     aon_rtc.obj (.text)
                  00003db4    0000004c     rtsv7M3_T_le_eabi.lib : cpy_tbl.obj (.text)
                  00003e00    00000048                           : fd_toi_t2.obj (.text)
                  00003e48    00000044     aon_batmon.obj (.text)
                  00003e8c    00000044     rtsv7M3_T_le_eabi.lib : exit.obj (.text)
                  00003ed0    00000040                           : signal.obj (.text)
                  00003f10    0000003c                           : boot.obj (.text)
                  00003f4c    00000038                           : fs_toi_t2.obj (.text)
                  00003f84    00000038                           : i_tofs_t2.obj (.text)
                  00003fbc    00000034                           : feraiseexcept.obj (.text)
                  00003ff0    00000034                           : fs_tou_t2.obj (.text)
                  00004024    00000030                           : xferaise.obj (.text)
                  00004054    0000002e                           : i_tofd_t2.obj (.text)
                  00004082    0000002e                           : raise.obj (.text)
                  000040b0    0000002c     cpu.obj (.text)
                  000040dc    00000024     rtsv7M3_T_le_eabi.lib : u_tofs_t2.obj (.text)
                  00004100    00000020                           : u_tofd_t2.obj (.text)
                  00004120    00000018                           : args_main.obj (.text)
                  00004138    00000014                           : _lock.obj (.text)
                  0000414c    0000000e                           : copy_decompress_none.obj (.text:decompress:none)
                  0000415a    0000000c                           : copy_zero_init.obj (.text:decompress:ZI)
                  00004166    00000006     cpu.obj (.text:NOROM_CPUdelay)
                  0000416c    00000006     rtsv7M3_T_le_eabi.lib : copy_decompress_rle.obj (.text:decompress:rle24)
                  00004172    00000004                           : pre_init.obj (.text)

.const     0    00004178    000000b6     
                  00004178    00000068     radio.obj (.const:patchImage)
                  000041e0    00000048     rtsv7M3_T_le_eabi.lib : xexp.obj (.const)
                  00004228    00000006     ext-flash.obj (.const:.string)

.cinit     0    00004238    00000118     
                  00004238    000000ed     (.cinit..data.load) [load image, compression = rle]
                  00004325    00000003     --HOLE-- [fill = 0]
                  00004328    0000000c     (__TI_handler_table)
                  00004334    00000004     --HOLE-- [fill = 0]
                  00004338    00000008     (.cinit..bss.load) [load image, compression = zero_init]
                  00004340    00000010     (__TI_cinit_table)

.init_array 
*          0    00000000    00000000     UNINITIALIZED

.ccfg      0    0001ffa8    00000058     
                  0001ffa8    00000058     ccfg.obj (.ccfg:retain)

.data      0    20000000    0000025a     UNINITIALIZED
                  20000000    000000d0     radio.obj (.data)
                  200000d0    000000b0     rtsv7M3_T_le_eabi.lib : signal.obj (.data:sigtable)
                  20000180    00000080                           : xvalues.obj (.data)
                  20000200    00000030     radio.obj (.data:bleDifferentialOverrides)
                  20000230    00000008     rtsv7M3_T_le_eabi.lib : _lock.obj (.data)
                  20000238    00000008                           : exit.obj (.data)
                  20000240    00000008                           : feraiseexcept.obj (.data)
                  20000248    00000004     bmp-280-sensor.obj (.data)
                  2000024c    00000004     opt-3001-sensor.obj (.data)
                  20000250    00000004     rtsv7M3_T_le_eabi.lib : errno.obj (.data)
                  20000254    00000004                           : stkdepth_vars.obj (.data)
                  20000258    00000002     board-i2c.obj (.data)

.bss       0    20000260    00000078     UNINITIALIZED
                  20000260    00000020     (.common:buffer)
                  20000280    00000018     (.common:calibration_data)
                  20000298    00000014     (.common:oscHfGlobals)
                  200002ac    00000004     (.common:amb_temp_latched)
                  200002b0    00000008     (.common:devAddress)
                  200002b8    00000008     (.common:sensor_value)
                  200002c0    00000004     (.common:buf)
                  200002c4    00000004     (.common:obj_temp_latched)
                  200002c8    00000004     (.common:time1)
                  200002cc    00000004     (.common:time2)
                  200002d0    00000004     (.common:timeDiff)
                  200002d4    00000002     (.common:val)
                  200002d6    00000001     (.common:advLength)
                  200002d7    00000001     (.common:meas_done)

.stack     0    20004f00    00000100     UNINITIALIZED
                  20004f00    00000100     --HOLE--

.args      0    00004230    00000008     
                  00004230    00000008     --HOLE-- [fill = 0]

.TI.persistent 
*          0    20000000    00000000     UNINITIALIZED

.TI.noinit 
*          0    20000260    00000000     UNINITIALIZED


LINKER GENERATED COPY TABLES

__TI_cinit_table @ 00004340 records: 2, size/record: 8, table size: 16
	.data: load addr=00004238, load size=000000ed bytes, run addr=20000000, run size=0000025a bytes, compression=rle
	.bss: load addr=00004338, load size=00000008 bytes, run addr=20000260, run size=00000078 bytes, compression=zero_init


LINKER GENERATED HANDLER TABLE

__TI_handler_table @ 00004328 records: 3, size/record: 4, table size: 12
	index: 0, handler: __TI_decompress_rle24
	index: 1, handler: __TI_decompress_none
	index: 2, handler: __TI_zero_init


GLOBAL SYMBOLS: SORTED ALPHABETICALLY BY Name 

address   name                                                  
-------   ----                                                  
00003e49  AONBatMonTemperatureGetDegC                           
000030b9  AONRTCCurrentSubSecValueGet                           
000030b1  AONRTCIntHandler                                      
00003e8d  C$$EXIT                                               
00002cd9  ChipInfo_GetChipFamily                                
00002d2f  ChipInfo_GetHwRevision                                
00002ca7  ChipInfo_GetPackageType                               
00002c9d  ChipInfo_GetSupportedProtocol_BV                      
00001227  GPIOIntHandler                                        
00003d85  NOROM_AONRTCCurrent64BitValueGet                      
00003d59  NOROM_AONRTCCurrentCompareValueGet                    
000040d3  NOROM_CPUbasepriGet                                   
000040b1  NOROM_CPUcpsid                                        
000040c7  NOROM_CPUcpsie                                        
00004167  NOROM_CPUdelay                                        
000040bd  NOROM_CPUprimask                                      
000025cb  NOROM_DDI16BitRead                                    
00002529  NOROM_DDI16BitWrite                                   
00002613  NOROM_DDI16BitfieldRead                               
00002579  NOROM_DDI16BitfieldWrite                              
00002021  NOROM_OSCClockSourceGet                               
00001fd1  NOROM_OSCClockSourceSet                               
00002051  NOROM_OSCInterfaceEnable                              
00002155  OSCHF_AttemptToSwitchToXosc                           
0000207f  OSCHF_GetStartupTime                                  
000021b5  OSCHF_SwitchToRcOscTurnOffXosc                        
00002141  OSCHF_TurnOnXosc                                      
00002809  RFCCPE0IntHandler                                     
000027f3  RFCCPE1IntHandler                                     
00003cfb  ResetISR                                              
UNDEFED   SHT$$INIT_ARRAY$$Base                                 
UNDEFED   SHT$$INIT_ARRAY$$Limit                                
00002dc3  ThisCodeIsBuiltForCC26xxHwRev22AndLater_HaltIfViolated
20000180  _Denorm                                               
000036e9  _Dnorm                                                
000034dd  _Dscale                                               
20000190  _Eps                                                  
20000250  _Errno                                                
00002895  _Exp                                                  
20000240  _Fenv                                                 
00004025  _Feraise                                              
200001a0  _Hugeval                                              
200001b0  _Inf                                                  
200001c0  _Nan                                                  
200001e0  _Rteps                                                
200001d0  _Snan                                                 
20000244  _Tls_setup__Fenv                                      
200001f0  _Xbig                                                 
200001f8  _Zero                                                 
20005000  __STACK_END                                           
00000100  __STACK_SIZE                                          
20005000  __STACK_TOP                                           
00004340  __TI_CINIT_Base                                       
00004350  __TI_CINIT_Limit                                      
00004328  __TI_Handler_Table_Base                               
00004334  __TI_Handler_Table_Limit                              
00003c25  __TI_auto_init                                        
20000238  __TI_cleanup_ptr                                      
0000414d  __TI_decompress_none                                  
0000416d  __TI_decompress_rle24                                 
2000023c  __TI_dtors_ptr                                        
00000000  __TI_static_base__                                    
0000415b  __TI_zero_init                                        
00003a3b  __aeabi_cdcmpeq                                       
00003a3b  __aeabi_cdcmple                                       
00003bb5  __aeabi_d2f                                           
00003e01  __aeabi_d2iz                                          
00002a9b  __aeabi_dadd                                          
00003281  __aeabi_ddiv                                          
000035ed  __aeabi_dmul                                          
00002a91  __aeabi_dsub                                          
00003f4d  __aeabi_f2iz                                          
00003ff1  __aeabi_f2uiz                                         
000039a9  __aeabi_fdiv                                          
00003ac1  __aeabi_fmul                                          
00004055  __aeabi_i2d                                           
00003f85  __aeabi_i2f                                           
00003b3b  __aeabi_memclr                                        
00003b3b  __aeabi_memclr4                                       
00003b3b  __aeabi_memclr8                                       
0000390d  __aeabi_memcpy                                        
0000390d  __aeabi_memcpy4                                       
0000390d  __aeabi_memcpy8                                       
00003b3d  __aeabi_memset                                        
00003b3d  __aeabi_memset4                                       
00003b3d  __aeabi_memset8                                       
00004101  __aeabi_ui2d                                          
000040dd  __aeabi_ui2f                                          
ffffffff  __binit__                                             
00004230  __c_args__                                            
0001ffa8  __ccfg                                                
20004f00  __stack                                               
00004121  _args_main                                            
00003f11  _c_int00                                              
20000230  _lock                                                 
00004147  _nop                                                  
0000413f  _register_lock                                        
00004139  _register_unlock                                      
00004173  _system_pre_init                                      
20000234  _unlock                                               
00003e91  abort                                                 
20000001  advData                                               
200002d6  advLength                                             
20000030  advOutput                                             
ffffffff  binit                                                 
20000200  bleDifferentialOverrides                              
00000ced  board_i2c_read                                        
00000f27  board_i2c_select                                      
00000b27  board_i2c_shutdown                                    
00000aa9  board_i2c_wakeup                                      
00000bc7  board_i2c_write                                       
00000dcd  board_i2c_write_read                                  
00000c8f  board_i2c_write_single                                
00001f01  board_spi_close                                       
00001e35  board_spi_flush                                       
00001e53  board_spi_open                                        
00001ddd  board_spi_read                                        
00001d91  board_spi_write                                       
20000070  cmdAdv0                                               
20000058  cmdAdv1                                               
20000040  cmdAdv2                                               
20000010  cmdAdvParam                                           
20000088  cmdSetup37                                            
200000a0  cmdSetup38                                            
200000b8  cmdSetup39                                            
00001ce3  configure_bmp_280                                     
0000325b  configure_opt_3001                                    
000023e7  configure_tmp_007                                     
00001ad9  convert_bmp_280                                       
000031cd  convert_opt_3001                                      
00002307  convert_tmp_007                                       
00003db5  copy_in                                               
00003447  em8500_DisableVSUP                                    
00003423  em8500_Init                                           
00001a83  enable_bmp_280                                        
00003121  enable_opt_3001                                       
00002211  enable_tmp_007                                        
00003e99  exit                                                  
00003861  exp2                                                  
00001195  extPinEnable                                          
00001825  ext_flash_close                                       
00001975  ext_flash_erase                                       
00001a3d  ext_flash_init                                        
000017ef  ext_flash_open                                        
00001831  ext_flash_read                                        
00001a29  ext_flash_test                                        
000018ad  ext_flash_write                                       
00003fbd  feraiseexcept                                         
00000000  g_pfnVectors                                          
00002de5  initInterrupts                                        
0000302f  initRTC                                               
00003061  initRTC_WUms                                          
000026cd  initRadio                                             
000027db  initRadioInts                                         
00001a61  init_bmp_280                                          
20000000  int_boot_done                                         
00001145  ledInit                                               
00001305  main                                                  
20000254  main_func_sp                                          
200002d7  meas_done                                             
0000390d  memcpy                                                
00003b43  memset                                                
00002ecf  powerConfigureRecharge                                
00002e09  powerDisableAuxForceOn                                
00002e4d  powerDisableAuxRamRet                                 
00002e75  powerDisableCPU                                       
00002e23  powerDisableCache                                     
00002e41  powerDisableCacheRetention                            
00002e85  powerDisableFlashInIdle                               
00002eb9  powerDisableMcuPdReq                                  
00002e6d  powerDisablePeriph                                    
00002e5d  powerDisableRFC                                       
00002edf  powerDisableXtal                                      
00002e9b  powerDivideInfClkDS                                   
00002e8d  powerEnableAUXPdReq                                   
00002e01  powerEnableAuxForceOn                                 
00002e11  powerEnableCache                                      
00002e35  powerEnableCacheRetention                             
00002e7d  powerEnableFlashInIdle                                
00002ec1  powerEnableGPIOClockRunMode                           
00002eb1  powerEnableMcuPdReq                                   
00002e65  powerEnablePeriph                                     
00002e55  powerEnableRFC                                        
00002ed7  powerEnableXtal                                       
00002ee7  powerEnableXtalInterface                              
000026f9  radioCmdBusRequest                                    
00002717  radioCmdStartRAT                                      
000026f1  radioPatch                                            
00002729  radioSetupAndTransmit                                 
000027b3  radioUpdateAdvData                                    
00004083  raise                                                 
00001aaf  read_data_bmp_280                                     
0000316b  read_data_opt_3001                                    
00002261  read_data_tmp_007                                     
000026e9  runRadio                                              
00001a55  select_bmp_280                                        
00003115  select_opt_3001                                       
000037a9  sensor_common_read_reg                                
0000382b  sensor_common_set_error_data                          
000037c5  sensor_common_write_reg                               
000010f9  sensorsInit                                           
00003ed1  signal                                                
000012ab  testLED                                               
200002c8  time1                                                 
200002cc  time2                                                 
200002d0  timeDiff                                              
000001c5  trimDevice                                            
00003223  value                                                 
00001c71  value_bmp_280                                         
00002359  value_tmp_007                                         
00002f13  waitUntilAUXReady                                     
00002f01  waitUntilPeriphReady                                  
00002eef  waitUntilRFCReady                                     


GLOBAL SYMBOLS: SORTED BY Symbol Address 

address   name                                                  
-------   ----                                                  
00000000  __TI_static_base__                                    
00000000  g_pfnVectors                                          
00000100  __STACK_SIZE                                          
000001c5  trimDevice                                            
00000aa9  board_i2c_wakeup                                      
00000b27  board_i2c_shutdown                                    
00000bc7  board_i2c_write                                       
00000c8f  board_i2c_write_single                                
00000ced  board_i2c_read                                        
00000dcd  board_i2c_write_read                                  
00000f27  board_i2c_select                                      
000010f9  sensorsInit                                           
00001145  ledInit                                               
00001195  extPinEnable                                          
00001227  GPIOIntHandler                                        
000012ab  testLED                                               
00001305  main                                                  
000017ef  ext_flash_open                                        
00001825  ext_flash_close                                       
00001831  ext_flash_read                                        
000018ad  ext_flash_write                                       
00001975  ext_flash_erase                                       
00001a29  ext_flash_test                                        
00001a3d  ext_flash_init                                        
00001a55  select_bmp_280                                        
00001a61  init_bmp_280                                          
00001a83  enable_bmp_280                                        
00001aaf  read_data_bmp_280                                     
00001ad9  convert_bmp_280                                       
00001c71  value_bmp_280                                         
00001ce3  configure_bmp_280                                     
00001d91  board_spi_write                                       
00001ddd  board_spi_read                                        
00001e35  board_spi_flush                                       
00001e53  board_spi_open                                        
00001f01  board_spi_close                                       
00001fd1  NOROM_OSCClockSourceSet                               
00002021  NOROM_OSCClockSourceGet                               
00002051  NOROM_OSCInterfaceEnable                              
0000207f  OSCHF_GetStartupTime                                  
00002141  OSCHF_TurnOnXosc                                      
00002155  OSCHF_AttemptToSwitchToXosc                           
000021b5  OSCHF_SwitchToRcOscTurnOffXosc                        
00002211  enable_tmp_007                                        
00002261  read_data_tmp_007                                     
00002307  convert_tmp_007                                       
00002359  value_tmp_007                                         
000023e7  configure_tmp_007                                     
00002529  NOROM_DDI16BitWrite                                   
00002579  NOROM_DDI16BitfieldWrite                              
000025cb  NOROM_DDI16BitRead                                    
00002613  NOROM_DDI16BitfieldRead                               
000026cd  initRadio                                             
000026e9  runRadio                                              
000026f1  radioPatch                                            
000026f9  radioCmdBusRequest                                    
00002717  radioCmdStartRAT                                      
00002729  radioSetupAndTransmit                                 
000027b3  radioUpdateAdvData                                    
000027db  initRadioInts                                         
000027f3  RFCCPE1IntHandler                                     
00002809  RFCCPE0IntHandler                                     
00002895  _Exp                                                  
00002a91  __aeabi_dsub                                          
00002a9b  __aeabi_dadd                                          
00002c9d  ChipInfo_GetSupportedProtocol_BV                      
00002ca7  ChipInfo_GetPackageType                               
00002cd9  ChipInfo_GetChipFamily                                
00002d2f  ChipInfo_GetHwRevision                                
00002dc3  ThisCodeIsBuiltForCC26xxHwRev22AndLater_HaltIfViolated
00002de5  initInterrupts                                        
00002e01  powerEnableAuxForceOn                                 
00002e09  powerDisableAuxForceOn                                
00002e11  powerEnableCache                                      
00002e23  powerDisableCache                                     
00002e35  powerEnableCacheRetention                             
00002e41  powerDisableCacheRetention                            
00002e4d  powerDisableAuxRamRet                                 
00002e55  powerEnableRFC                                        
00002e5d  powerDisableRFC                                       
00002e65  powerEnablePeriph                                     
00002e6d  powerDisablePeriph                                    
00002e75  powerDisableCPU                                       
00002e7d  powerEnableFlashInIdle                                
00002e85  powerDisableFlashInIdle                               
00002e8d  powerEnableAUXPdReq                                   
00002e9b  powerDivideInfClkDS                                   
00002eb1  powerEnableMcuPdReq                                   
00002eb9  powerDisableMcuPdReq                                  
00002ec1  powerEnableGPIOClockRunMode                           
00002ecf  powerConfigureRecharge                                
00002ed7  powerEnableXtal                                       
00002edf  powerDisableXtal                                      
00002ee7  powerEnableXtalInterface                              
00002eef  waitUntilRFCReady                                     
00002f01  waitUntilPeriphReady                                  
00002f13  waitUntilAUXReady                                     
0000302f  initRTC                                               
00003061  initRTC_WUms                                          
000030b1  AONRTCIntHandler                                      
000030b9  AONRTCCurrentSubSecValueGet                           
00003115  select_opt_3001                                       
00003121  enable_opt_3001                                       
0000316b  read_data_opt_3001                                    
000031cd  convert_opt_3001                                      
00003223  value                                                 
0000325b  configure_opt_3001                                    
00003281  __aeabi_ddiv                                          
00003423  em8500_Init                                           
00003447  em8500_DisableVSUP                                    
000034dd  _Dscale                                               
000035ed  __aeabi_dmul                                          
000036e9  _Dnorm                                                
000037a9  sensor_common_read_reg                                
000037c5  sensor_common_write_reg                               
0000382b  sensor_common_set_error_data                          
00003861  exp2                                                  
0000390d  __aeabi_memcpy                                        
0000390d  __aeabi_memcpy4                                       
0000390d  __aeabi_memcpy8                                       
0000390d  memcpy                                                
000039a9  __aeabi_fdiv                                          
00003a3b  __aeabi_cdcmpeq                                       
00003a3b  __aeabi_cdcmple                                       
00003ac1  __aeabi_fmul                                          
00003b3b  __aeabi_memclr                                        
00003b3b  __aeabi_memclr4                                       
00003b3b  __aeabi_memclr8                                       
00003b3d  __aeabi_memset                                        
00003b3d  __aeabi_memset4                                       
00003b3d  __aeabi_memset8                                       
00003b43  memset                                                
00003bb5  __aeabi_d2f                                           
00003c25  __TI_auto_init                                        
00003cfb  ResetISR                                              
00003d59  NOROM_AONRTCCurrentCompareValueGet                    
00003d85  NOROM_AONRTCCurrent64BitValueGet                      
00003db5  copy_in                                               
00003e01  __aeabi_d2iz                                          
00003e49  AONBatMonTemperatureGetDegC                           
00003e8d  C$$EXIT                                               
00003e91  abort                                                 
00003e99  exit                                                  
00003ed1  signal                                                
00003f11  _c_int00                                              
00003f4d  __aeabi_f2iz                                          
00003f85  __aeabi_i2f                                           
00003fbd  feraiseexcept                                         
00003ff1  __aeabi_f2uiz                                         
00004025  _Feraise                                              
00004055  __aeabi_i2d                                           
00004083  raise                                                 
000040b1  NOROM_CPUcpsid                                        
000040bd  NOROM_CPUprimask                                      
000040c7  NOROM_CPUcpsie                                        
000040d3  NOROM_CPUbasepriGet                                   
000040dd  __aeabi_ui2f                                          
00004101  __aeabi_ui2d                                          
00004121  _args_main                                            
00004139  _register_unlock                                      
0000413f  _register_lock                                        
00004147  _nop                                                  
0000414d  __TI_decompress_none                                  
0000415b  __TI_zero_init                                        
00004167  NOROM_CPUdelay                                        
0000416d  __TI_decompress_rle24                                 
00004173  _system_pre_init                                      
00004230  __c_args__                                            
00004328  __TI_Handler_Table_Base                               
00004334  __TI_Handler_Table_Limit                              
00004340  __TI_CINIT_Base                                       
00004350  __TI_CINIT_Limit                                      
0001ffa8  __ccfg                                                
20000000  int_boot_done                                         
20000001  advData                                               
20000010  cmdAdvParam                                           
20000030  advOutput                                             
20000040  cmdAdv2                                               
20000058  cmdAdv1                                               
20000070  cmdAdv0                                               
20000088  cmdSetup37                                            
200000a0  cmdSetup38                                            
200000b8  cmdSetup39                                            
20000180  _Denorm                                               
20000190  _Eps                                                  
200001a0  _Hugeval                                              
200001b0  _Inf                                                  
200001c0  _Nan                                                  
200001d0  _Snan                                                 
200001e0  _Rteps                                                
200001f0  _Xbig                                                 
200001f8  _Zero                                                 
20000200  bleDifferentialOverrides                              
20000230  _lock                                                 
20000234  _unlock                                               
20000238  __TI_cleanup_ptr                                      
2000023c  __TI_dtors_ptr                                        
20000240  _Fenv                                                 
20000244  _Tls_setup__Fenv                                      
20000250  _Errno                                                
20000254  main_func_sp                                          
200002c8  time1                                                 
200002cc  time2                                                 
200002d0  timeDiff                                              
200002d6  advLength                                             
200002d7  meas_done                                             
20004f00  __stack                                               
20005000  __STACK_END                                           
20005000  __STACK_TOP                                           
ffffffff  __binit__                                             
ffffffff  binit                                                 
UNDEFED   SHT$$INIT_ARRAY$$Base                                 
UNDEFED   SHT$$INIT_ARRAY$$Limit                                

[213 symbols]
