<?xml version="1.0"?>
<link_info>
   <banner>TI ARM Linker PC v5.2.7</banner>
   <copyright>Copyright (c) 1996-2015 Texas Instruments Incorporated</copyright>
   <link_time>0x56fd3022</link_time>
   <link_errors>0x0</link_errors>
   <output_file>bicycle_computer.out</output_file>
   <entry_point>
      <name>ResetISR</name>
      <address>0x4085</address>
   </entry_point>
   <input_file_list>
      <input_file id="fl-2">
         <path>.\</path>
         <kind>object</kind>
         <file>ccfg.obj</file>
         <name>ccfg.obj</name>
      </input_file>
      <input_file id="fl-3">
         <path>.\</path>
         <kind>object</kind>
         <file>em8500-pwr-mgnt.obj</file>
         <name>em8500-pwr-mgnt.obj</name>
      </input_file>
      <input_file id="fl-4">
         <path>.\</path>
         <kind>object</kind>
         <file>main.obj</file>
         <name>main.obj</name>
      </input_file>
      <input_file id="fl-5">
         <path>.\</path>
         <kind>object</kind>
         <file>radio.obj</file>
         <name>radio.obj</name>
      </input_file>
      <input_file id="fl-6">
         <path>.\</path>
         <kind>object</kind>
         <file>rtc.obj</file>
         <name>rtc.obj</name>
      </input_file>
      <input_file id="fl-7">
         <path>.\</path>
         <kind>object</kind>
         <file>system.obj</file>
         <name>system.obj</name>
      </input_file>
      <input_file id="fl-8">
         <path>.\sensors\</path>
         <kind>object</kind>
         <file>bmp-280-sensor.obj</file>
         <name>bmp-280-sensor.obj</name>
      </input_file>
      <input_file id="fl-9">
         <path>.\sensors\</path>
         <kind>object</kind>
         <file>buzzer.obj</file>
         <name>buzzer.obj</name>
      </input_file>
      <input_file id="fl-a">
         <path>.\sensors\</path>
         <kind>object</kind>
         <file>ext-flash.obj</file>
         <name>ext-flash.obj</name>
      </input_file>
      <input_file id="fl-b">
         <path>.\sensors\</path>
         <kind>object</kind>
         <file>hdc-1000-sensor.obj</file>
         <name>hdc-1000-sensor.obj</name>
      </input_file>
      <input_file id="fl-c">
         <path>.\sensors\</path>
         <kind>object</kind>
         <file>opt-3001-sensor.obj</file>
         <name>opt-3001-sensor.obj</name>
      </input_file>
      <input_file id="fl-d">
         <path>.\sensors\</path>
         <kind>object</kind>
         <file>sensor-common.obj</file>
         <name>sensor-common.obj</name>
      </input_file>
      <input_file id="fl-e">
         <path>.\sensors\</path>
         <kind>object</kind>
         <file>tmp-007-sensor.obj</file>
         <name>tmp-007-sensor.obj</name>
      </input_file>
      <input_file id="fl-f">
         <path>.\interfaces\</path>
         <kind>object</kind>
         <file>board-i2c.obj</file>
         <name>board-i2c.obj</name>
      </input_file>
      <input_file id="fl-10">
         <path>.\interfaces\</path>
         <kind>object</kind>
         <file>board-spi.obj</file>
         <name>board-spi.obj</name>
      </input_file>
      <input_file id="fl-11">
         <path>.\cc26xxware_2_22_00_16101\startup_files\</path>
         <kind>object</kind>
         <file>startup_ccs.obj</file>
         <name>startup_ccs.obj</name>
      </input_file>
      <input_file id="fl-12">
         <path>.\cc26xxware_2_22_00_16101\driverLib\</path>
         <kind>object</kind>
         <file>adi.obj</file>
         <name>adi.obj</name>
      </input_file>
      <input_file id="fl-13">
         <path>.\cc26xxware_2_22_00_16101\driverLib\</path>
         <kind>object</kind>
         <file>aon_batmon.obj</file>
         <name>aon_batmon.obj</name>
      </input_file>
      <input_file id="fl-14">
         <path>.\cc26xxware_2_22_00_16101\driverLib\</path>
         <kind>object</kind>
         <file>aon_event.obj</file>
         <name>aon_event.obj</name>
      </input_file>
      <input_file id="fl-15">
         <path>.\cc26xxware_2_22_00_16101\driverLib\</path>
         <kind>object</kind>
         <file>aon_ioc.obj</file>
         <name>aon_ioc.obj</name>
      </input_file>
      <input_file id="fl-16">
         <path>.\cc26xxware_2_22_00_16101\driverLib\</path>
         <kind>object</kind>
         <file>aon_rtc.obj</file>
         <name>aon_rtc.obj</name>
      </input_file>
      <input_file id="fl-17">
         <path>.\cc26xxware_2_22_00_16101\driverLib\</path>
         <kind>object</kind>
         <file>aon_wuc.obj</file>
         <name>aon_wuc.obj</name>
      </input_file>
      <input_file id="fl-18">
         <path>.\cc26xxware_2_22_00_16101\driverLib\</path>
         <kind>object</kind>
         <file>aux_adc.obj</file>
         <name>aux_adc.obj</name>
      </input_file>
      <input_file id="fl-19">
         <path>.\cc26xxware_2_22_00_16101\driverLib\</path>
         <kind>object</kind>
         <file>aux_smph.obj</file>
         <name>aux_smph.obj</name>
      </input_file>
      <input_file id="fl-1a">
         <path>.\cc26xxware_2_22_00_16101\driverLib\</path>
         <kind>object</kind>
         <file>aux_tdc.obj</file>
         <name>aux_tdc.obj</name>
      </input_file>
      <input_file id="fl-1b">
         <path>.\cc26xxware_2_22_00_16101\driverLib\</path>
         <kind>object</kind>
         <file>aux_timer.obj</file>
         <name>aux_timer.obj</name>
      </input_file>
      <input_file id="fl-1c">
         <path>.\cc26xxware_2_22_00_16101\driverLib\</path>
         <kind>object</kind>
         <file>aux_wuc.obj</file>
         <name>aux_wuc.obj</name>
      </input_file>
      <input_file id="fl-1d">
         <path>.\cc26xxware_2_22_00_16101\driverLib\</path>
         <kind>object</kind>
         <file>ccfgread.obj</file>
         <name>ccfgread.obj</name>
      </input_file>
      <input_file id="fl-1e">
         <path>.\cc26xxware_2_22_00_16101\driverLib\</path>
         <kind>object</kind>
         <file>chipinfo.obj</file>
         <name>chipinfo.obj</name>
      </input_file>
      <input_file id="fl-1f">
         <path>.\cc26xxware_2_22_00_16101\driverLib\</path>
         <kind>object</kind>
         <file>cpu.obj</file>
         <name>cpu.obj</name>
      </input_file>
      <input_file id="fl-20">
         <path>.\cc26xxware_2_22_00_16101\driverLib\</path>
         <kind>object</kind>
         <file>crypto.obj</file>
         <name>crypto.obj</name>
      </input_file>
      <input_file id="fl-21">
         <path>.\cc26xxware_2_22_00_16101\driverLib\</path>
         <kind>object</kind>
         <file>ddi.obj</file>
         <name>ddi.obj</name>
      </input_file>
      <input_file id="fl-22">
         <path>.\cc26xxware_2_22_00_16101\driverLib\</path>
         <kind>object</kind>
         <file>debug.obj</file>
         <name>debug.obj</name>
      </input_file>
      <input_file id="fl-23">
         <path>.\cc26xxware_2_22_00_16101\driverLib\</path>
         <kind>object</kind>
         <file>driverlib_release.obj</file>
         <name>driverlib_release.obj</name>
      </input_file>
      <input_file id="fl-24">
         <path>.\cc26xxware_2_22_00_16101\driverLib\</path>
         <kind>object</kind>
         <file>event.obj</file>
         <name>event.obj</name>
      </input_file>
      <input_file id="fl-25">
         <path>.\cc26xxware_2_22_00_16101\driverLib\</path>
         <kind>object</kind>
         <file>flash.obj</file>
         <name>flash.obj</name>
      </input_file>
      <input_file id="fl-26">
         <path>.\cc26xxware_2_22_00_16101\driverLib\</path>
         <kind>object</kind>
         <file>flashsafe.obj</file>
         <name>flashsafe.obj</name>
      </input_file>
      <input_file id="fl-27">
         <path>.\cc26xxware_2_22_00_16101\driverLib\</path>
         <kind>object</kind>
         <file>gpio.obj</file>
         <name>gpio.obj</name>
      </input_file>
      <input_file id="fl-28">
         <path>.\cc26xxware_2_22_00_16101\driverLib\</path>
         <kind>object</kind>
         <file>i2c.obj</file>
         <name>i2c.obj</name>
      </input_file>
      <input_file id="fl-29">
         <path>.\cc26xxware_2_22_00_16101\driverLib\</path>
         <kind>object</kind>
         <file>i2s.obj</file>
         <name>i2s.obj</name>
      </input_file>
      <input_file id="fl-2a">
         <path>.\cc26xxware_2_22_00_16101\driverLib\</path>
         <kind>object</kind>
         <file>interrupt.obj</file>
         <name>interrupt.obj</name>
      </input_file>
      <input_file id="fl-2b">
         <path>.\cc26xxware_2_22_00_16101\driverLib\</path>
         <kind>object</kind>
         <file>ioc.obj</file>
         <name>ioc.obj</name>
      </input_file>
      <input_file id="fl-2c">
         <path>.\cc26xxware_2_22_00_16101\driverLib\</path>
         <kind>object</kind>
         <file>osc.obj</file>
         <name>osc.obj</name>
      </input_file>
      <input_file id="fl-2d">
         <path>.\cc26xxware_2_22_00_16101\driverLib\</path>
         <kind>object</kind>
         <file>prcm.obj</file>
         <name>prcm.obj</name>
      </input_file>
      <input_file id="fl-2e">
         <path>.\cc26xxware_2_22_00_16101\driverLib\</path>
         <kind>object</kind>
         <file>pwr_ctrl.obj</file>
         <name>pwr_ctrl.obj</name>
      </input_file>
      <input_file id="fl-2f">
         <path>.\cc26xxware_2_22_00_16101\driverLib\</path>
         <kind>object</kind>
         <file>rfc.obj</file>
         <name>rfc.obj</name>
      </input_file>
      <input_file id="fl-30">
         <path>.\cc26xxware_2_22_00_16101\driverLib\</path>
         <kind>object</kind>
         <file>rom_crypto.obj</file>
         <name>rom_crypto.obj</name>
      </input_file>
      <input_file id="fl-31">
         <path>.\cc26xxware_2_22_00_16101\driverLib\</path>
         <kind>object</kind>
         <file>setup.obj</file>
         <name>setup.obj</name>
      </input_file>
      <input_file id="fl-32">
         <path>.\cc26xxware_2_22_00_16101\driverLib\</path>
         <kind>object</kind>
         <file>smph.obj</file>
         <name>smph.obj</name>
      </input_file>
      <input_file id="fl-33">
         <path>.\cc26xxware_2_22_00_16101\driverLib\</path>
         <kind>object</kind>
         <file>ssi.obj</file>
         <name>ssi.obj</name>
      </input_file>
      <input_file id="fl-34">
         <path>.\cc26xxware_2_22_00_16101\driverLib\</path>
         <kind>object</kind>
         <file>sys_ctrl.obj</file>
         <name>sys_ctrl.obj</name>
      </input_file>
      <input_file id="fl-35">
         <path>.\cc26xxware_2_22_00_16101\driverLib\</path>
         <kind>object</kind>
         <file>systick.obj</file>
         <name>systick.obj</name>
      </input_file>
      <input_file id="fl-36">
         <path>.\cc26xxware_2_22_00_16101\driverLib\</path>
         <kind>object</kind>
         <file>timer.obj</file>
         <name>timer.obj</name>
      </input_file>
      <input_file id="fl-37">
         <path>.\cc26xxware_2_22_00_16101\driverLib\</path>
         <kind>object</kind>
         <file>trng.obj</file>
         <name>trng.obj</name>
      </input_file>
      <input_file id="fl-38">
         <path>.\cc26xxware_2_22_00_16101\driverLib\</path>
         <kind>object</kind>
         <file>uart.obj</file>
         <name>uart.obj</name>
      </input_file>
      <input_file id="fl-39">
         <path>.\cc26xxware_2_22_00_16101\driverLib\</path>
         <kind>object</kind>
         <file>udma.obj</file>
         <name>udma.obj</name>
      </input_file>
      <input_file id="fl-3a">
         <path>.\cc26xxware_2_22_00_16101\driverLib\</path>
         <kind>object</kind>
         <file>vims.obj</file>
         <name>vims.obj</name>
      </input_file>
      <input_file id="fl-3b">
         <path>.\cc26xxware_2_22_00_16101\driverLib\</path>
         <kind>object</kind>
         <file>watchdog.obj</file>
         <name>watchdog.obj</name>
      </input_file>
      <input_file id="fl-161">
         <path>C:\ti\ccsv6\tools\compiler\ti-cgt-arm_5.2.7\lib\</path>
         <kind>archive</kind>
         <file>rtsv7M3_T_le_eabi.lib</file>
         <name>boot.obj</name>
      </input_file>
      <input_file id="fl-162">
         <path>C:\ti\ccsv6\tools\compiler\ti-cgt-arm_5.2.7\lib\</path>
         <kind>archive</kind>
         <file>rtsv7M3_T_le_eabi.lib</file>
         <name>copy_decompress_none.obj</name>
      </input_file>
      <input_file id="fl-163">
         <path>C:\ti\ccsv6\tools\compiler\ti-cgt-arm_5.2.7\lib\</path>
         <kind>archive</kind>
         <file>rtsv7M3_T_le_eabi.lib</file>
         <name>copy_decompress_rle.obj</name>
      </input_file>
      <input_file id="fl-164">
         <path>C:\ti\ccsv6\tools\compiler\ti-cgt-arm_5.2.7\lib\</path>
         <kind>archive</kind>
         <file>rtsv7M3_T_le_eabi.lib</file>
         <name>copy_zero_init.obj</name>
      </input_file>
      <input_file id="fl-165">
         <path>C:\ti\ccsv6\tools\compiler\ti-cgt-arm_5.2.7\lib\</path>
         <kind>archive</kind>
         <file>rtsv7M3_T_le_eabi.lib</file>
         <name>exit.obj</name>
      </input_file>
      <input_file id="fl-166">
         <path>C:\ti\ccsv6\tools\compiler\ti-cgt-arm_5.2.7\lib\</path>
         <kind>archive</kind>
         <file>rtsv7M3_T_le_eabi.lib</file>
         <name>exp2.obj</name>
      </input_file>
      <input_file id="fl-167">
         <path>C:\ti\ccsv6\tools\compiler\ti-cgt-arm_5.2.7\lib\</path>
         <kind>archive</kind>
         <file>rtsv7M3_T_le_eabi.lib</file>
         <name>fd_add_t2.obj</name>
      </input_file>
      <input_file id="fl-168">
         <path>C:\ti\ccsv6\tools\compiler\ti-cgt-arm_5.2.7\lib\</path>
         <kind>archive</kind>
         <file>rtsv7M3_T_le_eabi.lib</file>
         <name>fd_div_t2.obj</name>
      </input_file>
      <input_file id="fl-169">
         <path>C:\ti\ccsv6\tools\compiler\ti-cgt-arm_5.2.7\lib\</path>
         <kind>archive</kind>
         <file>rtsv7M3_T_le_eabi.lib</file>
         <name>fd_mul_t2.obj</name>
      </input_file>
      <input_file id="fl-16a">
         <path>C:\ti\ccsv6\tools\compiler\ti-cgt-arm_5.2.7\lib\</path>
         <kind>archive</kind>
         <file>rtsv7M3_T_le_eabi.lib</file>
         <name>fd_tos_t2.obj</name>
      </input_file>
      <input_file id="fl-16b">
         <path>C:\ti\ccsv6\tools\compiler\ti-cgt-arm_5.2.7\lib\</path>
         <kind>archive</kind>
         <file>rtsv7M3_T_le_eabi.lib</file>
         <name>fs_mul_t2.obj</name>
      </input_file>
      <input_file id="fl-16c">
         <path>C:\ti\ccsv6\tools\compiler\ti-cgt-arm_5.2.7\lib\</path>
         <kind>archive</kind>
         <file>rtsv7M3_T_le_eabi.lib</file>
         <name>fs_toi_t2.obj</name>
      </input_file>
      <input_file id="fl-16d">
         <path>C:\ti\ccsv6\tools\compiler\ti-cgt-arm_5.2.7\lib\</path>
         <kind>archive</kind>
         <file>rtsv7M3_T_le_eabi.lib</file>
         <name>i_tofd_t2.obj</name>
      </input_file>
      <input_file id="fl-16e">
         <path>C:\ti\ccsv6\tools\compiler\ti-cgt-arm_5.2.7\lib\</path>
         <kind>archive</kind>
         <file>rtsv7M3_T_le_eabi.lib</file>
         <name>i_tofs_t2.obj</name>
      </input_file>
      <input_file id="fl-16f">
         <path>C:\ti\ccsv6\tools\compiler\ti-cgt-arm_5.2.7\lib\</path>
         <kind>archive</kind>
         <file>rtsv7M3_T_le_eabi.lib</file>
         <name>memcpy_t2.obj</name>
      </input_file>
      <input_file id="fl-170">
         <path>C:\ti\ccsv6\tools\compiler\ti-cgt-arm_5.2.7\lib\</path>
         <kind>archive</kind>
         <file>rtsv7M3_T_le_eabi.lib</file>
         <name>memset_t2.obj</name>
      </input_file>
      <input_file id="fl-171">
         <path>C:\ti\ccsv6\tools\compiler\ti-cgt-arm_5.2.7\lib\</path>
         <kind>archive</kind>
         <file>rtsv7M3_T_le_eabi.lib</file>
         <name>pre_init.obj</name>
      </input_file>
      <input_file id="fl-172">
         <path>C:\ti\ccsv6\tools\compiler\ti-cgt-arm_5.2.7\lib\</path>
         <kind>archive</kind>
         <file>rtsv7M3_T_le_eabi.lib</file>
         <name>stkdepth_vars.obj</name>
      </input_file>
      <input_file id="fl-173">
         <path>C:\ti\ccsv6\tools\compiler\ti-cgt-arm_5.2.7\lib\</path>
         <kind>archive</kind>
         <file>rtsv7M3_T_le_eabi.lib</file>
         <name>u_tofd_t2.obj</name>
      </input_file>
      <input_file id="fl-174">
         <path>C:\ti\ccsv6\tools\compiler\ti-cgt-arm_5.2.7\lib\</path>
         <kind>archive</kind>
         <file>rtsv7M3_T_le_eabi.lib</file>
         <name>xexp.obj</name>
      </input_file>
      <input_file id="fl-175">
         <path>C:\ti\ccsv6\tools\compiler\ti-cgt-arm_5.2.7\lib\</path>
         <kind>archive</kind>
         <file>rtsv7M3_T_le_eabi.lib</file>
         <name>xferaise.obj</name>
      </input_file>
      <input_file id="fl-176">
         <path>C:\ti\ccsv6\tools\compiler\ti-cgt-arm_5.2.7\lib\</path>
         <kind>archive</kind>
         <file>rtsv7M3_T_le_eabi.lib</file>
         <name>xvalues.obj</name>
      </input_file>
      <input_file id="fl-177">
         <path>C:\ti\ccsv6\tools\compiler\ti-cgt-arm_5.2.7\lib\</path>
         <kind>archive</kind>
         <file>rtsv7M3_T_le_eabi.lib</file>
         <name>_lock.obj</name>
      </input_file>
      <input_file id="fl-178">
         <path>C:\ti\ccsv6\tools\compiler\ti-cgt-arm_5.2.7\lib\</path>
         <kind>archive</kind>
         <file>rtsv7M3_T_le_eabi.lib</file>
         <name>args_main.obj</name>
      </input_file>
      <input_file id="fl-179">
         <path>C:\ti\ccsv6\tools\compiler\ti-cgt-arm_5.2.7\lib\</path>
         <kind>archive</kind>
         <file>rtsv7M3_T_le_eabi.lib</file>
         <name>autoinit.obj</name>
      </input_file>
      <input_file id="fl-17a">
         <path>C:\ti\ccsv6\tools\compiler\ti-cgt-arm_5.2.7\lib\</path>
         <kind>archive</kind>
         <file>rtsv7M3_T_le_eabi.lib</file>
         <name>cpy_tbl.obj</name>
      </input_file>
      <input_file id="fl-17b">
         <path>C:\ti\ccsv6\tools\compiler\ti-cgt-arm_5.2.7\lib\</path>
         <kind>archive</kind>
         <file>rtsv7M3_T_le_eabi.lib</file>
         <name>errno.obj</name>
      </input_file>
      <input_file id="fl-17c">
         <path>C:\ti\ccsv6\tools\compiler\ti-cgt-arm_5.2.7\lib\</path>
         <kind>archive</kind>
         <file>rtsv7M3_T_le_eabi.lib</file>
         <name>fd_cmp_t2.obj</name>
      </input_file>
      <input_file id="fl-17d">
         <path>C:\ti\ccsv6\tools\compiler\ti-cgt-arm_5.2.7\lib\</path>
         <kind>archive</kind>
         <file>rtsv7M3_T_le_eabi.lib</file>
         <name>fd_toi_t2.obj</name>
      </input_file>
      <input_file id="fl-17e">
         <path>C:\ti\ccsv6\tools\compiler\ti-cgt-arm_5.2.7\lib\</path>
         <kind>archive</kind>
         <file>rtsv7M3_T_le_eabi.lib</file>
         <name>feraiseexcept.obj</name>
      </input_file>
      <input_file id="fl-17f">
         <path>C:\ti\ccsv6\tools\compiler\ti-cgt-arm_5.2.7\lib\</path>
         <kind>archive</kind>
         <file>rtsv7M3_T_le_eabi.lib</file>
         <name>raise.obj</name>
      </input_file>
      <input_file id="fl-180">
         <path>C:\ti\ccsv6\tools\compiler\ti-cgt-arm_5.2.7\lib\</path>
         <kind>archive</kind>
         <file>rtsv7M3_T_le_eabi.lib</file>
         <name>signal.obj</name>
      </input_file>
      <input_file id="fl-181">
         <path>C:\ti\ccsv6\tools\compiler\ti-cgt-arm_5.2.7\lib\</path>
         <kind>archive</kind>
         <file>rtsv7M3_T_le_eabi.lib</file>
         <name>xdscale.obj</name>
      </input_file>
      <input_file id="fl-182">
         <path>C:\ti\ccsv6\tools\compiler\ti-cgt-arm_5.2.7\lib\</path>
         <kind>archive</kind>
         <file>rtsv7M3_T_le_eabi.lib</file>
         <name>xdnorm.obj</name>
      </input_file>
   </input_file_list>
   <object_component_list>
      <object_component id="oc-18">
         <name>.intvecs</name>
         <load_address>0x0</load_address>
         <run_address>0x0</run_address>
         <size>0xc8</size>
         <input_file_ref idref="fl-11"/>
      </object_component>
      <object_component id="oc-46">
         <name>.text</name>
         <load_address>0xc8</load_address>
         <run_address>0xc8</run_address>
         <size>0x90c</size>
         <input_file_ref idref="fl-31"/>
      </object_component>
      <object_component id="oc-ef">
         <name>.text</name>
         <load_address>0x9d4</load_address>
         <run_address>0x9d4</run_address>
         <size>0x668</size>
         <input_file_ref idref="fl-f"/>
      </object_component>
      <object_component id="oc-1d0">
         <name>.text</name>
         <load_address>0x103c</load_address>
         <run_address>0x103c</run_address>
         <size>0x664</size>
         <input_file_ref idref="fl-34"/>
      </object_component>
      <object_component id="oc-dd">
         <name>.text</name>
         <load_address>0x16a0</load_address>
         <run_address>0x16a0</run_address>
         <size>0x41c</size>
         <input_file_ref idref="fl-a"/>
      </object_component>
      <object_component id="oc-14f">
         <name>.text</name>
         <load_address>0x1abc</load_address>
         <run_address>0x1abc</run_address>
         <size>0x3fc</size>
         <input_file_ref idref="fl-4"/>
      </object_component>
      <object_component id="oc-37">
         <name>.text</name>
         <load_address>0x1eb8</load_address>
         <run_address>0x1eb8</run_address>
         <size>0x2c4</size>
         <input_file_ref idref="fl-5"/>
      </object_component>
      <object_component id="oc-e9">
         <name>.text</name>
         <load_address>0x217c</load_address>
         <run_address>0x217c</run_address>
         <size>0x2b4</size>
         <input_file_ref idref="fl-8"/>
      </object_component>
      <object_component id="oc-17e">
         <name>.text</name>
         <load_address>0x2430</load_address>
         <run_address>0x2430</run_address>
         <size>0x288</size>
         <input_file_ref idref="fl-10"/>
      </object_component>
      <object_component id="oc-227">
         <name>.text</name>
         <load_address>0x26b8</load_address>
         <run_address>0x26b8</run_address>
         <size>0x288</size>
         <input_file_ref idref="fl-2e"/>
      </object_component>
      <object_component id="oc-b4">
         <name>.text</name>
         <load_address>0x2940</load_address>
         <run_address>0x2940</run_address>
         <size>0x280</size>
         <input_file_ref idref="fl-2c"/>
      </object_component>
      <object_component id="oc-51">
         <name>.text</name>
         <load_address>0x2bc0</load_address>
         <run_address>0x2bc0</run_address>
         <size>0x258</size>
         <input_file_ref idref="fl-7"/>
      </object_component>
      <object_component id="oc-d7">
         <name>.text</name>
         <load_address>0x2e18</load_address>
         <run_address>0x2e18</run_address>
         <size>0x23c</size>
         <input_file_ref idref="fl-e"/>
      </object_component>
      <object_component id="oc-ae">
         <name>.text</name>
         <load_address>0x3054</load_address>
         <run_address>0x3054</run_address>
         <size>0x224</size>
         <input_file_ref idref="fl-21"/>
      </object_component>
      <object_component id="oc-1fe">
         <name>.text</name>
         <load_address>0x3278</load_address>
         <run_address>0x3278</run_address>
         <size>0x1fc</size>
         <input_file_ref idref="fl-174"/>
      </object_component>
      <object_component id="oc-244">
         <name>.text</name>
         <load_address>0x3474</load_address>
         <run_address>0x3474</run_address>
         <size>0x1b6</size>
         <input_file_ref idref="fl-167"/>
      </object_component>
      <object_component id="oc-a8">
         <name>.text</name>
         <load_address>0x362c</load_address>
         <run_address>0x362c</run_address>
         <size>0x19c</size>
         <input_file_ref idref="fl-1e"/>
      </object_component>
      <object_component id="oc-3d">
         <name>.text</name>
         <load_address>0x37c8</load_address>
         <run_address>0x37c8</run_address>
         <size>0x194</size>
         <input_file_ref idref="fl-6"/>
      </object_component>
      <object_component id="oc-e3">
         <name>.text</name>
         <load_address>0x395c</load_address>
         <run_address>0x395c</run_address>
         <size>0x16c</size>
         <input_file_ref idref="fl-c"/>
      </object_component>
      <object_component id="oc-253">
         <name>.text</name>
         <load_address>0x3ac8</load_address>
         <run_address>0x3ac8</run_address>
         <size>0x136</size>
         <input_file_ref idref="fl-168"/>
      </object_component>
      <object_component id="oc-258">
         <name>.text</name>
         <load_address>0x3c00</load_address>
         <run_address>0x3c00</run_address>
         <size>0x110</size>
         <input_file_ref idref="fl-181"/>
      </object_component>
      <object_component id="oc-f5">
         <name>.text</name>
         <load_address>0x3d10</load_address>
         <run_address>0x3d10</run_address>
         <size>0x100</size>
         <input_file_ref idref="fl-3a"/>
      </object_component>
      <object_component id="oc-199">
         <name>.text</name>
         <load_address>0x3e10</load_address>
         <run_address>0x3e10</run_address>
         <size>0xfc</size>
         <input_file_ref idref="fl-169"/>
      </object_component>
      <object_component id="oc-280">
         <name>.text</name>
         <load_address>0x3f0c</load_address>
         <run_address>0x3f0c</run_address>
         <size>0xbe</size>
         <input_file_ref idref="fl-182"/>
      </object_component>
      <object_component id="oc-162">
         <name>.text</name>
         <load_address>0x3fcc</load_address>
         <run_address>0x3fcc</run_address>
         <size>0xb8</size>
         <input_file_ref idref="fl-d"/>
      </object_component>
      <object_component id="oc-1b">
         <name>.text</name>
         <load_address>0x4084</load_address>
         <run_address>0x4084</run_address>
         <size>0xb4</size>
         <input_file_ref idref="fl-11"/>
      </object_component>
      <object_component id="oc-193">
         <name>.text</name>
         <load_address>0x4138</load_address>
         <run_address>0x4138</run_address>
         <size>0xac</size>
         <input_file_ref idref="fl-166"/>
      </object_component>
      <object_component id="oc-5d">
         <name>.text</name>
         <load_address>0x41e4</load_address>
         <run_address>0x41e4</run_address>
         <size>0x9c</size>
         <input_file_ref idref="fl-16f"/>
      </object_component>
      <object_component id="oc-23f">
         <name>.text:__aeabi_cdcmple</name>
         <load_address>0x4280</load_address>
         <run_address>0x4280</run_address>
         <size>0x86</size>
         <input_file_ref idref="fl-17c"/>
      </object_component>
      <object_component id="oc-16d">
         <name>.text</name>
         <load_address>0x4306</load_address>
         <run_address>0x4306</run_address>
         <size>0x7a</size>
         <input_file_ref idref="fl-16b"/>
      </object_component>
      <object_component id="oc-76">
         <name>.text</name>
         <load_address>0x4380</load_address>
         <run_address>0x4380</run_address>
         <size>0x7a</size>
         <input_file_ref idref="fl-170"/>
      </object_component>
      <object_component id="oc-19e">
         <name>.text</name>
         <load_address>0x43fa</load_address>
         <run_address>0x43fa</run_address>
         <size>0x6e</size>
         <input_file_ref idref="fl-16a"/>
      </object_component>
      <object_component id="oc-c1">
         <name>.text</name>
         <load_address>0x4468</load_address>
         <run_address>0x4468</run_address>
         <size>0x6c</size>
         <input_file_ref idref="fl-179"/>
      </object_component>
      <object_component id="oc-69">
         <name>.text</name>
         <load_address>0x44d4</load_address>
         <run_address>0x44d4</run_address>
         <size>0x6a</size>
         <input_file_ref idref="fl-163"/>
      </object_component>
      <object_component id="oc-94">
         <name>.text</name>
         <load_address>0x4540</load_address>
         <run_address>0x4540</run_address>
         <size>0x5c</size>
         <input_file_ref idref="fl-16"/>
      </object_component>
      <object_component id="oc-147">
         <name>.text</name>
         <load_address>0x459c</load_address>
         <run_address>0x459c</run_address>
         <size>0x4c</size>
         <input_file_ref idref="fl-17a"/>
      </object_component>
      <object_component id="oc-249">
         <name>.text</name>
         <load_address>0x45e8</load_address>
         <run_address>0x45e8</run_address>
         <size>0x48</size>
         <input_file_ref idref="fl-17d"/>
      </object_component>
      <object_component id="oc-13c">
         <name>.text</name>
         <load_address>0x4630</load_address>
         <run_address>0x4630</run_address>
         <size>0x44</size>
         <input_file_ref idref="fl-13"/>
      </object_component>
      <object_component id="oc-cd">
         <name>.text</name>
         <load_address>0x4674</load_address>
         <run_address>0x4674</run_address>
         <size>0x44</size>
         <input_file_ref idref="fl-165"/>
      </object_component>
      <object_component id="oc-2a3">
         <name>.text</name>
         <load_address>0x46b8</load_address>
         <run_address>0x46b8</run_address>
         <size>0x40</size>
         <input_file_ref idref="fl-180"/>
      </object_component>
      <object_component id="oc-4c">
         <name>.text</name>
         <load_address>0x46f8</load_address>
         <run_address>0x46f8</run_address>
         <size>0x3c</size>
         <input_file_ref idref="fl-161"/>
      </object_component>
      <object_component id="oc-172">
         <name>.text</name>
         <load_address>0x4734</load_address>
         <run_address>0x4734</run_address>
         <size>0x38</size>
         <input_file_ref idref="fl-16c"/>
      </object_component>
      <object_component id="oc-168">
         <name>.text</name>
         <load_address>0x476c</load_address>
         <run_address>0x476c</run_address>
         <size>0x38</size>
         <input_file_ref idref="fl-16e"/>
      </object_component>
      <object_component id="oc-267">
         <name>.text</name>
         <load_address>0x47a4</load_address>
         <run_address>0x47a4</run_address>
         <size>0x34</size>
         <input_file_ref idref="fl-17e"/>
      </object_component>
      <object_component id="oc-204">
         <name>.text</name>
         <load_address>0x47d8</load_address>
         <run_address>0x47d8</run_address>
         <size>0x30</size>
         <input_file_ref idref="fl-175"/>
      </object_component>
      <object_component id="oc-24e">
         <name>.text</name>
         <load_address>0x4808</load_address>
         <run_address>0x4808</run_address>
         <size>0x2e</size>
         <input_file_ref idref="fl-16d"/>
      </object_component>
      <object_component id="oc-293">
         <name>.text</name>
         <load_address>0x4836</load_address>
         <run_address>0x4836</run_address>
         <size>0x2e</size>
         <input_file_ref idref="fl-17f"/>
      </object_component>
      <object_component id="oc-a2">
         <name>.text</name>
         <load_address>0x4864</load_address>
         <run_address>0x4864</run_address>
         <size>0x2c</size>
         <input_file_ref idref="fl-1f"/>
      </object_component>
      <object_component id="oc-18e">
         <name>.text</name>
         <load_address>0x4890</load_address>
         <run_address>0x4890</run_address>
         <size>0x20</size>
         <input_file_ref idref="fl-173"/>
      </object_component>
      <object_component id="oc-c7">
         <name>.text</name>
         <load_address>0x48b0</load_address>
         <run_address>0x48b0</run_address>
         <size>0x18</size>
         <input_file_ref idref="fl-178"/>
      </object_component>
      <object_component id="oc-1df">
         <name>.text</name>
         <load_address>0x48c8</load_address>
         <run_address>0x48c8</run_address>
         <size>0x14</size>
         <input_file_ref idref="fl-177"/>
      </object_component>
      <object_component id="oc-21">
         <name>.text:decompress:none</name>
         <load_address>0x48dc</load_address>
         <run_address>0x48dc</run_address>
         <size>0xe</size>
         <input_file_ref idref="fl-162"/>
      </object_component>
      <object_component id="oc-2d">
         <name>.text:decompress:ZI</name>
         <load_address>0x48ea</load_address>
         <run_address>0x48ea</run_address>
         <size>0xc</size>
         <input_file_ref idref="fl-164"/>
      </object_component>
      <object_component id="oc-1b0">
         <name>.text:NOROM_CPUdelay</name>
         <load_address>0x48f6</load_address>
         <run_address>0x48f6</run_address>
         <size>0x6</size>
         <input_file_ref idref="fl-1f"/>
      </object_component>
      <object_component id="oc-27">
         <name>.text:decompress:rle24</name>
         <load_address>0x48fc</load_address>
         <run_address>0x48fc</run_address>
         <size>0x6</size>
         <input_file_ref idref="fl-163"/>
      </object_component>
      <object_component id="oc-bb">
         <name>.text</name>
         <load_address>0x4902</load_address>
         <run_address>0x4902</run_address>
         <size>0x4</size>
         <input_file_ref idref="fl-171"/>
      </object_component>
      <object_component id="oc-85">
         <name>.const:patchImage</name>
         <load_address>0x4908</load_address>
         <run_address>0x4908</run_address>
         <size>0x68</size>
         <input_file_ref idref="fl-5"/>
      </object_component>
      <object_component id="oc-261">
         <name>.const</name>
         <load_address>0x4970</load_address>
         <run_address>0x4970</run_address>
         <size>0x48</size>
         <input_file_ref idref="fl-174"/>
      </object_component>
      <object_component id="oc-22d">
         <name>.const:g_pui32ModuleCG</name>
         <load_address>0x49b8</load_address>
         <run_address>0x49b8</run_address>
         <size>0x34</size>
         <input_file_ref idref="fl-34"/>
      </object_component>
      <object_component id="oc-184">
         <name>.const:.string</name>
         <load_address>0x49ec</load_address>
         <run_address>0x49ec</run_address>
         <size>0x6</size>
         <input_file_ref idref="fl-a"/>
      </object_component>
      <object_component id="oc-2f4">
         <name>.cinit..data.load</name>
         <load_address>0x4a00</load_address>
         <run_address>0x4a00</run_address>
         <size>0xd4</size>
      </object_component>
      <object_component id="oc-2f2">
         <name>__TI_handler_table</name>
         <load_address>0x4ad4</load_address>
         <run_address>0x4ad4</run_address>
         <size>0xc</size>
      </object_component>
      <object_component id="oc-2f5">
         <name>.cinit..bss.load</name>
         <load_address>0x4ae0</load_address>
         <run_address>0x4ae0</run_address>
         <size>0x8</size>
      </object_component>
      <object_component id="oc-2f3">
         <name>__TI_cinit_table</name>
         <load_address>0x4ae8</load_address>
         <run_address>0x4ae8</run_address>
         <size>0x10</size>
      </object_component>
      <object_component id="oc-33">
         <name>.ccfg:retain</name>
         <load_address>0x1ffa8</load_address>
         <run_address>0x1ffa8</run_address>
         <size>0x58</size>
         <input_file_ref idref="fl-2"/>
      </object_component>
      <object_component id="oc-36">
         <name>.stack</name>
         <uninitialized>true</uninitialized>
         <run_address>0x20004f00</run_address>
         <size>0x0</size>
         <input_file_ref idref="fl-161"/>
      </object_component>
      <object_component id="oc-2f6">
         <name>.stack</name>
         <uninitialized>true</uninitialized>
         <run_address>0x20004f00</run_address>
         <size>0x0</size>
      </object_component>
      <object_component id="oc-88">
         <name>.common:devAddress</name>
         <uninitialized>true</uninitialized>
         <run_address>0x20000290</run_address>
         <size>0x8</size>
      </object_component>
      <object_component id="oc-1a8">
         <name>.common:calibration_data</name>
         <uninitialized>true</uninitialized>
         <run_address>0x20000260</run_address>
         <size>0x18</size>
      </object_component>
      <object_component id="oc-1ae">
         <name>.common:sensor_value</name>
         <uninitialized>true</uninitialized>
         <run_address>0x200002a0</run_address>
         <size>0x8</size>
      </object_component>
      <object_component id="oc-1ed">
         <name>.common:buffer</name>
         <uninitialized>true</uninitialized>
         <run_address>0x20000240</run_address>
         <size>0x20</size>
      </object_component>
      <object_component id="oc-17a">
         <name>.common:buf</name>
         <uninitialized>true</uninitialized>
         <run_address>0x200002a8</run_address>
         <size>0x4</size>
      </object_component>
      <object_component id="oc-177">
         <name>.common:val</name>
         <uninitialized>true</uninitialized>
         <run_address>0x200002b0</run_address>
         <size>0x2</size>
      </object_component>
      <object_component id="oc-17b">
         <name>.common:obj_temp_latched</name>
         <uninitialized>true</uninitialized>
         <run_address>0x200002ac</run_address>
         <size>0x4</size>
      </object_component>
      <object_component id="oc-17c">
         <name>.common:amb_temp_latched</name>
         <uninitialized>true</uninitialized>
         <run_address>0x2000028c</run_address>
         <size>0x4</size>
      </object_component>
      <object_component id="oc-142">
         <name>.common:oscHfGlobals</name>
         <uninitialized>true</uninitialized>
         <run_address>0x20000278</run_address>
         <size>0x14</size>
      </object_component>
      <object_component id="oc-230">
         <name>.common:powerQualGlobals</name>
         <uninitialized>true</uninitialized>
         <run_address>0x20000298</run_address>
         <size>0x8</size>
      </object_component>
      <object_component id="oc-11f">
         <name>.data:bleDifferentialOverrides</name>
         <load_address>0x200001e0</load_address>
         <run_address>0x200001e0</run_address>
         <size>0x30</size>
         <input_file_ref idref="fl-5"/>
      </object_component>
      <object_component id="oc-8b">
         <name>.data</name>
         <load_address>0x20000000</load_address>
         <run_address>0x20000000</run_address>
         <size>0xb0</size>
         <input_file_ref idref="fl-5"/>
      </object_component>
      <object_component id="oc-1ab">
         <name>.data</name>
         <load_address>0x20000228</load_address>
         <run_address>0x20000228</run_address>
         <size>0x4</size>
         <input_file_ref idref="fl-8"/>
      </object_component>
      <object_component id="oc-1a3">
         <name>.data</name>
         <load_address>0x2000022c</load_address>
         <run_address>0x2000022c</run_address>
         <size>0x4</size>
         <input_file_ref idref="fl-c"/>
      </object_component>
      <object_component id="oc-1b1">
         <name>.data</name>
         <load_address>0x20000238</load_address>
         <run_address>0x20000238</run_address>
         <size>0x2</size>
         <input_file_ref idref="fl-f"/>
      </object_component>
      <object_component id="oc-15a">
         <name>.data</name>
         <load_address>0x20000218</load_address>
         <run_address>0x20000218</run_address>
         <size>0x8</size>
         <input_file_ref idref="fl-165"/>
      </object_component>
      <object_component id="oc-d3">
         <name>.data</name>
         <load_address>0x20000234</load_address>
         <run_address>0x20000234</run_address>
         <size>0x4</size>
         <input_file_ref idref="fl-172"/>
      </object_component>
      <object_component id="oc-25e">
         <name>.data</name>
         <load_address>0x20000160</load_address>
         <run_address>0x20000160</run_address>
         <size>0x80</size>
         <input_file_ref idref="fl-176"/>
      </object_component>
      <object_component id="oc-157">
         <name>.data</name>
         <load_address>0x20000210</load_address>
         <run_address>0x20000210</run_address>
         <size>0x8</size>
         <input_file_ref idref="fl-177"/>
      </object_component>
      <object_component id="oc-26d">
         <name>.data</name>
         <load_address>0x20000230</load_address>
         <run_address>0x20000230</run_address>
         <size>0x4</size>
         <input_file_ref idref="fl-17b"/>
      </object_component>
      <object_component id="oc-299">
         <name>.data</name>
         <load_address>0x20000220</load_address>
         <run_address>0x20000220</run_address>
         <size>0x8</size>
         <input_file_ref idref="fl-17e"/>
      </object_component>
      <object_component id="oc-2b6">
         <name>.data:sigtable</name>
         <load_address>0x200000b0</load_address>
         <run_address>0x200000b0</run_address>
         <size>0xb0</size>
         <input_file_ref idref="fl-180"/>
      </object_component>
      <object_component id="oc-84">
         <name>.debug_info</name>
         <load_address>0x0</load_address>
         <run_address>0x0</run_address>
         <size>0xf8</size>
         <input_file_ref idref="fl-2"/>
      </object_component>
      <object_component id="oc-34">
         <name>.debug_info</name>
         <load_address>0xf8</load_address>
         <run_address>0xf8</run_address>
         <size>0xf3</size>
         <input_file_ref idref="fl-2"/>
      </object_component>
      <object_component id="oc-111">
         <name>.debug_info</name>
         <load_address>0x1eb</load_address>
         <run_address>0x1eb</run_address>
         <size>0x1ee</size>
         <input_file_ref idref="fl-2"/>
      </object_component>
      <object_component id="oc-9d">
         <name>.debug_info</name>
         <load_address>0x3d9</load_address>
         <run_address>0x3d9</run_address>
         <size>0x84</size>
         <input_file_ref idref="fl-2"/>
      </object_component>
      <object_component id="oc-58">
         <name>.debug_info</name>
         <load_address>0x45d</load_address>
         <run_address>0x45d</run_address>
         <size>0x18b</size>
         <input_file_ref idref="fl-2"/>
      </object_component>
      <object_component id="oc-1fc">
         <name>.debug_info</name>
         <load_address>0x5e8</load_address>
         <run_address>0x5e8</run_address>
         <size>0x2fe</size>
         <input_file_ref idref="fl-3"/>
      </object_component>
      <object_component id="oc-136">
         <name>.debug_info</name>
         <load_address>0x8e6</load_address>
         <run_address>0x8e6</run_address>
         <size>0x125</size>
         <input_file_ref idref="fl-3"/>
      </object_component>
      <object_component id="oc-189">
         <name>.debug_info</name>
         <load_address>0xa0b</load_address>
         <run_address>0xa0b</run_address>
         <size>0x110</size>
         <input_file_ref idref="fl-3"/>
      </object_component>
      <object_component id="oc-8f">
         <name>.debug_info</name>
         <load_address>0xb1b</load_address>
         <run_address>0xb1b</run_address>
         <size>0x8b</size>
         <input_file_ref idref="fl-3"/>
      </object_component>
      <object_component id="oc-1d7">
         <name>.debug_info</name>
         <load_address>0xba6</load_address>
         <run_address>0xba6</run_address>
         <size>0x946</size>
         <input_file_ref idref="fl-4"/>
      </object_component>
      <object_component id="oc-150">
         <name>.debug_info</name>
         <load_address>0x14ec</load_address>
         <run_address>0x14ec</run_address>
         <size>0xca0</size>
         <input_file_ref idref="fl-4"/>
      </object_component>
      <object_component id="oc-89">
         <name>.debug_info</name>
         <load_address>0x218c</load_address>
         <run_address>0x218c</run_address>
         <size>0x2d4</size>
         <input_file_ref idref="fl-5"/>
      </object_component>
      <object_component id="oc-86">
         <name>.debug_info</name>
         <load_address>0x2460</load_address>
         <run_address>0x2460</run_address>
         <size>0xfa</size>
         <input_file_ref idref="fl-5"/>
      </object_component>
      <object_component id="oc-120">
         <name>.debug_info</name>
         <load_address>0x255a</load_address>
         <run_address>0x255a</run_address>
         <size>0x117</size>
         <input_file_ref idref="fl-5"/>
      </object_component>
      <object_component id="oc-8c">
         <name>.debug_info</name>
         <load_address>0x2671</load_address>
         <run_address>0x2671</run_address>
         <size>0x25b</size>
         <input_file_ref idref="fl-5"/>
      </object_component>
      <object_component id="oc-38">
         <name>.debug_info</name>
         <load_address>0x28cc</load_address>
         <run_address>0x28cc</run_address>
         <size>0xb8f</size>
         <input_file_ref idref="fl-5"/>
      </object_component>
      <object_component id="oc-11a">
         <name>.debug_info</name>
         <load_address>0x345b</load_address>
         <run_address>0x345b</run_address>
         <size>0x6b</size>
         <input_file_ref idref="fl-5"/>
      </object_component>
      <object_component id="oc-124">
         <name>.debug_info</name>
         <load_address>0x34c6</load_address>
         <run_address>0x34c6</run_address>
         <size>0x2f7c</size>
         <input_file_ref idref="fl-5"/>
      </object_component>
      <object_component id="oc-129">
         <name>.debug_info</name>
         <load_address>0x6442</load_address>
         <run_address>0x6442</run_address>
         <size>0x3ce0</size>
         <input_file_ref idref="fl-5"/>
      </object_component>
      <object_component id="oc-107">
         <name>.debug_info</name>
         <load_address>0xa122</load_address>
         <run_address>0xa122</run_address>
         <size>0x2c</size>
         <input_file_ref idref="fl-5"/>
      </object_component>
      <object_component id="oc-3e">
         <name>.debug_info</name>
         <load_address>0xa14e</load_address>
         <run_address>0xa14e</run_address>
         <size>0x9f3</size>
         <input_file_ref idref="fl-6"/>
      </object_component>
      <object_component id="oc-52">
         <name>.debug_info</name>
         <load_address>0xab41</load_address>
         <run_address>0xab41</run_address>
         <size>0xd76</size>
         <input_file_ref idref="fl-7"/>
      </object_component>
      <object_component id="oc-1a9">
         <name>.debug_info</name>
         <load_address>0xb8b7</load_address>
         <run_address>0xb8b7</run_address>
         <size>0x3a6</size>
         <input_file_ref idref="fl-8"/>
      </object_component>
      <object_component id="oc-1ac">
         <name>.debug_info</name>
         <load_address>0xbc5d</load_address>
         <run_address>0xbc5d</run_address>
         <size>0x105</size>
         <input_file_ref idref="fl-8"/>
      </object_component>
      <object_component id="oc-ea">
         <name>.debug_info</name>
         <load_address>0xbd62</load_address>
         <run_address>0xbd62</run_address>
         <size>0x79c</size>
         <input_file_ref idref="fl-8"/>
      </object_component>
      <object_component id="oc-213">
         <name>.debug_info</name>
         <load_address>0xc4fe</load_address>
         <run_address>0xc4fe</run_address>
         <size>0x14c</size>
         <input_file_ref idref="fl-8"/>
      </object_component>
      <object_component id="oc-188">
         <name>.debug_info</name>
         <load_address>0xc64a</load_address>
         <run_address>0xc64a</run_address>
         <size>0x316</size>
         <input_file_ref idref="fl-a"/>
      </object_component>
      <object_component id="oc-185">
         <name>.debug_info</name>
         <load_address>0xc960</load_address>
         <run_address>0xc960</run_address>
         <size>0x13c</size>
         <input_file_ref idref="fl-a"/>
      </object_component>
      <object_component id="oc-de">
         <name>.debug_info</name>
         <load_address>0xca9c</load_address>
         <run_address>0xca9c</run_address>
         <size>0xeb4</size>
         <input_file_ref idref="fl-a"/>
      </object_component>
      <object_component id="oc-1a7">
         <name>.debug_info</name>
         <load_address>0xd950</load_address>
         <run_address>0xd950</run_address>
         <size>0x328</size>
         <input_file_ref idref="fl-c"/>
      </object_component>
      <object_component id="oc-1a4">
         <name>.debug_info</name>
         <load_address>0xdc78</load_address>
         <run_address>0xdc78</run_address>
         <size>0x102</size>
         <input_file_ref idref="fl-c"/>
      </object_component>
      <object_component id="oc-e4">
         <name>.debug_info</name>
         <load_address>0xdd7a</load_address>
         <run_address>0xdd7a</run_address>
         <size>0x6f7</size>
         <input_file_ref idref="fl-c"/>
      </object_component>
      <object_component id="oc-1ee">
         <name>.debug_info</name>
         <load_address>0xe471</load_address>
         <run_address>0xe471</run_address>
         <size>0x1a8</size>
         <input_file_ref idref="fl-d"/>
      </object_component>
      <object_component id="oc-163">
         <name>.debug_info</name>
         <load_address>0xe619</load_address>
         <run_address>0xe619</run_address>
         <size>0x3d0</size>
         <input_file_ref idref="fl-d"/>
      </object_component>
      <object_component id="oc-178">
         <name>.debug_info</name>
         <load_address>0xe9e9</load_address>
         <run_address>0xe9e9</run_address>
         <size>0x3ad</size>
         <input_file_ref idref="fl-e"/>
      </object_component>
      <object_component id="oc-d8">
         <name>.debug_info</name>
         <load_address>0xed96</load_address>
         <run_address>0xed96</run_address>
         <size>0x786</size>
         <input_file_ref idref="fl-e"/>
      </object_component>
      <object_component id="oc-1b5">
         <name>.debug_info</name>
         <load_address>0xf51c</load_address>
         <run_address>0xf51c</run_address>
         <size>0x1db</size>
         <input_file_ref idref="fl-f"/>
      </object_component>
      <object_component id="oc-1b2">
         <name>.debug_info</name>
         <load_address>0xf6f7</load_address>
         <run_address>0xf6f7</run_address>
         <size>0x12b</size>
         <input_file_ref idref="fl-f"/>
      </object_component>
      <object_component id="oc-f0">
         <name>.debug_info</name>
         <load_address>0xf822</load_address>
         <run_address>0xf822</run_address>
         <size>0x1d67</size>
         <input_file_ref idref="fl-f"/>
      </object_component>
      <object_component id="oc-1f7">
         <name>.debug_info</name>
         <load_address>0x11589</load_address>
         <run_address>0x11589</run_address>
         <size>0x1dd</size>
         <input_file_ref idref="fl-10"/>
      </object_component>
      <object_component id="oc-17f">
         <name>.debug_info</name>
         <load_address>0x11766</load_address>
         <run_address>0x11766</run_address>
         <size>0xf2d</size>
         <input_file_ref idref="fl-10"/>
      </object_component>
      <object_component id="oc-45">
         <name>.debug_info</name>
         <load_address>0x12693</load_address>
         <run_address>0x12693</run_address>
         <size>0x32b</size>
         <input_file_ref idref="fl-11"/>
      </object_component>
      <object_component id="oc-19">
         <name>.debug_info</name>
         <load_address>0x129be</load_address>
         <run_address>0x129be</run_address>
         <size>0x12c</size>
         <input_file_ref idref="fl-11"/>
      </object_component>
      <object_component id="oc-1c">
         <name>.debug_info</name>
         <load_address>0x12aea</load_address>
         <run_address>0x12aea</run_address>
         <size>0x1c4b</size>
         <input_file_ref idref="fl-11"/>
      </object_component>
      <object_component id="oc-13d">
         <name>.debug_info</name>
         <load_address>0x14735</load_address>
         <run_address>0x14735</run_address>
         <size>0x22b</size>
         <input_file_ref idref="fl-13"/>
      </object_component>
      <object_component id="oc-1b9">
         <name>.debug_info</name>
         <load_address>0x14960</load_address>
         <run_address>0x14960</run_address>
         <size>0x1d0</size>
         <input_file_ref idref="fl-16"/>
      </object_component>
      <object_component id="oc-95">
         <name>.debug_info</name>
         <load_address>0x14b30</load_address>
         <run_address>0x14b30</run_address>
         <size>0x355</size>
         <input_file_ref idref="fl-16"/>
      </object_component>
      <object_component id="oc-12f">
         <name>.debug_info</name>
         <load_address>0x14e85</load_address>
         <run_address>0x14e85</run_address>
         <size>0x5e</size>
         <input_file_ref idref="fl-16"/>
      </object_component>
      <object_component id="oc-a9">
         <name>.debug_info</name>
         <load_address>0x14ee3</load_address>
         <run_address>0x14ee3</run_address>
         <size>0xbf8</size>
         <input_file_ref idref="fl-1e"/>
      </object_component>
      <object_component id="oc-a3">
         <name>.debug_info</name>
         <load_address>0x15adb</load_address>
         <run_address>0x15adb</run_address>
         <size>0x36d</size>
         <input_file_ref idref="fl-1f"/>
      </object_component>
      <object_component id="oc-af">
         <name>.debug_info</name>
         <load_address>0x15e48</load_address>
         <run_address>0x15e48</run_address>
         <size>0xbe7</size>
         <input_file_ref idref="fl-21"/>
      </object_component>
      <object_component id="oc-143">
         <name>.debug_info</name>
         <load_address>0x16a2f</load_address>
         <run_address>0x16a2f</run_address>
         <size>0x324</size>
         <input_file_ref idref="fl-2c"/>
      </object_component>
      <object_component id="oc-b5">
         <name>.debug_info</name>
         <load_address>0x16d53</load_address>
         <run_address>0x16d53</run_address>
         <size>0xfca</size>
         <input_file_ref idref="fl-2c"/>
      </object_component>
      <object_component id="oc-1bd">
         <name>.debug_info</name>
         <load_address>0x17d1d</load_address>
         <run_address>0x17d1d</run_address>
         <size>0xa8</size>
         <input_file_ref idref="fl-2c"/>
      </object_component>
      <object_component id="oc-228">
         <name>.debug_info</name>
         <load_address>0x17dc5</load_address>
         <run_address>0x17dc5</run_address>
         <size>0x18ba</size>
         <input_file_ref idref="fl-2e"/>
      </object_component>
      <object_component id="oc-47">
         <name>.debug_info</name>
         <load_address>0x1967f</load_address>
         <run_address>0x1967f</run_address>
         <size>0x24db</size>
         <input_file_ref idref="fl-31"/>
      </object_component>
      <object_component id="oc-231">
         <name>.debug_info</name>
         <load_address>0x1bb5a</load_address>
         <run_address>0x1bb5a</run_address>
         <size>0x395</size>
         <input_file_ref idref="fl-34"/>
      </object_component>
      <object_component id="oc-22e">
         <name>.debug_info</name>
         <load_address>0x1beef</load_address>
         <run_address>0x1beef</run_address>
         <size>0x12a</size>
         <input_file_ref idref="fl-34"/>
      </object_component>
      <object_component id="oc-1d1">
         <name>.debug_info</name>
         <load_address>0x1c019</load_address>
         <run_address>0x1c019</run_address>
         <size>0x1879</size>
         <input_file_ref idref="fl-34"/>
      </object_component>
      <object_component id="oc-276">
         <name>.debug_info</name>
         <load_address>0x1d892</load_address>
         <run_address>0x1d892</run_address>
         <size>0x94</size>
         <input_file_ref idref="fl-34"/>
      </object_component>
      <object_component id="oc-f6">
         <name>.debug_info</name>
         <load_address>0x1d926</load_address>
         <run_address>0x1d926</run_address>
         <size>0x613</size>
         <input_file_ref idref="fl-3a"/>
      </object_component>
      <object_component id="oc-4f">
         <name>.debug_info</name>
         <load_address>0x1df39</load_address>
         <run_address>0x1df39</run_address>
         <size>0x169</size>
         <input_file_ref idref="fl-161"/>
      </object_component>
      <object_component id="oc-68">
         <name>.debug_info</name>
         <load_address>0x1e0a2</load_address>
         <run_address>0x1e0a2</run_address>
         <size>0x156</size>
         <input_file_ref idref="fl-162"/>
      </object_component>
      <object_component id="oc-25">
         <name>.debug_info</name>
         <load_address>0x1e1f8</load_address>
         <run_address>0x1e1f8</run_address>
         <size>0x1f5</size>
         <input_file_ref idref="fl-162"/>
      </object_component>
      <object_component id="oc-63">
         <name>.debug_info</name>
         <load_address>0x1e3ed</load_address>
         <run_address>0x1e3ed</run_address>
         <size>0x46</size>
         <input_file_ref idref="fl-162"/>
      </object_component>
      <object_component id="oc-fd">
         <name>.debug_info</name>
         <load_address>0x1e433</load_address>
         <run_address>0x1e433</run_address>
         <size>0x2c</size>
         <input_file_ref idref="fl-162"/>
      </object_component>
      <object_component id="oc-70">
         <name>.debug_info</name>
         <load_address>0x1e45f</load_address>
         <run_address>0x1e45f</run_address>
         <size>0x14a</size>
         <input_file_ref idref="fl-163"/>
      </object_component>
      <object_component id="oc-6a">
         <name>.debug_info</name>
         <load_address>0x1e5a9</load_address>
         <run_address>0x1e5a9</run_address>
         <size>0x25d</size>
         <input_file_ref idref="fl-163"/>
      </object_component>
      <object_component id="oc-28">
         <name>.debug_info</name>
         <load_address>0x1e806</load_address>
         <run_address>0x1e806</run_address>
         <size>0x1c7</size>
         <input_file_ref idref="fl-163"/>
      </object_component>
      <object_component id="oc-71">
         <name>.debug_info</name>
         <load_address>0x1e9cd</load_address>
         <run_address>0x1e9cd</run_address>
         <size>0x39</size>
         <input_file_ref idref="fl-163"/>
      </object_component>
      <object_component id="oc-81">
         <name>.debug_info</name>
         <load_address>0x1ea06</load_address>
         <run_address>0x1ea06</run_address>
         <size>0x145</size>
         <input_file_ref idref="fl-164"/>
      </object_component>
      <object_component id="oc-2e">
         <name>.debug_info</name>
         <load_address>0x1eb4b</load_address>
         <run_address>0x1eb4b</run_address>
         <size>0x1c0</size>
         <input_file_ref idref="fl-164"/>
      </object_component>
      <object_component id="oc-7c">
         <name>.debug_info</name>
         <load_address>0x1ed0b</load_address>
         <run_address>0x1ed0b</run_address>
         <size>0x46</size>
         <input_file_ref idref="fl-164"/>
      </object_component>
      <object_component id="oc-15e">
         <name>.debug_info</name>
         <load_address>0x1ed51</load_address>
         <run_address>0x1ed51</run_address>
         <size>0x1a7</size>
         <input_file_ref idref="fl-165"/>
      </object_component>
      <object_component id="oc-15b">
         <name>.debug_info</name>
         <load_address>0x1eef8</load_address>
         <run_address>0x1eef8</run_address>
         <size>0x14c</size>
         <input_file_ref idref="fl-165"/>
      </object_component>
      <object_component id="oc-d0">
         <name>.debug_info</name>
         <load_address>0x1f044</load_address>
         <run_address>0x1f044</run_address>
         <size>0x223</size>
         <input_file_ref idref="fl-165"/>
      </object_component>
      <object_component id="oc-194">
         <name>.debug_info</name>
         <load_address>0x1f267</load_address>
         <run_address>0x1f267</run_address>
         <size>0x182</size>
         <input_file_ref idref="fl-166"/>
      </object_component>
      <object_component id="oc-246">
         <name>.debug_info</name>
         <load_address>0x1f3e9</load_address>
         <run_address>0x1f3e9</run_address>
         <size>0x15e</size>
         <input_file_ref idref="fl-167"/>
      </object_component>
      <object_component id="oc-254">
         <name>.debug_info</name>
         <load_address>0x1f547</load_address>
         <run_address>0x1f547</run_address>
         <size>0x14c</size>
         <input_file_ref idref="fl-168"/>
      </object_component>
      <object_component id="oc-19a">
         <name>.debug_info</name>
         <load_address>0x1f693</load_address>
         <run_address>0x1f693</run_address>
         <size>0x14c</size>
         <input_file_ref idref="fl-169"/>
      </object_component>
      <object_component id="oc-19f">
         <name>.debug_info</name>
         <load_address>0x1f7df</load_address>
         <run_address>0x1f7df</run_address>
         <size>0x150</size>
         <input_file_ref idref="fl-16a"/>
      </object_component>
      <object_component id="oc-16e">
         <name>.debug_info</name>
         <load_address>0x1f92f</load_address>
         <run_address>0x1f92f</run_address>
         <size>0x14c</size>
         <input_file_ref idref="fl-16b"/>
      </object_component>
      <object_component id="oc-173">
         <name>.debug_info</name>
         <load_address>0x1fa7b</load_address>
         <run_address>0x1fa7b</run_address>
         <size>0x140</size>
         <input_file_ref idref="fl-16c"/>
      </object_component>
      <object_component id="oc-24f">
         <name>.debug_info</name>
         <load_address>0x1fbbb</load_address>
         <run_address>0x1fbbb</run_address>
         <size>0x13e</size>
         <input_file_ref idref="fl-16d"/>
      </object_component>
      <object_component id="oc-16b">
         <name>.debug_info</name>
         <load_address>0x1fcf9</load_address>
         <run_address>0x1fcf9</run_address>
         <size>0x13b</size>
         <input_file_ref idref="fl-16e"/>
      </object_component>
      <object_component id="oc-60">
         <name>.debug_info</name>
         <load_address>0x1fe34</load_address>
         <run_address>0x1fe34</run_address>
         <size>0x12b</size>
         <input_file_ref idref="fl-16f"/>
      </object_component>
      <object_component id="oc-79">
         <name>.debug_info</name>
         <load_address>0x1ff5f</load_address>
         <run_address>0x1ff5f</run_address>
         <size>0x159</size>
         <input_file_ref idref="fl-170"/>
      </object_component>
      <object_component id="oc-bc">
         <name>.debug_info</name>
         <load_address>0x200b8</load_address>
         <run_address>0x200b8</run_address>
         <size>0x15e</size>
         <input_file_ref idref="fl-171"/>
      </object_component>
      <object_component id="oc-d4">
         <name>.debug_info</name>
         <load_address>0x20216</load_address>
         <run_address>0x20216</run_address>
         <size>0x11f</size>
         <input_file_ref idref="fl-172"/>
      </object_component>
      <object_component id="oc-18f">
         <name>.debug_info</name>
         <load_address>0x20335</load_address>
         <run_address>0x20335</run_address>
         <size>0x140</size>
         <input_file_ref idref="fl-173"/>
      </object_component>
      <object_component id="oc-265">
         <name>.debug_info</name>
         <load_address>0x20475</load_address>
         <run_address>0x20475</run_address>
         <size>0x1a8</size>
         <input_file_ref idref="fl-174"/>
      </object_component>
      <object_component id="oc-262">
         <name>.debug_info</name>
         <load_address>0x2061d</load_address>
         <run_address>0x2061d</run_address>
         <size>0x172</size>
         <input_file_ref idref="fl-174"/>
      </object_component>
      <object_component id="oc-202">
         <name>.debug_info</name>
         <load_address>0x2078f</load_address>
         <run_address>0x2078f</run_address>
         <size>0x3fb</size>
         <input_file_ref idref="fl-174"/>
      </object_component>
      <object_component id="oc-28a">
         <name>.debug_info</name>
         <load_address>0x20b8a</load_address>
         <run_address>0x20b8a</run_address>
         <size>0x86</size>
         <input_file_ref idref="fl-174"/>
      </object_component>
      <object_component id="oc-208">
         <name>.debug_info</name>
         <load_address>0x20c10</load_address>
         <run_address>0x20c10</run_address>
         <size>0x188</size>
         <input_file_ref idref="fl-175"/>
      </object_component>
      <object_component id="oc-25f">
         <name>.debug_info</name>
         <load_address>0x20d98</load_address>
         <run_address>0x20d98</run_address>
         <size>0x1ea</size>
         <input_file_ref idref="fl-176"/>
      </object_component>
      <object_component id="oc-1e7">
         <name>.debug_info</name>
         <load_address>0x20f82</load_address>
         <run_address>0x20f82</run_address>
         <size>0x13a</size>
         <input_file_ref idref="fl-177"/>
      </object_component>
      <object_component id="oc-158">
         <name>.debug_info</name>
         <load_address>0x210bc</load_address>
         <run_address>0x210bc</run_address>
         <size>0x129</size>
         <input_file_ref idref="fl-177"/>
      </object_component>
      <object_component id="oc-1e2">
         <name>.debug_info</name>
         <load_address>0x211e5</load_address>
         <run_address>0x211e5</run_address>
         <size>0x235</size>
         <input_file_ref idref="fl-177"/>
      </object_component>
      <object_component id="oc-156">
         <name>.debug_info</name>
         <load_address>0x2141a</load_address>
         <run_address>0x2141a</run_address>
         <size>0x17c</size>
         <input_file_ref idref="fl-178"/>
      </object_component>
      <object_component id="oc-cb">
         <name>.debug_info</name>
         <load_address>0x21596</load_address>
         <run_address>0x21596</run_address>
         <size>0x17d</size>
         <input_file_ref idref="fl-178"/>
      </object_component>
      <object_component id="oc-1da">
         <name>.debug_info</name>
         <load_address>0x21713</load_address>
         <run_address>0x21713</run_address>
         <size>0x5e</size>
         <input_file_ref idref="fl-178"/>
      </object_component>
      <object_component id="oc-14e">
         <name>.debug_info</name>
         <load_address>0x21771</load_address>
         <run_address>0x21771</run_address>
         <size>0x2d3</size>
         <input_file_ref idref="fl-179"/>
      </object_component>
      <object_component id="oc-c4">
         <name>.debug_info</name>
         <load_address>0x21a44</load_address>
         <run_address>0x21a44</run_address>
         <size>0x1c7</size>
         <input_file_ref idref="fl-179"/>
      </object_component>
      <object_component id="oc-1c6">
         <name>.debug_info</name>
         <load_address>0x21c0b</load_address>
         <run_address>0x21c0b</run_address>
         <size>0x39</size>
         <input_file_ref idref="fl-179"/>
      </object_component>
      <object_component id="oc-1cb">
         <name>.debug_info</name>
         <load_address>0x21c44</load_address>
         <run_address>0x21c44</run_address>
         <size>0xcd</size>
         <input_file_ref idref="fl-179"/>
      </object_component>
      <object_component id="oc-1c3">
         <name>.debug_info</name>
         <load_address>0x21d11</load_address>
         <run_address>0x21d11</run_address>
         <size>0x1f6</size>
         <input_file_ref idref="fl-17a"/>
      </object_component>
      <object_component id="oc-14b">
         <name>.debug_info</name>
         <load_address>0x21f07</load_address>
         <run_address>0x21f07</run_address>
         <size>0x199</size>
         <input_file_ref idref="fl-17a"/>
      </object_component>
      <object_component id="oc-222">
         <name>.debug_info</name>
         <load_address>0x220a0</load_address>
         <run_address>0x220a0</run_address>
         <size>0x2c</size>
         <input_file_ref idref="fl-17a"/>
      </object_component>
      <object_component id="oc-26e">
         <name>.debug_info</name>
         <load_address>0x220cc</load_address>
         <run_address>0x220cc</run_address>
         <size>0x10b</size>
         <input_file_ref idref="fl-17b"/>
      </object_component>
      <object_component id="oc-240">
         <name>.debug_info</name>
         <load_address>0x221d7</load_address>
         <run_address>0x221d7</run_address>
         <size>0x13a</size>
         <input_file_ref idref="fl-17c"/>
      </object_component>
      <object_component id="oc-24b">
         <name>.debug_info</name>
         <load_address>0x22311</load_address>
         <run_address>0x22311</run_address>
         <size>0x140</size>
         <input_file_ref idref="fl-17d"/>
      </object_component>
      <object_component id="oc-2b2">
         <name>.debug_info</name>
         <load_address>0x22451</load_address>
         <run_address>0x22451</run_address>
         <size>0x173</size>
         <input_file_ref idref="fl-17e"/>
      </object_component>
      <object_component id="oc-29a">
         <name>.debug_info</name>
         <load_address>0x225c4</load_address>
         <run_address>0x225c4</run_address>
         <size>0x143</size>
         <input_file_ref idref="fl-17e"/>
      </object_component>
      <object_component id="oc-26b">
         <name>.debug_info</name>
         <load_address>0x22707</load_address>
         <run_address>0x22707</run_address>
         <size>0x1a4</size>
         <input_file_ref idref="fl-17e"/>
      </object_component>
      <object_component id="oc-2ad">
         <name>.debug_info</name>
         <load_address>0x228ab</load_address>
         <run_address>0x228ab</run_address>
         <size>0x6f</size>
         <input_file_ref idref="fl-17e"/>
      </object_component>
      <object_component id="oc-2aa">
         <name>.debug_info</name>
         <load_address>0x2291a</load_address>
         <run_address>0x2291a</run_address>
         <size>0x132</size>
         <input_file_ref idref="fl-17f"/>
      </object_component>
      <object_component id="oc-297">
         <name>.debug_info</name>
         <load_address>0x22a4c</load_address>
         <run_address>0x22a4c</run_address>
         <size>0x189</size>
         <input_file_ref idref="fl-17f"/>
      </object_component>
      <object_component id="oc-2bd">
         <name>.debug_info</name>
         <load_address>0x22bd5</load_address>
         <run_address>0x22bd5</run_address>
         <size>0x2c</size>
         <input_file_ref idref="fl-17f"/>
      </object_component>
      <object_component id="oc-2ba">
         <name>.debug_info</name>
         <load_address>0x22c01</load_address>
         <run_address>0x22c01</run_address>
         <size>0x152</size>
         <input_file_ref idref="fl-180"/>
      </object_component>
      <object_component id="oc-2b7">
         <name>.debug_info</name>
         <load_address>0x22d53</load_address>
         <run_address>0x22d53</run_address>
         <size>0x110</size>
         <input_file_ref idref="fl-180"/>
      </object_component>
      <object_component id="oc-2a7">
         <name>.debug_info</name>
         <load_address>0x22e63</load_address>
         <run_address>0x22e63</run_address>
         <size>0x19f</size>
         <input_file_ref idref="fl-180"/>
      </object_component>
      <object_component id="oc-287">
         <name>.debug_info</name>
         <load_address>0x23002</load_address>
         <run_address>0x23002</run_address>
         <size>0x146</size>
         <input_file_ref idref="fl-181"/>
      </object_component>
      <object_component id="oc-25c">
         <name>.debug_info</name>
         <load_address>0x23148</load_address>
         <run_address>0x23148</run_address>
         <size>0x1c7</size>
         <input_file_ref idref="fl-181"/>
      </object_component>
      <object_component id="oc-2a0">
         <name>.debug_info</name>
         <load_address>0x2330f</load_address>
         <run_address>0x2330f</run_address>
         <size>0xfb</size>
         <input_file_ref idref="fl-182"/>
      </object_component>
      <object_component id="oc-282">
         <name>.debug_info</name>
         <load_address>0x2340a</load_address>
         <run_address>0x2340a</run_address>
         <size>0x182</size>
         <input_file_ref idref="fl-182"/>
      </object_component>
      <object_component id="oc-2f9">
         <name>.debug_info</name>
         <load_address>0x2358c</load_address>
         <run_address>0x2358c</run_address>
         <size>0xcc</size>
      </object_component>
      <object_component id="oc-110">
         <name>.debug_line</name>
         <load_address>0x0</load_address>
         <run_address>0x0</run_address>
         <size>0x20</size>
         <input_file_ref idref="fl-2"/>
      </object_component>
      <object_component id="oc-83">
         <name>.debug_line</name>
         <load_address>0x20</load_address>
         <run_address>0x20</run_address>
         <size>0x2d</size>
         <input_file_ref idref="fl-2"/>
      </object_component>
      <object_component id="oc-114">
         <name>.debug_line</name>
         <load_address>0x4d</load_address>
         <run_address>0x4d</run_address>
         <size>0x5b</size>
         <input_file_ref idref="fl-2"/>
      </object_component>
      <object_component id="oc-a0">
         <name>.debug_line</name>
         <load_address>0xa8</load_address>
         <run_address>0xa8</run_address>
         <size>0x20</size>
         <input_file_ref idref="fl-2"/>
      </object_component>
      <object_component id="oc-5b">
         <name>.debug_line</name>
         <load_address>0xc8</load_address>
         <run_address>0xc8</run_address>
         <size>0x60</size>
         <input_file_ref idref="fl-2"/>
      </object_component>
      <object_component id="oc-23e">
         <name>.debug_line</name>
         <load_address>0x128</load_address>
         <run_address>0x128</run_address>
         <size>0xa2</size>
         <input_file_ref idref="fl-3"/>
      </object_component>
      <object_component id="oc-139">
         <name>.debug_line</name>
         <load_address>0x1ca</load_address>
         <run_address>0x1ca</run_address>
         <size>0xb5</size>
         <input_file_ref idref="fl-3"/>
      </object_component>
      <object_component id="oc-18c">
         <name>.debug_line</name>
         <load_address>0x27f</load_address>
         <run_address>0x27f</run_address>
         <size>0x60</size>
         <input_file_ref idref="fl-3"/>
      </object_component>
      <object_component id="oc-92">
         <name>.debug_line</name>
         <load_address>0x2df</load_address>
         <run_address>0x2df</run_address>
         <size>0x20</size>
         <input_file_ref idref="fl-3"/>
      </object_component>
      <object_component id="oc-235">
         <name>.debug_line</name>
         <load_address>0x2ff</load_address>
         <run_address>0x2ff</run_address>
         <size>0xad</size>
         <input_file_ref idref="fl-4"/>
      </object_component>
      <object_component id="oc-153">
         <name>.debug_line</name>
         <load_address>0x3ac</load_address>
         <run_address>0x3ac</run_address>
         <size>0x2ac</size>
         <input_file_ref idref="fl-4"/>
      </object_component>
      <object_component id="oc-119">
         <name>.debug_line</name>
         <load_address>0x658</load_address>
         <run_address>0x658</run_address>
         <size>0x7d</size>
         <input_file_ref idref="fl-5"/>
      </object_component>
      <object_component id="oc-117">
         <name>.debug_line</name>
         <load_address>0x6d5</load_address>
         <run_address>0x6d5</run_address>
         <size>0x4c</size>
         <input_file_ref idref="fl-5"/>
      </object_component>
      <object_component id="oc-1b8">
         <name>.debug_line</name>
         <load_address>0x721</load_address>
         <run_address>0x721</run_address>
         <size>0x4c</size>
         <input_file_ref idref="fl-5"/>
      </object_component>
      <object_component id="oc-123">
         <name>.debug_line</name>
         <load_address>0x76d</load_address>
         <run_address>0x76d</run_address>
         <size>0x2e</size>
         <input_file_ref idref="fl-5"/>
      </object_component>
      <object_component id="oc-3b">
         <name>.debug_line</name>
         <load_address>0x79b</load_address>
         <run_address>0x79b</run_address>
         <size>0x331</size>
         <input_file_ref idref="fl-5"/>
      </object_component>
      <object_component id="oc-11d">
         <name>.debug_line</name>
         <load_address>0xacc</load_address>
         <run_address>0xacc</run_address>
         <size>0x44</size>
         <input_file_ref idref="fl-5"/>
      </object_component>
      <object_component id="oc-127">
         <name>.debug_line</name>
         <load_address>0xb10</load_address>
         <run_address>0xb10</run_address>
         <size>0x44</size>
         <input_file_ref idref="fl-5"/>
      </object_component>
      <object_component id="oc-12c">
         <name>.debug_line</name>
         <load_address>0xb54</load_address>
         <run_address>0xb54</run_address>
         <size>0x47</size>
         <input_file_ref idref="fl-5"/>
      </object_component>
      <object_component id="oc-10a">
         <name>.debug_line</name>
         <load_address>0xb9b</load_address>
         <run_address>0xb9b</run_address>
         <size>0x60</size>
         <input_file_ref idref="fl-5"/>
      </object_component>
      <object_component id="oc-41">
         <name>.debug_line</name>
         <load_address>0xbfb</load_address>
         <run_address>0xbfb</run_address>
         <size>0x1ab</size>
         <input_file_ref idref="fl-6"/>
      </object_component>
      <object_component id="oc-55">
         <name>.debug_line</name>
         <load_address>0xda6</load_address>
         <run_address>0xda6</run_address>
         <size>0x3d7</size>
         <input_file_ref idref="fl-7"/>
      </object_component>
      <object_component id="oc-212">
         <name>.debug_line</name>
         <load_address>0x117d</load_address>
         <run_address>0x117d</run_address>
         <size>0x110</size>
         <input_file_ref idref="fl-8"/>
      </object_component>
      <object_component id="oc-219">
         <name>.debug_line</name>
         <load_address>0x128d</load_address>
         <run_address>0x128d</run_address>
         <size>0x3f</size>
[...]
      </symbol>
      <symbol id="sm-2d8">
         <name>enable_tmp_007</name>
         <value>0x2e19</value>
         <object_component_ref idref="oc-d7"/>
      </symbol>
      <symbol id="sm-2d9">
         <name>value_tmp_007</name>
         <value>0x2f61</value>
         <object_component_ref idref="oc-d7"/>
      </symbol>
      <symbol id="sm-2da">
         <name>configure_tmp_007</name>
         <value>0x2fef</value>
         <object_component_ref idref="oc-d7"/>
      </symbol>
      <symbol id="sm-2db">
         <name>read_data_tmp_007</name>
         <value>0x2e69</value>
         <object_component_ref idref="oc-d7"/>
      </symbol>
      <symbol id="sm-360">
         <name>board_i2c_shutdown</name>
         <value>0xb3b</value>
         <object_component_ref idref="oc-ef"/>
      </symbol>
      <symbol id="sm-361">
         <name>board_i2c_write_read</name>
         <value>0xde1</value>
         <object_component_ref idref="oc-ef"/>
      </symbol>
      <symbol id="sm-362">
         <name>board_i2c_write_single</name>
         <value>0xca3</value>
         <object_component_ref idref="oc-ef"/>
      </symbol>
      <symbol id="sm-363">
         <name>board_i2c_wakeup</name>
         <value>0xabd</value>
         <object_component_ref idref="oc-ef"/>
      </symbol>
      <symbol id="sm-364">
         <name>board_i2c_read</name>
         <value>0xd01</value>
         <object_component_ref idref="oc-ef"/>
      </symbol>
      <symbol id="sm-365">
         <name>board_i2c_select</name>
         <value>0xf3b</value>
         <object_component_ref idref="oc-ef"/>
      </symbol>
      <symbol id="sm-366">
         <name>board_i2c_write</name>
         <value>0xbdb</value>
         <object_component_ref idref="oc-ef"/>
      </symbol>
      <symbol id="sm-3a2">
         <name>board_spi_flush</name>
         <value>0x255d</value>
         <object_component_ref idref="oc-17e"/>
      </symbol>
      <symbol id="sm-3a3">
         <name>board_spi_close</name>
         <value>0x2629</value>
         <object_component_ref idref="oc-17e"/>
      </symbol>
      <symbol id="sm-3a4">
         <name>board_spi_open</name>
         <value>0x257b</value>
         <object_component_ref idref="oc-17e"/>
      </symbol>
      <symbol id="sm-3a5">
         <name>board_spi_write</name>
         <value>0x24b9</value>
         <object_component_ref idref="oc-17e"/>
      </symbol>
      <symbol id="sm-3a6">
         <name>board_spi_read</name>
         <value>0x2505</value>
         <object_component_ref idref="oc-17e"/>
      </symbol>
      <symbol id="sm-436">
         <name>ResetISR</name>
         <value>0x4085</value>
         <object_component_ref idref="oc-1b"/>
      </symbol>
      <symbol id="sm-437">
         <name>g_pfnVectors</name>
         <value>0x0</value>
         <object_component_ref idref="oc-18"/>
      </symbol>
      <symbol id="sm-446">
         <name>AONBatMonTemperatureGetDegC</name>
         <value>0x4631</value>
         <object_component_ref idref="oc-13c"/>
      </symbol>
      <symbol id="sm-460">
         <name>NOROM_AONRTCCurrentCompareValueGet</name>
         <value>0x4541</value>
         <object_component_ref idref="oc-94"/>
      </symbol>
      <symbol id="sm-461">
         <name>NOROM_AONRTCCurrent64BitValueGet</name>
         <value>0x456d</value>
         <object_component_ref idref="oc-94"/>
      </symbol>
      <symbol id="sm-49c">
         <name>ChipInfo_GetChipFamily</name>
         <value>0x36bd</value>
         <object_component_ref idref="oc-a8"/>
      </symbol>
      <symbol id="sm-49d">
         <name>ChipInfo_GetHwRevision</name>
         <value>0x3713</value>
         <object_component_ref idref="oc-a8"/>
      </symbol>
      <symbol id="sm-49e">
         <name>ChipInfo_GetPackageType</name>
         <value>0x368b</value>
         <object_component_ref idref="oc-a8"/>
      </symbol>
      <symbol id="sm-49f">
         <name>ThisCodeIsBuiltForCC26xxHwRev22AndLater_HaltIfViolated</name>
         <value>0x37a7</value>
         <object_component_ref idref="oc-a8"/>
      </symbol>
      <symbol id="sm-4a0">
         <name>ChipInfo_GetSupportedProtocol_BV</name>
         <value>0x3681</value>
         <object_component_ref idref="oc-a8"/>
      </symbol>
      <symbol id="sm-4af">
         <name>NOROM_CPUbasepriGet</name>
         <value>0x4887</value>
         <object_component_ref idref="oc-a2"/>
      </symbol>
      <symbol id="sm-4b0">
         <name>NOROM_CPUprimask</name>
         <value>0x4871</value>
         <object_component_ref idref="oc-a2"/>
      </symbol>
      <symbol id="sm-4b1">
         <name>NOROM_CPUdelay</name>
         <value>0x48f7</value>
         <object_component_ref idref="oc-1b0"/>
      </symbol>
      <symbol id="sm-4b2">
         <name>NOROM_CPUcpsie</name>
         <value>0x487b</value>
         <object_component_ref idref="oc-a2"/>
      </symbol>
      <symbol id="sm-4b3">
         <name>NOROM_CPUcpsid</name>
         <value>0x4865</value>
         <object_component_ref idref="oc-a2"/>
      </symbol>
      <symbol id="sm-4e1">
         <name>NOROM_DDI16BitWrite</name>
         <value>0x3131</value>
         <object_component_ref idref="oc-ae"/>
      </symbol>
      <symbol id="sm-4e2">
         <name>NOROM_DDI16BitfieldRead</name>
         <value>0x321b</value>
         <object_component_ref idref="oc-ae"/>
      </symbol>
      <symbol id="sm-4e3">
         <name>NOROM_DDI16BitfieldWrite</name>
         <value>0x3181</value>
         <object_component_ref idref="oc-ae"/>
      </symbol>
      <symbol id="sm-4e4">
         <name>NOROM_DDI16BitRead</name>
         <value>0x31d3</value>
         <object_component_ref idref="oc-ae"/>
      </symbol>
      <symbol id="sm-533">
         <name>OSCHF_AttemptToSwitchToXosc</name>
         <value>0x2b05</value>
         <object_component_ref idref="oc-b4"/>
      </symbol>
      <symbol id="sm-534">
         <name>OSCHF_TurnOnXosc</name>
         <value>0x2af1</value>
         <object_component_ref idref="oc-b4"/>
      </symbol>
      <symbol id="sm-535">
         <name>OSCHF_GetStartupTime</name>
         <value>0x2a2f</value>
         <object_component_ref idref="oc-b4"/>
      </symbol>
      <symbol id="sm-536">
         <name>NOROM_OSCClockSourceSet</name>
         <value>0x2981</value>
         <object_component_ref idref="oc-b4"/>
      </symbol>
      <symbol id="sm-537">
         <name>NOROM_OSCInterfaceEnable</name>
         <value>0x2a01</value>
         <object_component_ref idref="oc-b4"/>
      </symbol>
      <symbol id="sm-538">
         <name>OSCHF_SwitchToRcOscTurnOffXosc</name>
         <value>0x2b65</value>
         <object_component_ref idref="oc-b4"/>
      </symbol>
      <symbol id="sm-539">
         <name>NOROM_OSCClockSourceGet</name>
         <value>0x29d1</value>
         <object_component_ref idref="oc-b4"/>
      </symbol>
      <symbol id="sm-57d">
         <name>NOROM_PowerCtrlSourceSet</name>
         <value>0x28cb</value>
         <object_component_ref idref="oc-227"/>
      </symbol>
      <symbol id="sm-57e">
         <name>NOROM_PowerCtrlStateSet</name>
         <value>0x27af</value>
         <object_component_ref idref="oc-227"/>
      </symbol>
      <symbol id="sm-63a">
         <name>trimDevice</name>
         <value>0x1c5</value>
         <object_component_ref idref="oc-46"/>
      </symbol>
      <symbol id="sm-63b">
         <name>SignExtendVddrTrimValue</name>
         <value>0x559</value>
         <object_component_ref idref="oc-46"/>
      </symbol>
      <symbol id="sm-6cf">
         <name>NOROM_SysCtrlShutdown</name>
         <value>0x11e7</value>
         <object_component_ref idref="oc-1d0"/>
      </symbol>
      <symbol id="sm-6d0">
         <name>SysCtrlAdjustRechargeAfterPowerDown</name>
         <value>0x1525</value>
         <object_component_ref idref="oc-1d0"/>
      </symbol>
      <symbol id="sm-6d1">
         <name>NOROM_SysCtrlResetSourceGet</name>
         <value>0x1659</value>
         <object_component_ref idref="oc-1d0"/>
      </symbol>
      <symbol id="sm-6d2">
         <name>NOROM_SysCtrlPowerdown</name>
         <value>0x11b9</value>
         <object_component_ref idref="oc-1d0"/>
      </symbol>
      <symbol id="sm-6d3">
         <name>SysCtrlSetRechargeBeforePowerDown</name>
         <value>0x1241</value>
         <object_component_ref idref="oc-1d0"/>
      </symbol>
      <symbol id="sm-6d4">
         <name>NOROM_SysCtrlPowerEverything</name>
         <value>0x10b3</value>
         <object_component_ref idref="oc-1d0"/>
      </symbol>
      <symbol id="sm-6d5">
         <name>NOROM_SysCtrlStandby</name>
         <value>0x119f</value>
         <object_component_ref idref="oc-1d0"/>
      </symbol>
      <symbol id="sm-6d6">
         <name>SysCtrl_DCDC_VoltageConditionalControl</name>
         <value>0x15c9</value>
         <object_component_ref idref="oc-1d0"/>
      </symbol>
      <symbol id="sm-6f3">
         <name>NOROM_VIMSModeSet</name>
         <value>0x3d53</value>
         <object_component_ref idref="oc-f5"/>
      </symbol>
      <symbol id="sm-6f4">
         <name>NOROM_VIMSModeSafeSet</name>
         <value>0x3d9f</value>
         <object_component_ref idref="oc-f5"/>
      </symbol>
      <symbol id="sm-6f5">
         <name>NOROM_VIMSModeGet</name>
         <value>0x3d7f</value>
         <object_component_ref idref="oc-f5"/>
      </symbol>
      <symbol id="sm-6f6">
         <name>NOROM_VIMSConfigure</name>
         <value>0x3d11</value>
         <object_component_ref idref="oc-f5"/>
      </symbol>
      <symbol id="sm-707">
         <name>_c_int00</name>
         <value>0x46f9</value>
         <object_component_ref idref="oc-4c"/>
      </symbol>
      <symbol id="sm-708">
         <name>__stack</name>
         <value>0x20004f00</value>
         <object_component_ref idref="oc-36"/>
      </symbol>
      <symbol id="sm-71f">
         <name>__TI_decompress_none</name>
         <value>0x48dd</value>
         <object_component_ref idref="oc-21"/>
      </symbol>
      <symbol id="sm-742">
         <name>__TI_decompress_rle24</name>
         <value>0x48fd</value>
         <object_component_ref idref="oc-27"/>
      </symbol>
      <symbol id="sm-754">
         <name>__TI_zero_init</name>
         <value>0x48eb</value>
         <object_component_ref idref="oc-2d"/>
      </symbol>
      <symbol id="sm-773">
         <name>C$$EXIT</name>
         <value>0x4675</value>
         <object_component_ref idref="oc-cd"/>
      </symbol>
      <symbol id="sm-774">
         <name>abort</name>
         <value>0x4679</value>
         <object_component_ref idref="oc-cd"/>
      </symbol>
      <symbol id="sm-775">
         <name>exit</name>
         <value>0x4681</value>
         <object_component_ref idref="oc-cd"/>
      </symbol>
      <symbol id="sm-776">
         <name>__TI_dtors_ptr</name>
         <value>0x2000021c</value>
         <object_component_ref idref="oc-15a"/>
      </symbol>
      <symbol id="sm-777">
         <name>__TI_cleanup_ptr</name>
         <value>0x20000218</value>
         <object_component_ref idref="oc-15a"/>
      </symbol>
      <symbol id="sm-78d">
         <name>exp2</name>
         <value>0x4139</value>
         <object_component_ref idref="oc-193"/>
      </symbol>
      <symbol id="sm-7b1">
         <name>__aeabi_dsub</name>
         <value>0x3475</value>
         <object_component_ref idref="oc-244"/>
      </symbol>
      <symbol id="sm-7b2">
         <name>__aeabi_dadd</name>
         <value>0x347f</value>
         <object_component_ref idref="oc-244"/>
      </symbol>
      <symbol id="sm-7d2">
         <name>__aeabi_ddiv</name>
         <value>0x3ac9</value>
         <object_component_ref idref="oc-253"/>
      </symbol>
      <symbol id="sm-7e9">
         <name>__aeabi_dmul</name>
         <value>0x3e11</value>
         <object_component_ref idref="oc-199"/>
      </symbol>
      <symbol id="sm-7f9">
         <name>__aeabi_d2f</name>
         <value>0x43fb</value>
         <object_component_ref idref="oc-19e"/>
      </symbol>
      <symbol id="sm-80b">
         <name>__aeabi_fmul</name>
         <value>0x4307</value>
         <object_component_ref idref="oc-16d"/>
      </symbol>
      <symbol id="sm-817">
         <name>__aeabi_f2iz</name>
         <value>0x4735</value>
         <object_component_ref idref="oc-172"/>
      </symbol>
      <symbol id="sm-823">
         <name>__aeabi_i2d</name>
         <value>0x4809</value>
         <object_component_ref idref="oc-24e"/>
      </symbol>
      <symbol id="sm-830">
         <name>__aeabi_i2f</name>
         <value>0x476d</value>
         <object_component_ref idref="oc-168"/>
      </symbol>
      <symbol id="sm-84b">
         <name>memcpy</name>
         <value>0x41e5</value>
         <object_component_ref idref="oc-5d"/>
      </symbol>
      <symbol id="sm-84c">
         <name>__aeabi_memcpy</name>
         <value>0x41e5</value>
         <object_component_ref idref="oc-5d"/>
      </symbol>
      <symbol id="sm-84d">
         <name>__aeabi_memcpy8</name>
         <value>0x41e5</value>
         <object_component_ref idref="oc-5d"/>
      </symbol>
      <symbol id="sm-84e">
         <name>__aeabi_memcpy4</name>
         <value>0x41e5</value>
         <object_component_ref idref="oc-5d"/>
      </symbol>
      <symbol id="sm-85d">
         <name>__aeabi_memset</name>
         <value>0x4383</value>
         <object_component_ref idref="oc-76"/>
      </symbol>
      <symbol id="sm-85e">
         <name>memset</name>
         <value>0x4389</value>
         <object_component_ref idref="oc-76"/>
      </symbol>
      <symbol id="sm-85f">
         <name>__aeabi_memset8</name>
         <value>0x4383</value>
         <object_component_ref idref="oc-76"/>
      </symbol>
      <symbol id="sm-860">
         <name>__aeabi_memset4</name>
         <value>0x4383</value>
         <object_component_ref idref="oc-76"/>
      </symbol>
      <symbol id="sm-861">
         <name>__aeabi_memclr8</name>
         <value>0x4381</value>
         <object_component_ref idref="oc-76"/>
      </symbol>
      <symbol id="sm-862">
         <name>__aeabi_memclr4</name>
         <value>0x4381</value>
         <object_component_ref idref="oc-76"/>
      </symbol>
      <symbol id="sm-863">
         <name>__aeabi_memclr</name>
         <value>0x4381</value>
         <object_component_ref idref="oc-76"/>
      </symbol>
      <symbol id="sm-86d">
         <name>_system_pre_init</name>
         <value>0x4903</value>
         <object_component_ref idref="oc-bb"/>
      </symbol>
      <symbol id="sm-875">
         <name>main_func_sp</name>
         <value>0x20000234</value>
         <object_component_ref idref="oc-d3"/>
      </symbol>
      <symbol id="sm-881">
         <name>__aeabi_ui2d</name>
         <value>0x4891</value>
         <object_component_ref idref="oc-18e"/>
      </symbol>
      <symbol id="sm-8ba">
         <name>_Exp</name>
         <value>0x3279</value>
         <object_component_ref idref="oc-1fe"/>
      </symbol>
      <symbol id="sm-8c9">
         <name>_Feraise</name>
         <value>0x47d9</value>
         <object_component_ref idref="oc-204"/>
      </symbol>
      <symbol id="sm-8d9">
         <name>_Rteps</name>
         <value>0x200001c0</value>
         <object_component_ref idref="oc-25e"/>
      </symbol>
      <symbol id="sm-8da">
         <name>_Zero</name>
         <value>0x200001d8</value>
         <object_component_ref idref="oc-25e"/>
      </symbol>
      <symbol id="sm-8db">
         <name>_Hugeval</name>
         <value>0x20000180</value>
         <object_component_ref idref="oc-25e"/>
      </symbol>
      <symbol id="sm-8dc">
         <name>_Snan</name>
         <value>0x200001b0</value>
         <object_component_ref idref="oc-25e"/>
      </symbol>
      <symbol id="sm-8dd">
         <name>_Nan</name>
         <value>0x200001a0</value>
         <object_component_ref idref="oc-25e"/>
      </symbol>
      <symbol id="sm-8de">
         <name>_Inf</name>
         <value>0x20000190</value>
         <object_component_ref idref="oc-25e"/>
      </symbol>
      <symbol id="sm-8df">
         <name>_Xbig</name>
         <value>0x200001d0</value>
         <object_component_ref idref="oc-25e"/>
      </symbol>
      <symbol id="sm-8e0">
         <name>_Eps</name>
         <value>0x20000170</value>
         <object_component_ref idref="oc-25e"/>
      </symbol>
      <symbol id="sm-8e1">
         <name>_Denorm</name>
         <value>0x20000160</value>
         <object_component_ref idref="oc-25e"/>
      </symbol>
      <symbol id="sm-8fa">
         <name>_nop</name>
         <value>0x48d7</value>
         <object_component_ref idref="oc-1df"/>
      </symbol>
      <symbol id="sm-8fb">
         <name>_lock</name>
         <value>0x20000210</value>
         <object_component_ref idref="oc-157"/>
      </symbol>
      <symbol id="sm-8fc">
         <name>_unlock</name>
         <value>0x20000214</value>
         <object_component_ref idref="oc-157"/>
      </symbol>
      <symbol id="sm-8fd">
         <name>_register_lock</name>
         <value>0x48cf</value>
         <object_component_ref idref="oc-1df"/>
      </symbol>
      <symbol id="sm-8fe">
         <name>_register_unlock</name>
         <value>0x48c9</value>
         <object_component_ref idref="oc-1df"/>
      </symbol>
      <symbol id="sm-913">
         <name>_args_main</name>
         <value>0x48b1</value>
         <object_component_ref idref="oc-c7"/>
      </symbol>
      <symbol id="sm-939">
         <name>__TI_auto_init</name>
         <value>0x4469</value>
         <object_component_ref idref="oc-c1"/>
      </symbol>
      <symbol id="sm-953">
         <name>copy_in</name>
         <value>0x459d</value>
         <object_component_ref idref="oc-147"/>
      </symbol>
      <symbol id="sm-95b">
         <name>_Errno</name>
         <value>0x20000230</value>
         <object_component_ref idref="oc-26d"/>
      </symbol>
      <symbol id="sm-972">
         <name>__aeabi_cdcmpeq</name>
         <value>0x4281</value>
         <object_component_ref idref="oc-23f"/>
      </symbol>
      <symbol id="sm-973">
         <name>__aeabi_cdcmple</name>
         <value>0x4281</value>
         <object_component_ref idref="oc-23f"/>
      </symbol>
      <symbol id="sm-981">
         <name>__aeabi_d2iz</name>
         <value>0x45e9</value>
         <object_component_ref idref="oc-249"/>
      </symbol>
      <symbol id="sm-99f">
         <name>feraiseexcept</name>
         <value>0x47a5</value>
         <object_component_ref idref="oc-267"/>
      </symbol>
      <symbol id="sm-9a0">
         <name>_Tls_setup__Fenv</name>
         <value>0x20000224</value>
         <object_component_ref idref="oc-299"/>
      </symbol>
      <symbol id="sm-9a1">
         <name>_Fenv</name>
         <value>0x20000220</value>
         <object_component_ref idref="oc-299"/>
      </symbol>
      <symbol id="sm-9b5">
         <name>raise</name>
         <value>0x4837</value>
         <object_component_ref idref="oc-293"/>
      </symbol>
      <symbol id="sm-9cf">
         <name>signal</name>
         <value>0x46b9</value>
         <object_component_ref idref="oc-2a3"/>
      </symbol>
      <symbol id="sm-9eb">
         <name>_Dscale</name>
         <value>0x3c01</value>
         <object_component_ref idref="oc-258"/>
      </symbol>
      <symbol id="sm-a00">
         <name>_Dnorm</name>
         <value>0x3f0d</value>
         <object_component_ref idref="oc-280"/>
      </symbol>
      <symbol id="sm-a01">
         <name>__TI_static_base__</name>
         <value>0x0</value>
      </symbol>
      <symbol id="sm-a04">
         <name>SHT$$INIT_ARRAY$$Limit</name>
         <value>0x0</value>
      </symbol>
      <symbol id="sm-a05">
         <name>SHT$$INIT_ARRAY$$Base</name>
         <value>0x0</value>
      </symbol>
   </symbol_table>
   <title>Link successful</title>
</link_info>
