******************************************************************************
                  TI ARM Linker PC v5.2.7                      
******************************************************************************
>> Linked Sat Mar 05 16:14:31 2016

OUTPUT FILE NAME:   <bicycle_computer.out>
ENTRY POINT SYMBOL: "ResetISR"  address: 0000426b


MEMORY CONFIGURATION

         name            origin    length      used     unused   attr    fill
----------------------  --------  ---------  --------  --------  ----  --------
  FLASH                 00000000   00020000  000048d0  0001b730  R  X
  GPRAM                 11000000   00002000  00000000  00002000  RW X
  SRAM                  20000000   00005000  000003ac  00004c54  RW X


SEGMENT ALLOCATION MAP

run origin  load origin   length   init length attrs members
----------  ----------- ---------- ----------- ----- -------
00000000    00000000    0000477a   0000477a    r-x
  00000000    00000000    000000c8   000000c8    r-- .intvecs
  000000c8    000000c8    000045c6   000045c6    r-x .text
  00004690    00004690    000000ea   000000ea    r-- .const
0000477c    0000477c    00000008   00000008    rw-
  0000477c    0000477c    00000008   00000008    rw- .args
00004788    00004788    000000f8   000000f8    r--
  00004788    00004788    000000f8   000000f8    r-- .cinit
0001ffa8    0001ffa8    00000058   00000058    r--
  0001ffa8    0001ffa8    00000058   00000058    r-- .ccfg
20000000    20000000    000002b2   00000000    rw-
  20000000    20000000    0000023a   00000000    rw- .data
  20000240    20000240    00000072   00000000    rw- .bss
20004f00    20004f00    00000100   00000000    rw-
  20004f00    20004f00    00000100   00000000    rw- .stack


SECTION ALLOCATION MAP

 output                                  attributes/
section   page    origin      length       input sections
--------  ----  ----------  ----------   ----------------
.intvecs   0    00000000    000000c8     
                  00000000    000000c8     startup_ccs.obj (.intvecs)

.text      0    000000c8    000045c6     
                  000000c8    0000090c     setup.obj (.text)
                  000009d4    00000668     board-i2c.obj (.text)
                  0000103c    00000664     sys_ctrl.obj (.text)
                  000016a0    0000041c     ext-flash.obj (.text)
                  00001abc    0000035c     main.obj (.text)
                  00001e18    000002b4     bmp-280-sensor.obj (.text)
                  000020cc    00000288     board-spi.obj (.text)
                  00002354    00000288     pwr_ctrl.obj (.text)
                  000025dc    00000280     osc.obj (.text)
                  0000285c    0000023c     tmp-007-sensor.obj (.text)
                  00002a98    00000224     ddi.obj (.text)
                  00002cbc    000001fc     rtsv7M3_T_le_eabi.lib : xexp.obj (.text)
                  00002eb8    000001ec     radio.obj (.text)
                  000030a4    000001b6     rtsv7M3_T_le_eabi.lib : fd_add_t2.obj (.text)
                  0000325a    00000002     --HOLE-- [fill = 0]
                  0000325c    000001b0     system.obj (.text)
                  0000340c    0000019c     chipinfo.obj (.text)
                  000035a8    00000194     rtc.obj (.text)
                  0000373c    0000016c     opt-3001-sensor.obj (.text)
                  000038a8    00000136     rtsv7M3_T_le_eabi.lib : fd_div_t2.obj (.text)
                  000039de    00000002     --HOLE-- [fill = 0]
                  000039e0    00000110                           : xdscale.obj (.text)
                  00003af0    00000100     vims.obj (.text)
                  00003bf0    000000fc     rtsv7M3_T_le_eabi.lib : fd_mul_t2.obj (.text)
                  00003cec    000000be                           : xdnorm.obj (.text)
                  00003daa    00000002     --HOLE-- [fill = 0]
                  00003dac    000000b8     sensor-common.obj (.text)
                  00003e64    000000ac     rtsv7M3_T_le_eabi.lib : exp2.obj (.text)
                  00003f10    0000009c                           : memcpy_t2.obj (.text)
                  00003fac    00000086                           : fd_cmp_t2.obj (.text:__aeabi_cdcmple)
                  00004032    0000007a                           : fs_mul_t2.obj (.text)
                  000040ac    0000007a                           : memset_t2.obj (.text)
                  00004126    0000006e                           : fd_tos_t2.obj (.text)
                  00004194    0000006c                           : autoinit.obj (.text)
                  00004200    0000006a                           : copy_decompress_rle.obj (.text)
                  0000426a    0000005e     startup_ccs.obj (.text)
                  000042c8    0000005c     aon_rtc.obj (.text)
                  00004324    0000004c     rtsv7M3_T_le_eabi.lib : cpy_tbl.obj (.text)
                  00004370    00000048                           : fd_toi_t2.obj (.text)
                  000043b8    00000044     aon_batmon.obj (.text)
                  000043fc    00000044     rtsv7M3_T_le_eabi.lib : exit.obj (.text)
                  00004440    00000040                           : signal.obj (.text)
                  00004480    0000003c                           : boot.obj (.text)
                  000044bc    00000038                           : fs_toi_t2.obj (.text)
                  000044f4    00000038                           : i_tofs_t2.obj (.text)
                  0000452c    00000034                           : feraiseexcept.obj (.text)
                  00004560    00000030                           : xferaise.obj (.text)
                  00004590    0000002e                           : i_tofd_t2.obj (.text)
                  000045be    0000002e                           : raise.obj (.text)
                  000045ec    0000002c     cpu.obj (.text)
                  00004618    00000020     rtsv7M3_T_le_eabi.lib : u_tofd_t2.obj (.text)
                  00004638    00000018                           : args_main.obj (.text)
                  00004650    00000014                           : _lock.obj (.text)
                  00004664    0000000e                           : copy_decompress_none.obj (.text:decompress:none)
                  00004672    0000000c                           : copy_zero_init.obj (.text:decompress:ZI)
                  0000467e    00000006     cpu.obj (.text:NOROM_CPUdelay)
                  00004684    00000006     rtsv7M3_T_le_eabi.lib : copy_decompress_rle.obj (.text:decompress:rle24)
                  0000468a    00000004                           : pre_init.obj (.text)

.const     0    00004690    000000ea     
                  00004690    00000068     radio.obj (.const:patchImage)
                  000046f8    00000048     rtsv7M3_T_le_eabi.lib : xexp.obj (.const)
                  00004740    00000034     sys_ctrl.obj (.const:g_pui32ModuleCG)
                  00004774    00000006     ext-flash.obj (.const:.string)

.cinit     0    00004788    000000f8     
                  00004788    000000d4     (.cinit..data.load) [load image, compression = rle]
                  0000485c    0000000c     (__TI_handler_table)
                  00004868    00000008     (.cinit..bss.load) [load image, compression = zero_init]
                  00004870    00000010     (__TI_cinit_table)

.init_array 
*          0    00000000    00000000     UNINITIALIZED

.ccfg      0    0001ffa8    00000058     
                  0001ffa8    00000058     ccfg.obj (.ccfg:retain)

.args      0    0000477c    00000008     
                  0000477c    00000008     --HOLE-- [fill = 0]

.data      0    20000000    0000023a     UNINITIALIZED
                  20000000    000000b0     radio.obj (.data)
                  200000b0    000000b0     rtsv7M3_T_le_eabi.lib : signal.obj (.data:sigtable)
                  20000160    00000080                           : xvalues.obj (.data)
                  200001e0    00000030     radio.obj (.data:bleDifferentialOverrides)
                  20000210    00000008     rtsv7M3_T_le_eabi.lib : _lock.obj (.data)
                  20000218    00000008                           : exit.obj (.data)
                  20000220    00000008                           : feraiseexcept.obj (.data)
                  20000228    00000004     bmp-280-sensor.obj (.data)
                  2000022c    00000004     opt-3001-sensor.obj (.data)
                  20000230    00000004     rtsv7M3_T_le_eabi.lib : errno.obj (.data)
                  20000234    00000004                           : stkdepth_vars.obj (.data)
                  20000238    00000002     board-i2c.obj (.data)

.TI.persistent 
*          0    20000000    00000000     UNINITIALIZED

.bss       0    20000240    00000072     UNINITIALIZED
                  20000240    00000020     (.common:buffer)
                  20000260    00000018     (.common:calibration_data)
                  20000278    00000014     (.common:oscHfGlobals)
                  2000028c    00000004     (.common:amb_temp_latched)
                  20000290    00000008     (.common:devAddress)
                  20000298    00000008     (.common:powerQualGlobals)
                  200002a0    00000008     (.common:sensor_value)
                  200002a8    00000004     (.common:buf)
                  200002ac    00000004     (.common:obj_temp_latched)
                  200002b0    00000002     (.common:val)

.TI.noinit 
*          0    20000240    00000000     UNINITIALIZED

.stack     0    20004f00    00000100     UNINITIALIZED
                  20004f00    00000100     --HOLE--


LINKER GENERATED COPY TABLES

__TI_cinit_table @ 00004870 records: 2, size/record: 8, table size: 16
	.data: load addr=00004788, load size=000000d4 bytes, run addr=20000000, run size=0000023a bytes, compression=rle
	.bss: load addr=00004868, load size=00000008 bytes, run addr=20000240, run size=00000072 bytes, compression=zero_init


LINKER GENERATED HANDLER TABLE

__TI_handler_table @ 0000485c records: 3, size/record: 4, table size: 12
	index: 0, handler: __TI_decompress_rle24
	index: 1, handler: __TI_decompress_none
	index: 2, handler: __TI_zero_init


GLOBAL SYMBOLS: SORTED ALPHABETICALLY BY Name 

address   name                                                  
-------   ----                                                  
000043b9  AONBatMonTemperatureGetDegC                           
000036f1  AONRTCIntHandler                                      
000043fd  C$$EXIT                                               
0000349d  ChipInfo_GetChipFamily                                
000034f3  ChipInfo_GetHwRevision                                
0000346b  ChipInfo_GetPackageType                               
00003461  ChipInfo_GetSupportedProtocol_BV                      
00001af1  GPIOIntHandler                                        
000042f5  NOROM_AONRTCCurrent64BitValueGet                      
000042c9  NOROM_AONRTCCurrentCompareValueGet                    
0000460f  NOROM_CPUbasepriGet                                   
000045ed  NOROM_CPUcpsid                                        
00004603  NOROM_CPUcpsie                                        
0000467f  NOROM_CPUdelay                                        
000045f9  NOROM_CPUprimask                                      
00002c17  NOROM_DDI16BitRead                                    
00002b75  NOROM_DDI16BitWrite                                   
00002c5f  NOROM_DDI16BitfieldRead                               
00002bc5  NOROM_DDI16BitfieldWrite                              
0000266d  NOROM_OSCClockSourceGet                               
0000261d  NOROM_OSCClockSourceSet                               
0000269d  NOROM_OSCInterfaceEnable                              
00002567  NOROM_PowerCtrlSourceSet                              
0000244b  NOROM_PowerCtrlStateSet                               
000010b3  NOROM_SysCtrlPowerEverything                          
000011b9  NOROM_SysCtrlPowerdown                                
00001659  NOROM_SysCtrlResetSourceGet                           
000011e7  NOROM_SysCtrlShutdown                                 
0000119f  NOROM_SysCtrlStandby                                  
00003af1  NOROM_VIMSConfigure                                   
00003b5f  NOROM_VIMSModeGet                                     
00003b7f  NOROM_VIMSModeSafeSet                                 
00003b33  NOROM_VIMSModeSet                                     
000027a1  OSCHF_AttemptToSwitchToXosc                           
000026cb  OSCHF_GetStartupTime                                  
00002801  OSCHF_SwitchToRcOscTurnOffXosc                        
0000278d  OSCHF_TurnOnXosc                                      
00002fdf  RFCCPE0IntHandler                                     
00002fc7  RFCCPE1IntHandler                                     
0000426b  ResetISR                                              
UNDEFED   SHT$$INIT_ARRAY$$Base                                 
UNDEFED   SHT$$INIT_ARRAY$$Limit                                
00000559  SignExtendVddrTrimValue                               
00001525  SysCtrlAdjustRechargeAfterPowerDown                   
00001241  SysCtrlSetRechargeBeforePowerDown                     
000015c9  SysCtrl_DCDC_VoltageConditionalControl                
00003587  ThisCodeIsBuiltForCC26xxHwRev22AndLater_HaltIfViolated
20000160  _Denorm                                               
00003ced  _Dnorm                                                
000039e1  _Dscale                                               
20000170  _Eps                                                  
20000230  _Errno                                                
00002cbd  _Exp                                                  
20000220  _Fenv                                                 
00004561  _Feraise                                              
20000180  _Hugeval                                              
20000190  _Inf                                                  
200001a0  _Nan                                                  
200001c0  _Rteps                                                
200001b0  _Snan                                                 
20000224  _Tls_setup__Fenv                                      
200001d0  _Xbig                                                 
200001d8  _Zero                                                 
20005000  __STACK_END                                           
00000100  __STACK_SIZE                                          
20005000  __STACK_TOP                                           
00004870  __TI_CINIT_Base                                       
00004880  __TI_CINIT_Limit                                      
0000485c  __TI_Handler_Table_Base                               
00004868  __TI_Handler_Table_Limit                              
00004195  __TI_auto_init                                        
20000218  __TI_cleanup_ptr                                      
00004665  __TI_decompress_none                                  
00004685  __TI_decompress_rle24                                 
2000021c  __TI_dtors_ptr                                        
00000000  __TI_static_base__                                    
00004673  __TI_zero_init                                        
00003fad  __aeabi_cdcmpeq                                       
00003fad  __aeabi_cdcmple                                       
00004127  __aeabi_d2f                                           
00004371  __aeabi_d2iz                                          
000030af  __aeabi_dadd                                          
000038a9  __aeabi_ddiv                                          
00003bf1  __aeabi_dmul                                          
000030a5  __aeabi_dsub                                          
000044bd  __aeabi_f2iz                                          
00004033  __aeabi_fmul                                          
00004591  __aeabi_i2d                                           
000044f5  __aeabi_i2f                                           
000040ad  __aeabi_memclr                                        
000040ad  __aeabi_memclr4                                       
000040ad  __aeabi_memclr8                                       
00003f11  __aeabi_memcpy                                        
00003f11  __aeabi_memcpy4                                       
00003f11  __aeabi_memcpy8                                       
000040af  __aeabi_memset                                        
000040af  __aeabi_memset4                                       
000040af  __aeabi_memset8                                       
00004619  __aeabi_ui2d                                          
ffffffff  __binit__                                             
0000477c  __c_args__                                            
0001ffa8  __ccfg                                                
20004f00  __stack                                               
00004639  _args_main                                            
00004481  _c_int00                                              
20000210  _lock                                                 
0000465f  _nop                                                  
00004657  _register_lock                                        
00004651  _register_unlock                                      
0000468b  _system_pre_init                                      
20000214  _unlock                                               
00004401  abort                                                 
20000003  advData                                               
20000030  advOutput                                             
ffffffff  binit                                                 
200001e0  bleDifferentialOverrides                              
00000d01  board_i2c_read                                        
00000f3b  board_i2c_select                                      
00000b3b  board_i2c_shutdown                                    
00000abd  board_i2c_wakeup                                      
00000bdb  board_i2c_write                                       
00000de1  board_i2c_write_read                                  
00000ca3  board_i2c_write_single                                
000022c5  board_spi_close                                       
000021f9  board_spi_flush                                       
00002217  board_spi_open                                        
000021a1  board_spi_read                                        
00002155  board_spi_write                                       
20000070  cmdAdv0                                               
20000058  cmdAdv1                                               
20000040  cmdAdv2                                               
20000010  cmdAdvParam                                           
20000088  cmdFsPd                                               
20000098  cmdSetup                                              
000020a7  configure_bmp_280                                     
00003883  configure_opt_3001                                    
00002a33  configure_tmp_007                                     
00001e9d  convert_bmp_280                                       
000037f5  convert_opt_3001                                      
00002953  convert_tmp_007                                       
00004325  copy_in                                               
00001e47  enable_bmp_280                                        
00003749  enable_opt_3001                                       
0000285d  enable_tmp_007                                        
00004409  exit                                                  
00003e65  exp2                                                  
0000188d  ext_flash_close                                       
000019dd  ext_flash_erase                                       
00001aa5  ext_flash_init                                        
00001857  ext_flash_open                                        
00001899  ext_flash_read                                        
00001a91  ext_flash_test                                        
00001915  ext_flash_write                                       
0000452d  feraiseexcept                                         
00000000  g_pfnVectors                                          
0000325d  initInterrupts                                        
000036bf  initRTC                                               
00002f15  initRadio                                             
00002fb5  initRadioInts                                         
00001e25  init_bmp_280                                          
00001b9d  ledInit                                               
00001bc9  main                                                  
20000234  main_func_sp                                          
00003f11  memcpy                                                
000040b5  memset                                                
0000334b  powerConfigureRecharge                                
00003281  powerDisableAuxForceOn                                
000032bd  powerDisableAuxRamRet                                 
000032f1  powerDisableCPU                                       
00003297  powerDisableCache                                     
000032b1  powerDisableCacheRetention                            
00003301  powerDisableFlashInIdle                               
00003335  powerDisableMcuPdReq                                  
000032e3  powerDisablePeriph                                    
000032cd  powerDisableRFC                                       
0000336d  powerDisableXtal                                      
00003317  powerDivideInfClkDS                                   
00003309  powerEnableAUXPdReq                                   
00003279  powerEnableAuxForceOn                                 
00003289  powerEnableCache                                      
000032a5  powerEnableCacheRetention                             
000032f9  powerEnableFlashInIdle                                
0000333d  powerEnableGPIOClockRunMode                           
0000332d  powerEnableMcuPdReq                                   
000032d5  powerEnablePeriph                                     
000032c5  powerEnableRFC                                        
00003365  powerEnableXtal                                       
00003375  powerEnableXtalInterface                              
00002f49  radioCmdBusRequest                                    
00002f67  radioCmdStartRAT                                      
00002f41  radioPatch                                            
00002f79  radioSetupAndTransmit                                 
00002f83  radioUpdateAdvData                                    
000045bf  raise                                                 
00001e73  read_data_bmp_280                                     
00003793  read_data_opt_3001                                    
000028ad  read_data_tmp_007                                     
20000002  rfAdvertisingDone                                     
20000000  rfBootDone                                            
20000001  rfSetupDone                                           
00002f39  runRadio                                              
00001e19  select_bmp_280                                        
0000373d  select_opt_3001                                       
00003dad  sensor_common_read_reg                                
00003e2f  sensor_common_set_error_data                          
00003dc9  sensor_common_write_reg                               
00001b35  sensorsInit                                           
00004441  signal                                                
000001c5  trimDevice                                            
0000384b  value                                                 
00002035  value_bmp_280                                         
000029a5  value_tmp_007                                         
000033a5  waitUntilAUXReady                                     
00003393  waitUntilPeriphReady                                  
00003381  waitUntilRFCReady                                     


GLOBAL SYMBOLS: SORTED BY Symbol Address 

address   name                                                  
-------   ----                                                  
00000000  __TI_static_base__                                    
00000000  g_pfnVectors                                          
00000100  __STACK_SIZE                                          
000001c5  trimDevice                                            
00000559  SignExtendVddrTrimValue                               
00000abd  board_i2c_wakeup                                      
00000b3b  board_i2c_shutdown                                    
00000bdb  board_i2c_write                                       
00000ca3  board_i2c_write_single                                
00000d01  board_i2c_read                                        
00000de1  board_i2c_write_read                                  
00000f3b  board_i2c_select                                      
000010b3  NOROM_SysCtrlPowerEverything                          
0000119f  NOROM_SysCtrlStandby                                  
000011b9  NOROM_SysCtrlPowerdown                                
000011e7  NOROM_SysCtrlShutdown                                 
00001241  SysCtrlSetRechargeBeforePowerDown                     
00001525  SysCtrlAdjustRechargeAfterPowerDown                   
000015c9  SysCtrl_DCDC_VoltageConditionalControl                
00001659  NOROM_SysCtrlResetSourceGet                           
00001857  ext_flash_open                                        
0000188d  ext_flash_close                                       
00001899  ext_flash_read                                        
00001915  ext_flash_write                                       
000019dd  ext_flash_erase                                       
00001a91  ext_flash_test                                        
00001aa5  ext_flash_init                                        
00001af1  GPIOIntHandler                                        
00001b35  sensorsInit                                           
00001b9d  ledInit                                               
00001bc9  main                                                  
00001e19  select_bmp_280                                        
00001e25  init_bmp_280                                          
00001e47  enable_bmp_280                                        
00001e73  read_data_bmp_280                                     
00001e9d  convert_bmp_280                                       
00002035  value_bmp_280                                         
000020a7  configure_bmp_280                                     
00002155  board_spi_write                                       
000021a1  board_spi_read                                        
000021f9  board_spi_flush                                       
00002217  board_spi_open                                        
000022c5  board_spi_close                                       
0000244b  NOROM_PowerCtrlStateSet                               
00002567  NOROM_PowerCtrlSourceSet                              
0000261d  NOROM_OSCClockSourceSet                               
0000266d  NOROM_OSCClockSourceGet                               
0000269d  NOROM_OSCInterfaceEnable                              
000026cb  OSCHF_GetStartupTime                                  
0000278d  OSCHF_TurnOnXosc                                      
000027a1  OSCHF_AttemptToSwitchToXosc                           
00002801  OSCHF_SwitchToRcOscTurnOffXosc                        
0000285d  enable_tmp_007                                        
000028ad  read_data_tmp_007                                     
00002953  convert_tmp_007                                       
000029a5  value_tmp_007                                         
00002a33  configure_tmp_007                                     
00002b75  NOROM_DDI16BitWrite                                   
00002bc5  NOROM_DDI16BitfieldWrite                              
00002c17  NOROM_DDI16BitRead                                    
00002c5f  NOROM_DDI16BitfieldRead                               
00002cbd  _Exp                                                  
00002f15  initRadio                                             
00002f39  runRadio                                              
00002f41  radioPatch                                            
00002f49  radioCmdBusRequest                                    
00002f67  radioCmdStartRAT                                      
00002f79  radioSetupAndTransmit                                 
00002f83  radioUpdateAdvData                                    
00002fb5  initRadioInts                                         
00002fc7  RFCCPE1IntHandler                                     
00002fdf  RFCCPE0IntHandler                                     
000030a5  __aeabi_dsub                                          
000030af  __aeabi_dadd                                          
0000325d  initInterrupts                                        
00003279  powerEnableAuxForceOn                                 
00003281  powerDisableAuxForceOn                                
00003289  powerEnableCache                                      
00003297  powerDisableCache                                     
000032a5  powerEnableCacheRetention                             
000032b1  powerDisableCacheRetention                            
000032bd  powerDisableAuxRamRet                                 
000032c5  powerEnableRFC                                        
000032cd  powerDisableRFC                                       
000032d5  powerEnablePeriph                                     
000032e3  powerDisablePeriph                                    
000032f1  powerDisableCPU                                       
000032f9  powerEnableFlashInIdle                                
00003301  powerDisableFlashInIdle                               
00003309  powerEnableAUXPdReq                                   
00003317  powerDivideInfClkDS                                   
0000332d  powerEnableMcuPdReq                                   
00003335  powerDisableMcuPdReq                                  
0000333d  powerEnableGPIOClockRunMode                           
0000334b  powerConfigureRecharge                                
00003365  powerEnableXtal                                       
0000336d  powerDisableXtal                                      
00003375  powerEnableXtalInterface                              
00003381  waitUntilRFCReady                                     
00003393  waitUntilPeriphReady                                  
000033a5  waitUntilAUXReady                                     
00003461  ChipInfo_GetSupportedProtocol_BV                      
0000346b  ChipInfo_GetPackageType                               
0000349d  ChipInfo_GetChipFamily                                
000034f3  ChipInfo_GetHwRevision                                
00003587  ThisCodeIsBuiltForCC26xxHwRev22AndLater_HaltIfViolated
000036bf  initRTC                                               
000036f1  AONRTCIntHandler                                      
0000373d  select_opt_3001                                       
00003749  enable_opt_3001                                       
00003793  read_data_opt_3001                                    
000037f5  convert_opt_3001                                      
0000384b  value                                                 
00003883  configure_opt_3001                                    
000038a9  __aeabi_ddiv                                          
000039e1  _Dscale                                               
00003af1  NOROM_VIMSConfigure                                   
00003b33  NOROM_VIMSModeSet                                     
00003b5f  NOROM_VIMSModeGet                                     
00003b7f  NOROM_VIMSModeSafeSet                                 
00003bf1  __aeabi_dmul                                          
00003ced  _Dnorm                                                
00003dad  sensor_common_read_reg                                
00003dc9  sensor_common_write_reg                               
00003e2f  sensor_common_set_error_data                          
00003e65  exp2                                                  
00003f11  __aeabi_memcpy                                        
00003f11  __aeabi_memcpy4                                       
00003f11  __aeabi_memcpy8                                       
00003f11  memcpy                                                
00003fad  __aeabi_cdcmpeq                                       
00003fad  __aeabi_cdcmple                                       
00004033  __aeabi_fmul                                          
000040ad  __aeabi_memclr                                        
000040ad  __aeabi_memclr4                                       
000040ad  __aeabi_memclr8                                       
000040af  __aeabi_memset                                        
000040af  __aeabi_memset4                                       
000040af  __aeabi_memset8                                       
000040b5  memset                                                
00004127  __aeabi_d2f                                           
00004195  __TI_auto_init                                        
0000426b  ResetISR                                              
000042c9  NOROM_AONRTCCurrentCompareValueGet                    
000042f5  NOROM_AONRTCCurrent64BitValueGet                      
00004325  copy_in                                               
00004371  __aeabi_d2iz                                          
000043b9  AONBatMonTemperatureGetDegC                           
000043fd  C$$EXIT                                               
00004401  abort                                                 
00004409  exit                                                  
00004441  signal                                                
00004481  _c_int00                                              
000044bd  __aeabi_f2iz                                          
000044f5  __aeabi_i2f                                           
0000452d  feraiseexcept                                         
00004561  _Feraise                                              
00004591  __aeabi_i2d                                           
000045bf  raise                                                 
000045ed  NOROM_CPUcpsid                                        
000045f9  NOROM_CPUprimask                                      
00004603  NOROM_CPUcpsie                                        
0000460f  NOROM_CPUbasepriGet                                   
00004619  __aeabi_ui2d                                          
00004639  _args_main                                            
00004651  _register_unlock                                      
00004657  _register_lock                                        
0000465f  _nop                                                  
00004665  __TI_decompress_none                                  
00004673  __TI_zero_init                                        
0000467f  NOROM_CPUdelay                                        
00004685  __TI_decompress_rle24                                 
0000468b  _system_pre_init                                      
0000477c  __c_args__                                            
0000485c  __TI_Handler_Table_Base                               
00004868  __TI_Handler_Table_Limit                              
00004870  __TI_CINIT_Base                                       
00004880  __TI_CINIT_Limit                                      
0001ffa8  __ccfg                                                
20000000  rfBootDone                                            
20000001  rfSetupDone                                           
20000002  rfAdvertisingDone                                     
20000003  advData                                               
20000010  cmdAdvParam                                           
20000030  advOutput                                             
20000040  cmdAdv2                                               
20000058  cmdAdv1                                               
20000070  cmdAdv0                                               
20000088  cmdFsPd                                               
20000098  cmdSetup                                              
20000160  _Denorm                                               
20000170  _Eps                                                  
20000180  _Hugeval                                              
20000190  _Inf                                                  
200001a0  _Nan                                                  
200001b0  _Snan                                                 
200001c0  _Rteps                                                
200001d0  _Xbig                                                 
200001d8  _Zero                                                 
200001e0  bleDifferentialOverrides                              
20000210  _lock                                                 
20000214  _unlock                                               
20000218  __TI_cleanup_ptr                                      
2000021c  __TI_dtors_ptr                                        
20000220  _Fenv                                                 
20000224  _Tls_setup__Fenv                                      
20000230  _Errno                                                
20000234  main_func_sp                                          
20004f00  __stack                                               
20005000  __STACK_END                                           
20005000  __STACK_TOP                                           
ffffffff  __binit__                                             
ffffffff  binit                                                 
UNDEFED   SHT$$INIT_ARRAY$$Base                                 
UNDEFED   SHT$$INIT_ARRAY$$Limit                                

[215 symbols]
