<?xml version="1.0"?>
<link_info>
   <banner>TI ARM Linker PC v5.2.7</banner>
   <copyright>Copyright (c) 1996-2015 Texas Instruments Incorporated</copyright>
   <link_time>0x56e03cbb</link_time>
   <link_errors>0x0</link_errors>
   <output_file>bicycle_computer.out</output_file>
   <entry_point>
      <name>ResetISR</name>
      <address>0x4713</address>
   </entry_point>
   <input_file_list>
      <input_file id="fl-2">
         <path>.\</path>
         <kind>object</kind>
         <file>ccfg.obj</file>
         <name>ccfg.obj</name>
      </input_file>
      <input_file id="fl-3">
         <path>.\</path>
         <kind>object</kind>
         <file>em8500-pwr-mgnt.obj</file>
         <name>em8500-pwr-mgnt.obj</name>
      </input_file>
      <input_file id="fl-4">
         <path>.\</path>
         <kind>object</kind>
         <file>main.obj</file>
         <name>main.obj</name>
      </input_file>
      <input_file id="fl-5">
         <path>.\</path>
         <kind>object</kind>
         <file>radio.obj</file>
         <name>radio.obj</name>
      </input_file>
      <input_file id="fl-6">
         <path>.\</path>
         <kind>object</kind>
         <file>rtc.obj</file>
         <name>rtc.obj</name>
      </input_file>
      <input_file id="fl-7">
         <path>.\</path>
         <kind>object</kind>
         <file>system.obj</file>
         <name>system.obj</name>
      </input_file>
      <input_file id="fl-8">
         <path>.\sensors\</path>
         <kind>object</kind>
         <file>bmp-280-sensor.obj</file>
         <name>bmp-280-sensor.obj</name>
      </input_file>
      <input_file id="fl-9">
         <path>.\sensors\</path>
         <kind>object</kind>
         <file>buzzer.obj</file>
         <name>buzzer.obj</name>
      </input_file>
      <input_file id="fl-a">
         <path>.\sensors\</path>
         <kind>object</kind>
         <file>ext-flash.obj</file>
         <name>ext-flash.obj</name>
      </input_file>
      <input_file id="fl-b">
         <path>.\sensors\</path>
         <kind>object</kind>
         <file>hdc-1000-sensor.obj</file>
         <name>hdc-1000-sensor.obj</name>
      </input_file>
      <input_file id="fl-c">
         <path>.\sensors\</path>
         <kind>object</kind>
         <file>opt-3001-sensor.obj</file>
         <name>opt-3001-sensor.obj</name>
      </input_file>
      <input_file id="fl-d">
         <path>.\sensors\</path>
         <kind>object</kind>
         <file>sensor-common.obj</file>
         <name>sensor-common.obj</name>
      </input_file>
      <input_file id="fl-e">
         <path>.\sensors\</path>
         <kind>object</kind>
         <file>tmp-007-sensor.obj</file>
         <name>tmp-007-sensor.obj</name>
      </input_file>
      <input_file id="fl-f">
         <path>.\interfaces\</path>
         <kind>object</kind>
         <file>board-i2c.obj</file>
         <name>board-i2c.obj</name>
      </input_file>
      <input_file id="fl-10">
         <path>.\interfaces\</path>
         <kind>object</kind>
         <file>board-spi.obj</file>
         <name>board-spi.obj</name>
      </input_file>
      <input_file id="fl-11">
         <path>.\cc26xxware_2_22_00_16101\startup_files\</path>
         <kind>object</kind>
         <file>startup_ccs.obj</file>
         <name>startup_ccs.obj</name>
      </input_file>
      <input_file id="fl-12">
         <path>.\cc26xxware_2_22_00_16101\driverLib\</path>
         <kind>object</kind>
         <file>adi.obj</file>
         <name>adi.obj</name>
      </input_file>
      <input_file id="fl-13">
         <path>.\cc26xxware_2_22_00_16101\driverLib\</path>
         <kind>object</kind>
         <file>aon_batmon.obj</file>
         <name>aon_batmon.obj</name>
      </input_file>
      <input_file id="fl-14">
         <path>.\cc26xxware_2_22_00_16101\driverLib\</path>
         <kind>object</kind>
         <file>aon_event.obj</file>
         <name>aon_event.obj</name>
      </input_file>
      <input_file id="fl-15">
         <path>.\cc26xxware_2_22_00_16101\driverLib\</path>
         <kind>object</kind>
         <file>aon_ioc.obj</file>
         <name>aon_ioc.obj</name>
      </input_file>
      <input_file id="fl-16">
         <path>.\cc26xxware_2_22_00_16101\driverLib\</path>
         <kind>object</kind>
         <file>aon_rtc.obj</file>
         <name>aon_rtc.obj</name>
      </input_file>
      <input_file id="fl-17">
         <path>.\cc26xxware_2_22_00_16101\driverLib\</path>
         <kind>object</kind>
         <file>aon_wuc.obj</file>
         <name>aon_wuc.obj</name>
      </input_file>
      <input_file id="fl-18">
         <path>.\cc26xxware_2_22_00_16101\driverLib\</path>
         <kind>object</kind>
         <file>aux_adc.obj</file>
         <name>aux_adc.obj</name>
      </input_file>
      <input_file id="fl-19">
         <path>.\cc26xxware_2_22_00_16101\driverLib\</path>
         <kind>object</kind>
         <file>aux_smph.obj</file>
         <name>aux_smph.obj</name>
      </input_file>
      <input_file id="fl-1a">
         <path>.\cc26xxware_2_22_00_16101\driverLib\</path>
         <kind>object</kind>
         <file>aux_tdc.obj</file>
         <name>aux_tdc.obj</name>
      </input_file>
      <input_file id="fl-1b">
         <path>.\cc26xxware_2_22_00_16101\driverLib\</path>
         <kind>object</kind>
         <file>aux_timer.obj</file>
         <name>aux_timer.obj</name>
      </input_file>
      <input_file id="fl-1c">
         <path>.\cc26xxware_2_22_00_16101\driverLib\</path>
         <kind>object</kind>
         <file>aux_wuc.obj</file>
         <name>aux_wuc.obj</name>
      </input_file>
      <input_file id="fl-1d">
         <path>.\cc26xxware_2_22_00_16101\driverLib\</path>
         <kind>object</kind>
         <file>ccfgread.obj</file>
         <name>ccfgread.obj</name>
      </input_file>
      <input_file id="fl-1e">
         <path>.\cc26xxware_2_22_00_16101\driverLib\</path>
         <kind>object</kind>
         <file>chipinfo.obj</file>
         <name>chipinfo.obj</name>
      </input_file>
      <input_file id="fl-1f">
         <path>.\cc26xxware_2_22_00_16101\driverLib\</path>
         <kind>object</kind>
         <file>cpu.obj</file>
         <name>cpu.obj</name>
      </input_file>
      <input_file id="fl-20">
         <path>.\cc26xxware_2_22_00_16101\driverLib\</path>
         <kind>object</kind>
         <file>crypto.obj</file>
         <name>crypto.obj</name>
      </input_file>
      <input_file id="fl-21">
         <path>.\cc26xxware_2_22_00_16101\driverLib\</path>
         <kind>object</kind>
         <file>ddi.obj</file>
         <name>ddi.obj</name>
      </input_file>
      <input_file id="fl-22">
         <path>.\cc26xxware_2_22_00_16101\driverLib\</path>
         <kind>object</kind>
         <file>debug.obj</file>
         <name>debug.obj</name>
      </input_file>
      <input_file id="fl-23">
         <path>.\cc26xxware_2_22_00_16101\driverLib\</path>
         <kind>object</kind>
         <file>driverlib_release.obj</file>
         <name>driverlib_release.obj</name>
      </input_file>
      <input_file id="fl-24">
         <path>.\cc26xxware_2_22_00_16101\driverLib\</path>
         <kind>object</kind>
         <file>event.obj</file>
         <name>event.obj</name>
      </input_file>
      <input_file id="fl-25">
         <path>.\cc26xxware_2_22_00_16101\driverLib\</path>
         <kind>object</kind>
         <file>flash.obj</file>
         <name>flash.obj</name>
      </input_file>
      <input_file id="fl-26">
         <path>.\cc26xxware_2_22_00_16101\driverLib\</path>
         <kind>object</kind>
         <file>flashsafe.obj</file>
         <name>flashsafe.obj</name>
      </input_file>
      <input_file id="fl-27">
         <path>.\cc26xxware_2_22_00_16101\driverLib\</path>
         <kind>object</kind>
         <file>gpio.obj</file>
         <name>gpio.obj</name>
      </input_file>
      <input_file id="fl-28">
         <path>.\cc26xxware_2_22_00_16101\driverLib\</path>
         <kind>object</kind>
         <file>i2c.obj</file>
         <name>i2c.obj</name>
      </input_file>
      <input_file id="fl-29">
         <path>.\cc26xxware_2_22_00_16101\driverLib\</path>
         <kind>object</kind>
         <file>i2s.obj</file>
         <name>i2s.obj</name>
      </input_file>
      <input_file id="fl-2a">
         <path>.\cc26xxware_2_22_00_16101\driverLib\</path>
         <kind>object</kind>
         <file>interrupt.obj</file>
         <name>interrupt.obj</name>
      </input_file>
      <input_file id="fl-2b">
         <path>.\cc26xxware_2_22_00_16101\driverLib\</path>
         <kind>object</kind>
         <file>ioc.obj</file>
         <name>ioc.obj</name>
      </input_file>
      <input_file id="fl-2c">
         <path>.\cc26xxware_2_22_00_16101\driverLib\</path>
         <kind>object</kind>
         <file>osc.obj</file>
         <name>osc.obj</name>
      </input_file>
      <input_file id="fl-2d">
         <path>.\cc26xxware_2_22_00_16101\driverLib\</path>
         <kind>object</kind>
         <file>prcm.obj</file>
         <name>prcm.obj</name>
      </input_file>
      <input_file id="fl-2e">
         <path>.\cc26xxware_2_22_00_16101\driverLib\</path>
         <kind>object</kind>
         <file>pwr_ctrl.obj</file>
         <name>pwr_ctrl.obj</name>
      </input_file>
      <input_file id="fl-2f">
         <path>.\cc26xxware_2_22_00_16101\driverLib\</path>
         <kind>object</kind>
         <file>rfc.obj</file>
         <name>rfc.obj</name>
      </input_file>
      <input_file id="fl-30">
         <path>.\cc26xxware_2_22_00_16101\driverLib\</path>
         <kind>object</kind>
         <file>rom_crypto.obj</file>
         <name>rom_crypto.obj</name>
      </input_file>
      <input_file id="fl-31">
         <path>.\cc26xxware_2_22_00_16101\driverLib\</path>
         <kind>object</kind>
         <file>setup.obj</file>
         <name>setup.obj</name>
      </input_file>
      <input_file id="fl-32">
         <path>.\cc26xxware_2_22_00_16101\driverLib\</path>
         <kind>object</kind>
         <file>smph.obj</file>
         <name>smph.obj</name>
      </input_file>
      <input_file id="fl-33">
         <path>.\cc26xxware_2_22_00_16101\driverLib\</path>
         <kind>object</kind>
         <file>ssi.obj</file>
         <name>ssi.obj</name>
      </input_file>
      <input_file id="fl-34">
         <path>.\cc26xxware_2_22_00_16101\driverLib\</path>
         <kind>object</kind>
         <file>sys_ctrl.obj</file>
         <name>sys_ctrl.obj</name>
      </input_file>
      <input_file id="fl-35">
         <path>.\cc26xxware_2_22_00_16101\driverLib\</path>
         <kind>object</kind>
         <file>systick.obj</file>
         <name>systick.obj</name>
      </input_file>
      <input_file id="fl-36">
         <path>.\cc26xxware_2_22_00_16101\driverLib\</path>
         <kind>object</kind>
         <file>timer.obj</file>
         <name>timer.obj</name>
      </input_file>
      <input_file id="fl-37">
         <path>.\cc26xxware_2_22_00_16101\driverLib\</path>
         <kind>object</kind>
         <file>trng.obj</file>
         <name>trng.obj</name>
      </input_file>
      <input_file id="fl-38">
         <path>.\cc26xxware_2_22_00_16101\driverLib\</path>
         <kind>object</kind>
         <file>uart.obj</file>
         <name>uart.obj</name>
      </input_file>
      <input_file id="fl-39">
         <path>.\cc26xxware_2_22_00_16101\driverLib\</path>
         <kind>object</kind>
         <file>udma.obj</file>
         <name>udma.obj</name>
      </input_file>
      <input_file id="fl-3a">
         <path>.\cc26xxware_2_22_00_16101\driverLib\</path>
         <kind>object</kind>
         <file>vims.obj</file>
         <name>vims.obj</name>
      </input_file>
      <input_file id="fl-3b">
         <path>.\cc26xxware_2_22_00_16101\driverLib\</path>
         <kind>object</kind>
         <file>watchdog.obj</file>
         <name>watchdog.obj</name>
      </input_file>
      <input_file id="fl-161">
         <path>C:\ti\ccsv6\tools\compiler\ti-cgt-arm_5.2.7\lib\</path>
         <kind>archive</kind>
         <file>rtsv7M3_T_le_eabi.lib</file>
         <name>boot.obj</name>
      </input_file>
      <input_file id="fl-162">
         <path>C:\ti\ccsv6\tools\compiler\ti-cgt-arm_5.2.7\lib\</path>
         <kind>archive</kind>
         <file>rtsv7M3_T_le_eabi.lib</file>
         <name>copy_decompress_none.obj</name>
      </input_file>
      <input_file id="fl-163">
         <path>C:\ti\ccsv6\tools\compiler\ti-cgt-arm_5.2.7\lib\</path>
         <kind>archive</kind>
         <file>rtsv7M3_T_le_eabi.lib</file>
         <name>copy_decompress_rle.obj</name>
      </input_file>
      <input_file id="fl-164">
         <path>C:\ti\ccsv6\tools\compiler\ti-cgt-arm_5.2.7\lib\</path>
         <kind>archive</kind>
         <file>rtsv7M3_T_le_eabi.lib</file>
         <name>copy_zero_init.obj</name>
      </input_file>
      <input_file id="fl-165">
         <path>C:\ti\ccsv6\tools\compiler\ti-cgt-arm_5.2.7\lib\</path>
         <kind>archive</kind>
         <file>rtsv7M3_T_le_eabi.lib</file>
         <name>exit.obj</name>
      </input_file>
      <input_file id="fl-166">
         <path>C:\ti\ccsv6\tools\compiler\ti-cgt-arm_5.2.7\lib\</path>
         <kind>archive</kind>
         <file>rtsv7M3_T_le_eabi.lib</file>
         <name>exp2.obj</name>
      </input_file>
      <input_file id="fl-167">
         <path>C:\ti\ccsv6\tools\compiler\ti-cgt-arm_5.2.7\lib\</path>
         <kind>archive</kind>
         <file>rtsv7M3_T_le_eabi.lib</file>
         <name>fd_add_t2.obj</name>
      </input_file>
      <input_file id="fl-168">
         <path>C:\ti\ccsv6\tools\compiler\ti-cgt-arm_5.2.7\lib\</path>
         <kind>archive</kind>
         <file>rtsv7M3_T_le_eabi.lib</file>
         <name>fd_div_t2.obj</name>
      </input_file>
      <input_file id="fl-169">
         <path>C:\ti\ccsv6\tools\compiler\ti-cgt-arm_5.2.7\lib\</path>
         <kind>archive</kind>
         <file>rtsv7M3_T_le_eabi.lib</file>
         <name>fd_mul_t2.obj</name>
      </input_file>
      <input_file id="fl-16a">
         <path>C:\ti\ccsv6\tools\compiler\ti-cgt-arm_5.2.7\lib\</path>
         <kind>archive</kind>
         <file>rtsv7M3_T_le_eabi.lib</file>
         <name>fd_tos_t2.obj</name>
      </input_file>
      <input_file id="fl-16b">
         <path>C:\ti\ccsv6\tools\compiler\ti-cgt-arm_5.2.7\lib\</path>
         <kind>archive</kind>
         <file>rtsv7M3_T_le_eabi.lib</file>
         <name>fs_div_t2.obj</name>
      </input_file>
      <input_file id="fl-16c">
         <path>C:\ti\ccsv6\tools\compiler\ti-cgt-arm_5.2.7\lib\</path>
         <kind>archive</kind>
         <file>rtsv7M3_T_le_eabi.lib</file>
         <name>fs_mul_t2.obj</name>
      </input_file>
      <input_file id="fl-16d">
         <path>C:\ti\ccsv6\tools\compiler\ti-cgt-arm_5.2.7\lib\</path>
         <kind>archive</kind>
         <file>rtsv7M3_T_le_eabi.lib</file>
         <name>fs_toi_t2.obj</name>
      </input_file>
      <input_file id="fl-16e">
         <path>C:\ti\ccsv6\tools\compiler\ti-cgt-arm_5.2.7\lib\</path>
         <kind>archive</kind>
         <file>rtsv7M3_T_le_eabi.lib</file>
         <name>fs_tou_t2.obj</name>
      </input_file>
      <input_file id="fl-16f">
         <path>C:\ti\ccsv6\tools\compiler\ti-cgt-arm_5.2.7\lib\</path>
         <kind>archive</kind>
         <file>rtsv7M3_T_le_eabi.lib</file>
         <name>i_tofd_t2.obj</name>
      </input_file>
      <input_file id="fl-170">
         <path>C:\ti\ccsv6\tools\compiler\ti-cgt-arm_5.2.7\lib\</path>
         <kind>archive</kind>
         <file>rtsv7M3_T_le_eabi.lib</file>
         <name>i_tofs_t2.obj</name>
      </input_file>
      <input_file id="fl-171">
         <path>C:\ti\ccsv6\tools\compiler\ti-cgt-arm_5.2.7\lib\</path>
         <kind>archive</kind>
         <file>rtsv7M3_T_le_eabi.lib</file>
         <name>memcpy_t2.obj</name>
      </input_file>
      <input_file id="fl-172">
         <path>C:\ti\ccsv6\tools\compiler\ti-cgt-arm_5.2.7\lib\</path>
         <kind>archive</kind>
         <file>rtsv7M3_T_le_eabi.lib</file>
         <name>memset_t2.obj</name>
      </input_file>
      <input_file id="fl-173">
         <path>C:\ti\ccsv6\tools\compiler\ti-cgt-arm_5.2.7\lib\</path>
         <kind>archive</kind>
         <file>rtsv7M3_T_le_eabi.lib</file>
         <name>pre_init.obj</name>
      </input_file>
      <input_file id="fl-174">
         <path>C:\ti\ccsv6\tools\compiler\ti-cgt-arm_5.2.7\lib\</path>
         <kind>archive</kind>
         <file>rtsv7M3_T_le_eabi.lib</file>
         <name>stkdepth_vars.obj</name>
      </input_file>
      <input_file id="fl-175">
         <path>C:\ti\ccsv6\tools\compiler\ti-cgt-arm_5.2.7\lib\</path>
         <kind>archive</kind>
         <file>rtsv7M3_T_le_eabi.lib</file>
         <name>u_tofd_t2.obj</name>
      </input_file>
      <input_file id="fl-176">
         <path>C:\ti\ccsv6\tools\compiler\ti-cgt-arm_5.2.7\lib\</path>
         <kind>archive</kind>
         <file>rtsv7M3_T_le_eabi.lib</file>
         <name>u_tofs_t2.obj</name>
      </input_file>
      <input_file id="fl-177">
         <path>C:\ti\ccsv6\tools\compiler\ti-cgt-arm_5.2.7\lib\</path>
         <kind>archive</kind>
         <file>rtsv7M3_T_le_eabi.lib</file>
         <name>xexp.obj</name>
      </input_file>
      <input_file id="fl-178">
         <path>C:\ti\ccsv6\tools\compiler\ti-cgt-arm_5.2.7\lib\</path>
         <kind>archive</kind>
         <file>rtsv7M3_T_le_eabi.lib</file>
         <name>xferaise.obj</name>
      </input_file>
      <input_file id="fl-179">
         <path>C:\ti\ccsv6\tools\compiler\ti-cgt-arm_5.2.7\lib\</path>
         <kind>archive</kind>
         <file>rtsv7M3_T_le_eabi.lib</file>
         <name>xvalues.obj</name>
      </input_file>
      <input_file id="fl-17a">
         <path>C:\ti\ccsv6\tools\compiler\ti-cgt-arm_5.2.7\lib\</path>
         <kind>archive</kind>
         <file>rtsv7M3_T_le_eabi.lib</file>
         <name>_lock.obj</name>
      </input_file>
      <input_file id="fl-17b">
         <path>C:\ti\ccsv6\tools\compiler\ti-cgt-arm_5.2.7\lib\</path>
         <kind>archive</kind>
         <file>rtsv7M3_T_le_eabi.lib</file>
         <name>args_main.obj</name>
      </input_file>
      <input_file id="fl-17c">
         <path>C:\ti\ccsv6\tools\compiler\ti-cgt-arm_5.2.7\lib\</path>
         <kind>archive</kind>
         <file>rtsv7M3_T_le_eabi.lib</file>
         <name>autoinit.obj</name>
      </input_file>
      <input_file id="fl-17d">
         <path>C:\ti\ccsv6\tools\compiler\ti-cgt-arm_5.2.7\lib\</path>
         <kind>archive</kind>
         <file>rtsv7M3_T_le_eabi.lib</file>
         <name>cpy_tbl.obj</name>
      </input_file>
      <input_file id="fl-17e">
         <path>C:\ti\ccsv6\tools\compiler\ti-cgt-arm_5.2.7\lib\</path>
         <kind>archive</kind>
         <file>rtsv7M3_T_le_eabi.lib</file>
         <name>errno.obj</name>
      </input_file>
      <input_file id="fl-17f">
         <path>C:\ti\ccsv6\tools\compiler\ti-cgt-arm_5.2.7\lib\</path>
         <kind>archive</kind>
         <file>rtsv7M3_T_le_eabi.lib</file>
         <name>fd_cmp_t2.obj</name>
      </input_file>
      <input_file id="fl-180">
         <path>C:\ti\ccsv6\tools\compiler\ti-cgt-arm_5.2.7\lib\</path>
         <kind>archive</kind>
         <file>rtsv7M3_T_le_eabi.lib</file>
         <name>fd_toi_t2.obj</name>
      </input_file>
      <input_file id="fl-181">
         <path>C:\ti\ccsv6\tools\compiler\ti-cgt-arm_5.2.7\lib\</path>
         <kind>archive</kind>
         <file>rtsv7M3_T_le_eabi.lib</file>
         <name>feraiseexcept.obj</name>
      </input_file>
      <input_file id="fl-182">
         <path>C:\ti\ccsv6\tools\compiler\ti-cgt-arm_5.2.7\lib\</path>
         <kind>archive</kind>
         <file>rtsv7M3_T_le_eabi.lib</file>
         <name>raise.obj</name>
      </input_file>
      <input_file id="fl-183">
         <path>C:\ti\ccsv6\tools\compiler\ti-cgt-arm_5.2.7\lib\</path>
         <kind>archive</kind>
         <file>rtsv7M3_T_le_eabi.lib</file>
         <name>signal.obj</name>
      </input_file>
      <input_file id="fl-184">
         <path>C:\ti\ccsv6\tools\compiler\ti-cgt-arm_5.2.7\lib\</path>
         <kind>archive</kind>
         <file>rtsv7M3_T_le_eabi.lib</file>
         <name>xdscale.obj</name>
      </input_file>
      <input_file id="fl-185">
         <path>C:\ti\ccsv6\tools\compiler\ti-cgt-arm_5.2.7\lib\</path>
         <kind>archive</kind>
         <file>rtsv7M3_T_le_eabi.lib</file>
         <name>xdnorm.obj</name>
      </input_file>
   </input_file_list>
   <object_component_list>
      <object_component id="oc-18">
         <name>.intvecs</name>
         <load_address>0x0</load_address>
         <run_address>0x0</run_address>
         <size>0xc8</size>
         <input_file_ref idref="fl-11"/>
      </object_component>
      <object_component id="oc-4c">
         <name>.text</name>
         <load_address>0xc8</load_address>
         <run_address>0xc8</run_address>
         <size>0x90c</size>
         <input_file_ref idref="fl-31"/>
      </object_component>
      <object_component id="oc-a5">
         <name>.text</name>
         <load_address>0x9d4</load_address>
         <run_address>0x9d4</run_address>
         <size>0x668</size>
         <input_file_ref idref="fl-f"/>
      </object_component>
      <object_component id="oc-cc">
         <name>.text</name>
         <load_address>0x103c</load_address>
         <run_address>0x103c</run_address>
         <size>0x664</size>
         <input_file_ref idref="fl-34"/>
      </object_component>
      <object_component id="oc-37">
         <name>.text</name>
         <load_address>0x16a0</load_address>
         <run_address>0x16a0</run_address>
         <size>0x65c</size>
         <input_file_ref idref="fl-4"/>
      </object_component>
      <object_component id="oc-93">
         <name>.text</name>
         <load_address>0x1cfc</load_address>
         <run_address>0x1cfc</run_address>
         <size>0x41c</size>
         <input_file_ref idref="fl-a"/>
      </object_component>
      <object_component id="oc-9f">
         <name>.text</name>
         <load_address>0x2118</load_address>
         <run_address>0x2118</run_address>
         <size>0x2b4</size>
         <input_file_ref idref="fl-8"/>
      </object_component>
      <object_component id="oc-15b">
         <name>.text</name>
         <load_address>0x23cc</load_address>
         <run_address>0x23cc</run_address>
         <size>0x288</size>
         <input_file_ref idref="fl-10"/>
      </object_component>
      <object_component id="oc-1a3">
         <name>.text</name>
         <load_address>0x2654</load_address>
         <run_address>0x2654</run_address>
         <size>0x288</size>
         <input_file_ref idref="fl-2e"/>
      </object_component>
      <object_component id="oc-af">
         <name>.text</name>
         <load_address>0x28dc</load_address>
         <run_address>0x28dc</run_address>
         <size>0x280</size>
         <input_file_ref idref="fl-2c"/>
      </object_component>
      <object_component id="oc-87">
         <name>.text</name>
         <load_address>0x2b5c</load_address>
         <run_address>0x2b5c</run_address>
         <size>0x23c</size>
         <input_file_ref idref="fl-e"/>
      </object_component>
      <object_component id="oc-fb">
         <name>.text</name>
         <load_address>0x2d98</load_address>
         <run_address>0x2d98</run_address>
         <size>0x224</size>
         <input_file_ref idref="fl-21"/>
      </object_component>
      <object_component id="oc-1fd">
         <name>.text</name>
         <load_address>0x2fbc</load_address>
         <run_address>0x2fbc</run_address>
         <size>0x1fc</size>
         <input_file_ref idref="fl-177"/>
      </object_component>
      <object_component id="oc-3d">
         <name>.text</name>
         <load_address>0x31b8</load_address>
         <run_address>0x31b8</run_address>
         <size>0x1ec</size>
         <input_file_ref idref="fl-5"/>
      </object_component>
      <object_component id="oc-260">
         <name>.text</name>
         <load_address>0x33a4</load_address>
         <run_address>0x33a4</run_address>
         <size>0x1b6</size>
         <input_file_ref idref="fl-167"/>
      </object_component>
      <object_component id="oc-80">
         <name>.text</name>
         <load_address>0x355c</load_address>
         <run_address>0x355c</run_address>
         <size>0x1b0</size>
         <input_file_ref idref="fl-7"/>
      </object_component>
      <object_component id="oc-f5">
         <name>.text</name>
         <load_address>0x370c</load_address>
         <run_address>0x370c</run_address>
         <size>0x19c</size>
         <input_file_ref idref="fl-1e"/>
      </object_component>
      <object_component id="oc-43">
         <name>.text</name>
         <load_address>0x38a8</load_address>
         <run_address>0x38a8</run_address>
         <size>0x194</size>
         <input_file_ref idref="fl-6"/>
      </object_component>
      <object_component id="oc-99">
         <name>.text</name>
         <load_address>0x3a3c</load_address>
         <run_address>0x3a3c</run_address>
         <size>0x16c</size>
         <input_file_ref idref="fl-c"/>
      </object_component>
      <object_component id="oc-26f">
         <name>.text</name>
         <load_address>0x3ba8</load_address>
         <run_address>0x3ba8</run_address>
         <size>0x136</size>
         <input_file_ref idref="fl-168"/>
      </object_component>
      <object_component id="oc-8d">
         <name>.text</name>
         <load_address>0x3ce0</load_address>
         <run_address>0x3ce0</run_address>
         <size>0x114</size>
         <input_file_ref idref="fl-3"/>
      </object_component>
      <object_component id="oc-274">
         <name>.text</name>
         <load_address>0x3df4</load_address>
         <run_address>0x3df4</run_address>
         <size>0x110</size>
         <input_file_ref idref="fl-184"/>
      </object_component>
      <object_component id="oc-138">
         <name>.text</name>
         <load_address>0x3f04</load_address>
         <run_address>0x3f04</run_address>
         <size>0x100</size>
         <input_file_ref idref="fl-3a"/>
      </object_component>
      <object_component id="oc-177">
         <name>.text</name>
         <load_address>0x4004</load_address>
         <run_address>0x4004</run_address>
         <size>0xfc</size>
         <input_file_ref idref="fl-169"/>
      </object_component>
      <object_component id="oc-29e">
         <name>.text</name>
         <load_address>0x4100</load_address>
         <run_address>0x4100</run_address>
         <size>0xbe</size>
         <input_file_ref idref="fl-185"/>
      </object_component>
      <object_component id="oc-13f">
         <name>.text</name>
         <load_address>0x41c0</load_address>
         <run_address>0x41c0</run_address>
         <size>0xb8</size>
         <input_file_ref idref="fl-d"/>
      </object_component>
      <object_component id="oc-171">
         <name>.text</name>
         <load_address>0x4278</load_address>
         <run_address>0x4278</run_address>
         <size>0xac</size>
         <input_file_ref idref="fl-166"/>
      </object_component>
      <object_component id="oc-58">
         <name>.text</name>
         <load_address>0x4324</load_address>
         <run_address>0x4324</run_address>
         <size>0x9c</size>
         <input_file_ref idref="fl-171"/>
      </object_component>
      <object_component id="oc-bb">
         <name>.text</name>
         <load_address>0x43c0</load_address>
         <run_address>0x43c0</run_address>
         <size>0x92</size>
         <input_file_ref idref="fl-16b"/>
      </object_component>
      <object_component id="oc-25b">
         <name>.text:__aeabi_cdcmple</name>
         <load_address>0x4452</load_address>
         <run_address>0x4452</run_address>
         <size>0x86</size>
         <input_file_ref idref="fl-17f"/>
      </object_component>
      <object_component id="oc-14a">
         <name>.text</name>
         <load_address>0x44d8</load_address>
         <run_address>0x44d8</run_address>
         <size>0x7a</size>
         <input_file_ref idref="fl-16c"/>
      </object_component>
      <object_component id="oc-71">
         <name>.text</name>
         <load_address>0x4552</load_address>
         <run_address>0x4552</run_address>
         <size>0x7a</size>
         <input_file_ref idref="fl-172"/>
      </object_component>
      <object_component id="oc-17c">
         <name>.text</name>
         <load_address>0x45cc</load_address>
         <run_address>0x45cc</run_address>
         <size>0x6e</size>
         <input_file_ref idref="fl-16a"/>
      </object_component>
      <object_component id="oc-108">
         <name>.text</name>
         <load_address>0x463c</load_address>
         <run_address>0x463c</run_address>
         <size>0x6c</size>
         <input_file_ref idref="fl-17c"/>
      </object_component>
      <object_component id="oc-64">
         <name>.text</name>
         <load_address>0x46a8</load_address>
         <run_address>0x46a8</run_address>
         <size>0x6a</size>
         <input_file_ref idref="fl-163"/>
      </object_component>
      <object_component id="oc-1b">
         <name>.text</name>
         <load_address>0x4712</load_address>
         <run_address>0x4712</run_address>
         <size>0x5e</size>
         <input_file_ref idref="fl-11"/>
      </object_component>
      <object_component id="oc-e7">
         <name>.text</name>
         <load_address>0x4770</load_address>
         <run_address>0x4770</run_address>
         <size>0x5c</size>
         <input_file_ref idref="fl-16"/>
      </object_component>
      <object_component id="oc-1d6">
         <name>.text</name>
         <load_address>0x47cc</load_address>
         <run_address>0x47cc</run_address>
         <size>0x4c</size>
         <input_file_ref idref="fl-17d"/>
      </object_component>
      <object_component id="oc-265">
         <name>.text</name>
         <load_address>0x4818</load_address>
         <run_address>0x4818</run_address>
         <size>0x48</size>
         <input_file_ref idref="fl-180"/>
      </object_component>
      <object_component id="oc-195">
         <name>.text</name>
         <load_address>0x4860</load_address>
         <run_address>0x4860</run_address>
         <size>0x44</size>
         <input_file_ref idref="fl-13"/>
      </object_component>
      <object_component id="oc-114">
         <name>.text</name>
         <load_address>0x48a4</load_address>
         <run_address>0x48a4</run_address>
         <size>0x44</size>
         <input_file_ref idref="fl-165"/>
      </object_component>
      <object_component id="oc-2c1">
         <name>.text</name>
         <load_address>0x48e8</load_address>
         <run_address>0x48e8</run_address>
         <size>0x40</size>
         <input_file_ref idref="fl-183"/>
      </object_component>
      <object_component id="oc-52">
         <name>.text</name>
         <load_address>0x4928</load_address>
         <run_address>0x4928</run_address>
         <size>0x3c</size>
         <input_file_ref idref="fl-161"/>
      </object_component>
      <object_component id="oc-14f">
         <name>.text</name>
         <load_address>0x4964</load_address>
         <run_address>0x4964</run_address>
         <size>0x38</size>
         <input_file_ref idref="fl-16d"/>
      </object_component>
      <object_component id="oc-145">
         <name>.text</name>
         <load_address>0x499c</load_address>
         <run_address>0x499c</run_address>
         <size>0x38</size>
         <input_file_ref idref="fl-170"/>
      </object_component>
      <object_component id="oc-283">
         <name>.text</name>
         <load_address>0x49d4</load_address>
         <run_address>0x49d4</run_address>
         <size>0x34</size>
         <input_file_ref idref="fl-181"/>
      </object_component>
      <object_component id="oc-c0">
         <name>.text</name>
         <load_address>0x4a08</load_address>
         <run_address>0x4a08</run_address>
         <size>0x34</size>
         <input_file_ref idref="fl-16e"/>
      </object_component>
      <object_component id="oc-203">
         <name>.text</name>
         <load_address>0x4a3c</load_address>
         <run_address>0x4a3c</run_address>
         <size>0x30</size>
         <input_file_ref idref="fl-178"/>
      </object_component>
      <object_component id="oc-26a">
         <name>.text</name>
         <load_address>0x4a6c</load_address>
         <run_address>0x4a6c</run_address>
         <size>0x2e</size>
         <input_file_ref idref="fl-16f"/>
      </object_component>
      <object_component id="oc-2b1">
         <name>.text</name>
         <load_address>0x4a9a</load_address>
         <run_address>0x4a9a</run_address>
         <size>0x2e</size>
         <input_file_ref idref="fl-182"/>
      </object_component>
      <object_component id="oc-c5">
         <name>.text</name>
         <load_address>0x4ac8</load_address>
         <run_address>0x4ac8</run_address>
         <size>0x2c</size>
         <input_file_ref idref="fl-1f"/>
      </object_component>
      <object_component id="oc-b6">
         <name>.text</name>
         <load_address>0x4af4</load_address>
         <run_address>0x4af4</run_address>
         <size>0x24</size>
         <input_file_ref idref="fl-176"/>
      </object_component>
      <object_component id="oc-16c">
         <name>.text</name>
         <load_address>0x4b18</load_address>
         <run_address>0x4b18</run_address>
         <size>0x20</size>
         <input_file_ref idref="fl-175"/>
      </object_component>
      <object_component id="oc-10e">
         <name>.text</name>
         <load_address>0x4b38</load_address>
         <run_address>0x4b38</run_address>
         <size>0x18</size>
         <input_file_ref idref="fl-17b"/>
      </object_component>
      <object_component id="oc-247">
         <name>.text</name>
         <load_address>0x4b50</load_address>
         <run_address>0x4b50</run_address>
         <size>0x14</size>
         <input_file_ref idref="fl-17a"/>
      </object_component>
      <object_component id="oc-21">
         <name>.text:decompress:none</name>
         <load_address>0x4b64</load_address>
         <run_address>0x4b64</run_address>
         <size>0xe</size>
         <input_file_ref idref="fl-162"/>
      </object_component>
      <object_component id="oc-2d">
         <name>.text:decompress:ZI</name>
         <load_address>0x4b72</load_address>
         <run_address>0x4b72</run_address>
         <size>0xc</size>
         <input_file_ref idref="fl-164"/>
      </object_component>
      <object_component id="oc-86">
         <name>.text:NOROM_CPUdelay</name>
         <load_address>0x4b7e</load_address>
         <run_address>0x4b7e</run_address>
         <size>0x6</size>
         <input_file_ref idref="fl-1f"/>
      </object_component>
      <object_component id="oc-27">
         <name>.text:decompress:rle24</name>
         <load_address>0x4b84</load_address>
         <run_address>0x4b84</run_address>
         <size>0x6</size>
         <input_file_ref idref="fl-163"/>
      </object_component>
      <object_component id="oc-102">
         <name>.text</name>
         <load_address>0x4b8a</load_address>
         <run_address>0x4b8a</run_address>
         <size>0x4</size>
         <input_file_ref idref="fl-173"/>
      </object_component>
      <object_component id="oc-e0">
         <name>.const:patchImage</name>
         <load_address>0x4b90</load_address>
         <run_address>0x4b90</run_address>
         <size>0x68</size>
         <input_file_ref idref="fl-5"/>
      </object_component>
      <object_component id="oc-27d">
         <name>.const</name>
         <load_address>0x4bf8</load_address>
         <run_address>0x4bf8</run_address>
         <size>0x48</size>
         <input_file_ref idref="fl-177"/>
      </object_component>
      <object_component id="oc-1a9">
         <name>.const:g_pui32ModuleCG</name>
         <load_address>0x4c40</load_address>
         <run_address>0x4c40</run_address>
         <size>0x34</size>
         <input_file_ref idref="fl-34"/>
      </object_component>
      <object_component id="oc-162">
         <name>.const:.string</name>
         <load_address>0x4c74</load_address>
         <run_address>0x4c74</run_address>
         <size>0x6</size>
         <input_file_ref idref="fl-a"/>
      </object_component>
      <object_component id="oc-312">
         <name>.cinit..data.load</name>
         <load_address>0x4c88</load_address>
         <run_address>0x4c88</run_address>
         <size>0xd4</size>
      </object_component>
      <object_component id="oc-310">
         <name>__TI_handler_table</name>
         <load_address>0x4d5c</load_address>
         <run_address>0x4d5c</run_address>
         <size>0xc</size>
      </object_component>
      <object_component id="oc-313">
         <name>.cinit..bss.load</name>
         <load_address>0x4d68</load_address>
         <run_address>0x4d68</run_address>
         <size>0x8</size>
      </object_component>
      <object_component id="oc-311">
         <name>__TI_cinit_table</name>
         <load_address>0x4d70</load_address>
         <run_address>0x4d70</run_address>
         <size>0x10</size>
      </object_component>
      <object_component id="oc-33">
         <name>.ccfg:retain</name>
         <load_address>0x1ffa8</load_address>
         <run_address>0x1ffa8</run_address>
         <size>0x58</size>
         <input_file_ref idref="fl-2"/>
      </object_component>
      <object_component id="oc-36">
         <name>.stack</name>
         <uninitialized>true</uninitialized>
         <run_address>0x20004f00</run_address>
         <size>0x0</size>
         <input_file_ref idref="fl-161"/>
      </object_component>
      <object_component id="oc-314">
         <name>.stack</name>
         <uninitialized>true</uninitialized>
         <run_address>0x20004f00</run_address>
         <size>0x0</size>
      </object_component>
      <object_component id="oc-ab">
         <name>.common:time1</name>
         <uninitialized>true</uninitialized>
         <run_address>0x200002b0</run_address>
         <size>0x4</size>
      </object_component>
      <object_component id="oc-ae">
         <name>.common:time2</name>
         <uninitialized>true</uninitialized>
         <run_address>0x200002b4</run_address>
         <size>0x4</size>
      </object_component>
      <object_component id="oc-cb">
         <name>.common:timeDiff</name>
         <uninitialized>true</uninitialized>
         <run_address>0x200002b8</run_address>
         <size>0x4</size>
      </object_component>
      <object_component id="oc-b5">
         <name>.common:meas_done</name>
         <uninitialized>true</uninitialized>
         <run_address>0x200002be</run_address>
         <size>0x1</size>
      </object_component>
      <object_component id="oc-e3">
         <name>.common:devAddress</name>
         <uninitialized>true</uninitialized>
         <run_address>0x20000290</run_address>
         <size>0x8</size>
      </object_component>
      <object_component id="oc-186">
         <name>.common:calibration_data</name>
         <uninitialized>true</uninitialized>
         <run_address>0x20000260</run_address>
         <size>0x18</size>
      </object_component>
      <object_component id="oc-18c">
         <name>.common:sensor_value</name>
         <uninitialized>true</uninitialized>
         <run_address>0x200002a0</run_address>
         <size>0x8</size>
      </object_component>
      <object_component id="oc-1ec">
         <name>.common:buffer</name>
         <uninitialized>true</uninitialized>
         <run_address>0x20000240</run_address>
         <size>0x20</size>
      </object_component>
      <object_component id="oc-157">
         <name>.common:buf</name>
         <uninitialized>true</uninitialized>
         <run_address>0x200002a8</run_address>
         <size>0x4</size>
      </object_component>
      <object_component id="oc-154">
         <name>.common:val</name>
         <uninitialized>true</uninitialized>
         <run_address>0x200002bc</run_address>
         <size>0x2</size>
      </object_component>
      <object_component id="oc-158">
         <name>.common:obj_temp_latched</name>
         <uninitialized>true</uninitialized>
         <run_address>0x200002ac</run_address>
         <size>0x4</size>
      </object_component>
      <object_component id="oc-159">
         <name>.common:amb_temp_latched</name>
         <uninitialized>true</uninitialized>
         <run_address>0x2000028c</run_address>
         <size>0x4</size>
      </object_component>
      <object_component id="oc-19b">
         <name>.common:oscHfGlobals</name>
         <uninitialized>true</uninitialized>
         <run_address>0x20000278</run_address>
         <size>0x14</size>
      </object_component>
      <object_component id="oc-1ac">
         <name>.common:powerQualGlobals</name>
         <uninitialized>true</uninitialized>
         <run_address>0x20000298</run_address>
         <size>0x8</size>
      </object_component>
      <object_component id="oc-1b0">
         <name>.data:bleDifferentialOverrides</name>
         <load_address>0x200001e0</load_address>
         <run_address>0x200001e0</run_address>
         <size>0x30</size>
         <input_file_ref idref="fl-5"/>
      </object_component>
      <object_component id="oc-d2">
         <name>.data</name>
         <load_address>0x20000000</load_address>
         <run_address>0x20000000</run_address>
         <size>0xb0</size>
         <input_file_ref idref="fl-5"/>
      </object_component>
      <object_component id="oc-189">
         <name>.data</name>
         <load_address>0x20000228</load_address>
         <run_address>0x20000228</run_address>
         <size>0x4</size>
         <input_file_ref idref="fl-8"/>
      </object_component>
      <object_component id="oc-181">
         <name>.data</name>
         <load_address>0x2000022c</load_address>
         <run_address>0x2000022c</run_address>
         <size>0x4</size>
         <input_file_ref idref="fl-c"/>
      </object_component>
      <object_component id="oc-18e">
         <name>.data</name>
         <load_address>0x20000238</load_address>
         <run_address>0x20000238</run_address>
         <size>0x2</size>
         <input_file_ref idref="fl-f"/>
      </object_component>
      <object_component id="oc-1e3">
         <name>.data</name>
         <load_address>0x20000218</load_address>
         <run_address>0x20000218</run_address>
         <size>0x8</size>
         <input_file_ref idref="fl-165"/>
      </object_component>
      <object_component id="oc-11a">
         <name>.data</name>
         <load_address>0x20000234</load_address>
         <run_address>0x20000234</run_address>
         <size>0x4</size>
         <input_file_ref idref="fl-174"/>
      </object_component>
      <object_component id="oc-27a">
         <name>.data</name>
         <load_address>0x20000160</load_address>
         <run_address>0x20000160</run_address>
         <size>0x80</size>
         <input_file_ref idref="fl-179"/>
      </object_component>
      <object_component id="oc-1e0">
         <name>.data</name>
         <load_address>0x20000210</load_address>
         <run_address>0x20000210</run_address>
         <size>0x8</size>
         <input_file_ref idref="fl-17a"/>
      </object_component>
      <object_component id="oc-289">
         <name>.data</name>
         <load_address>0x20000230</load_address>
         <run_address>0x20000230</run_address>
         <size>0x4</size>
         <input_file_ref idref="fl-17e"/>
      </object_component>
      <object_component id="oc-2b7">
         <name>.data</name>
         <load_address>0x20000220</load_address>
         <run_address>0x20000220</run_address>
         <size>0x8</size>
         <input_file_ref idref="fl-181"/>
      </object_component>
      <object_component id="oc-2d4">
         <name>.data:sigtable</name>
         <load_address>0x200000b0</load_address>
         <run_address>0x200000b0</run_address>
         <size>0xb0</size>
         <input_file_ref idref="fl-183"/>
      </object_component>
      <object_component id="oc-7f">
         <name>.debug_info</name>
         <load_address>0x0</load_address>
         <run_address>0x0</run_address>
         <size>0xf8</size>
         <input_file_ref idref="fl-2"/>
      </object_component>
      <object_component id="oc-34">
         <name>.debug_info</name>
         <load_address>0xf8</load_address>
         <run_address>0xf8</run_address>
         <size>0xf3</size>
         <input_file_ref idref="fl-2"/>
      </object_component>
      <object_component id="oc-133">
         <name>.debug_info</name>
         <load_address>0x1eb</load_address>
         <run_address>0x1eb</run_address>
         <size>0x1ee</size>
         <input_file_ref idref="fl-2"/>
      </object_component>
      <object_component id="oc-f0">
         <name>.debug_info</name>
         <load_address>0x3d9</load_address>
         <run_address>0x3d9</run_address>
         <size>0x84</size>
         <input_file_ref idref="fl-2"/>
      </object_component>
      <object_component id="oc-d6">
         <name>.debug_info</name>
         <load_address>0x45d</load_address>
         <run_address>0x45d</run_address>
         <size>0x18b</size>
         <input_file_ref idref="fl-2"/>
      </object_component>
      <object_component id="oc-1fb">
         <name>.debug_info</name>
         <load_address>0x5e8</load_address>
         <run_address>0x5e8</run_address>
         <size>0x2fe</size>
         <input_file_ref idref="fl-3"/>
      </object_component>
      <object_component id="oc-8e">
         <name>.debug_info</name>
         <load_address>0x8e6</load_address>
         <run_address>0x8e6</run_address>
         <size>0x5d2</size>
         <input_file_ref idref="fl-3"/>
      </object_component>
      <object_component id="oc-1cf">
         <name>.debug_info</name>
         <load_address>0xeb8</load_address>
         <run_address>0xeb8</run_address>
         <size>0x125</size>
         <input_file_ref idref="fl-3"/>
      </object_component>
      <object_component id="oc-167">
         <name>.debug_info</name>
         <load_address>0xfdd</load_address>
         <run_address>0xfdd</run_address>
         <size>0x110</size>
         <input_file_ref idref="fl-3"/>
      </object_component>
      <object_component id="oc-db">
         <name>.debug_info</name>
         <load_address>0x10ed</load_address>
         <run_address>0x10ed</run_address>
         <size>0x8b</size>
         <input_file_ref idref="fl-3"/>
      </object_component>
      <object_component id="oc-ac">
         <name>.debug_info</name>
         <load_address>0x1178</load_address>
         <run_address>0x1178</run_address>
         <size>0xbe5</size>
         <input_file_ref idref="fl-4"/>
      </object_component>
      <object_component id="oc-38">
         <name>.debug_info</name>
         <load_address>0x1d5d</load_address>
         <run_address>0x1d5d</run_address>
         <size>0x14e8</size>
         <input_file_ref idref="fl-4"/>
      </object_component>
      <object_component id="oc-e4">
         <name>.debug_info</name>
         <load_address>0x3245</load_address>
         <run_address>0x3245</run_address>
         <size>0x240</size>
         <input_file_ref idref="fl-5"/>
      </object_component>
      <object_component id="oc-e1">
         <name>.debug_info</name>
         <load_address>0x3485</load_address>
         <run_address>0x3485</run_address>
         <size>0xfa</size>
         <input_file_ref idref="fl-5"/>
      </object_component>
      <object_component id="oc-1b1">
         <name>.debug_info</name>
         <load_address>0x357f</load_address>
         <run_address>0x357f</run_address>
         <size>0x117</size>
         <input_file_ref idref="fl-5"/>
      </object_component>
      <object_component id="oc-d3">
         <name>.debug_info</name>
         <load_address>0x3696</load_address>
         <run_address>0x3696</run_address>
         <size>0x25b</size>
         <input_file_ref idref="fl-5"/>
      </object_component>
      <object_component id="oc-3e">
         <name>.debug_info</name>
         <load_address>0x38f1</load_address>
         <run_address>0x38f1</run_address>
         <size>0x8e6</size>
         <input_file_ref idref="fl-5"/>
      </object_component>
      <object_component id="oc-1c3">
         <name>.debug_info</name>
         <load_address>0x41d7</load_address>
         <run_address>0x41d7</run_address>
         <size>0x6b</size>
         <input_file_ref idref="fl-5"/>
      </object_component>
      <object_component id="oc-1b5">
         <name>.debug_info</name>
         <load_address>0x4242</load_address>
         <run_address>0x4242</run_address>
         <size>0x2f7c</size>
         <input_file_ref idref="fl-5"/>
      </object_component>
      <object_component id="oc-1ba">
         <name>.debug_info</name>
         <load_address>0x71be</load_address>
         <run_address>0x71be</run_address>
         <size>0x3ce0</size>
         <input_file_ref idref="fl-5"/>
      </object_component>
      <object_component id="oc-129">
         <name>.debug_info</name>
         <load_address>0xae9e</load_address>
         <run_address>0xae9e</run_address>
         <size>0x2c</size>
         <input_file_ref idref="fl-5"/>
      </object_component>
      <object_component id="oc-44">
         <name>.debug_info</name>
         <load_address>0xaeca</load_address>
         <run_address>0xaeca</run_address>
         <size>0x9f3</size>
         <input_file_ref idref="fl-6"/>
      </object_component>
      <object_component id="oc-81">
         <name>.debug_info</name>
         <load_address>0xb8bd</load_address>
         <run_address>0xb8bd</run_address>
         <size>0xb31</size>
         <input_file_ref idref="fl-7"/>
      </object_component>
      <object_component id="oc-187">
         <name>.debug_info</name>
         <load_address>0xc3ee</load_address>
         <run_address>0xc3ee</run_address>
         <size>0x3a6</size>
         <input_file_ref idref="fl-8"/>
      </object_component>
      <object_component id="oc-18a">
         <name>.debug_info</name>
         <load_address>0xc794</load_address>
         <run_address>0xc794</run_address>
         <size>0x105</size>
         <input_file_ref idref="fl-8"/>
      </object_component>
      <object_component id="oc-a0">
         <name>.debug_info</name>
         <load_address>0xc899</load_address>
         <run_address>0xc899</run_address>
         <size>0x79c</size>
         <input_file_ref idref="fl-8"/>
      </object_component>
      <object_component id="oc-212">
         <name>.debug_info</name>
         <load_address>0xd035</load_address>
         <run_address>0xd035</run_address>
         <size>0x14c</size>
         <input_file_ref idref="fl-8"/>
      </object_component>
      <object_component id="oc-166">
         <name>.debug_info</name>
         <load_address>0xd181</load_address>
         <run_address>0xd181</run_address>
         <size>0x316</size>
         <input_file_ref idref="fl-a"/>
      </object_component>
      <object_component id="oc-163">
         <name>.debug_info</name>
         <load_address>0xd497</load_address>
         <run_address>0xd497</run_address>
         <size>0x13c</size>
         <input_file_ref idref="fl-a"/>
      </object_component>
      <object_component id="oc-94">
         <name>.debug_info</name>
         <load_address>0xd5d3</load_address>
         <run_address>0xd5d3</run_address>
         <size>0xeb4</size>
         <input_file_ref idref="fl-a"/>
      </object_component>
      <object_component id="oc-185">
         <name>.debug_info</name>
         <load_address>0xe487</load_address>
         <run_address>0xe487</run_address>
         <size>0x328</size>
         <input_file_ref idref="fl-c"/>
      </object_component>
      <object_component id="oc-182">
         <name>.debug_info</name>
         <load_address>0xe7af</load_address>
         <run_address>0xe7af</run_address>
         <size>0x102</size>
         <input_file_ref idref="fl-c"/>
      </object_component>
      <object_component id="oc-9a">
         <name>.debug_info</name>
         <load_address>0xe8b1</load_address>
         <run_address>0xe8b1</run_address>
         <size>0x6f7</size>
         <input_file_ref idref="fl-c"/>
      </object_component>
      <object_component id="oc-1ed">
         <name>.debug_info</name>
         <load_address>0xefa8</load_address>
         <run_address>0xefa8</run_address>
         <size>0x1a8</size>
         <input_file_ref idref="fl-d"/>
      </object_component>
      <object_component id="oc-140">
         <name>.debug_info</name>
         <load_address>0xf150</load_address>
         <run_address>0xf150</run_address>
         <size>0x3d0</size>
         <input_file_ref idref="fl-d"/>
      </object_component>
      <object_component id="oc-155">
         <name>.debug_info</name>
         <load_address>0xf520</load_address>
         <run_address>0xf520</run_address>
         <size>0x3ad</size>
         <input_file_ref idref="fl-e"/>
      </object_component>
      <object_component id="oc-88">
         <name>.debug_info</name>
         <load_address>0xf8cd</load_address>
         <run_address>0xf8cd</run_address>
         <size>0x786</size>
         <input_file_ref idref="fl-e"/>
      </object_component>
      <object_component id="oc-192">
         <name>.debug_info</name>
         <load_address>0x10053</load_address>
         <run_address>0x10053</run_address>
         <size>0x1db</size>
         <input_file_ref idref="fl-f"/>
      </object_component>
      <object_component id="oc-18f">
         <name>.debug_info</name>
         <load_address>0x1022e</load_address>
         <run_address>0x1022e</run_address>
         <size>0x12b</size>
         <input_file_ref idref="fl-f"/>
      </object_component>
      <object_component id="oc-a6">
         <name>.debug_info</name>
         <load_address>0x10359</load_address>
         <run_address>0x10359</run_address>
         <size>0x1d67</size>
         <input_file_ref idref="fl-f"/>
      </object_component>
      <object_component id="oc-1f6">
         <name>.debug_info</name>
         <load_address>0x120c0</load_address>
         <run_address>0x120c0</run_address>
         <size>0x1dd</size>
         <input_file_ref idref="fl-10"/>
      </object_component>
      <object_component id="oc-15c">
         <name>.debug_info</name>
         <load_address>0x1229d</load_address>
         <run_address>0x1229d</run_address>
         <size>0xf2d</size>
         <input_file_ref idref="fl-10"/>
      </object_component>
      <object_component id="oc-4b">
         <name>.debug_info</name>
         <load_address>0x131ca</load_address>
         <run_address>0x131ca</run_address>
         <size>0x21a</size>
         <input_file_ref idref="fl-11"/>
      </object_component>
      <object_component id="oc-19">
         <name>.debug_info</name>
         <load_address>0x133e4</load_address>
         <run_address>0x133e4</run_address>
         <size>0x12c</size>
         <input_file_ref idref="fl-11"/>
      </object_component>
      <object_component id="oc-1c">
         <name>.debug_info</name>
         <load_address>0x13510</load_address>
         <run_address>0x13510</run_address>
         <size>0x1b2a</size>
         <input_file_ref idref="fl-11"/>
      </object_component>
      <object_component id="oc-196">
         <name>.debug_info</name>
         <load_address>0x1503a</load_address>
         <run_address>0x1503a</run_address>
         <size>0x22b</size>
         <input_file_ref idref="fl-13"/>
      </object_component>
      <object_component id="oc-231">
         <name>.debug_info</name>
         <load_address>0x15265</load_address>
         <run_address>0x15265</run_address>
         <size>0x1d0</size>
         <input_file_ref idref="fl-16"/>
      </object_component>
      <object_component id="oc-e8">
         <name>.debug_info</name>
         <load_address>0x15435</load_address>
         <run_address>0x15435</run_address>
         <size>0x355</size>
         <input_file_ref idref="fl-16"/>
      </object_component>
      <object_component id="oc-1c9">
         <name>.debug_info</name>
         <load_address>0x1578a</load_address>
         <run_address>0x1578a</run_address>
         <size>0x5e</size>
         <input_file_ref idref="fl-16"/>
      </object_component>
      <object_component id="oc-f6">
         <name>.debug_info</name>
         <load_address>0x157e8</load_address>
         <run_address>0x157e8</run_address>
         <size>0xbf8</size>
         <input_file_ref idref="fl-1e"/>
      </object_component>
      <object_component id="oc-c6">
         <name>.debug_info</name>
         <load_address>0x163e0</load_address>
         <run_address>0x163e0</run_address>
         <size>0x36d</size>
         <input_file_ref idref="fl-1f"/>
      </object_component>
      <object_component id="oc-fc">
         <name>.debug_info</name>
         <load_address>0x1674d</load_address>
         <run_address>0x1674d</run_address>
         <size>0xbe7</size>
         <input_file_ref idref="fl-21"/>
      </object_component>
      <object_component id="oc-19c">
         <name>.debug_info</name>
         <load_address>0x17334</load_address>
         <run_address>0x17334</run_address>
         <size>0x324</size>
         <input_file_ref idref="fl-2c"/>
      </object_component>
      <object_component id="oc-b0">
         <name>.debug_info</name>
         <load_address>0x17658</load_address>
         <run_address>0x17658</run_address>
         <size>0xfca</size>
         <input_file_ref idref="fl-2c"/>
      </object_component>
      <object_component id="oc-220">
         <name>.debug_info</name>
         <load_address>0x18622</load_address>
         <run_address>0x18622</run_address>
         <size>0xa8</size>
         <input_file_ref idref="fl-2c"/>
      </object_component>
      <object_component id="oc-1a4">
         <name>.debug_info</name>
         <load_address>0x186ca</load_address>
         <run_address>0x186ca</run_address>
         <size>0x18ba</size>
         <input_file_ref idref="fl-2e"/>
      </object_component>
      <object_component id="oc-4d">
         <name>.debug_info</name>
         <load_address>0x19f84</load_address>
         <run_address>0x19f84</run_address>
         <size>0x24db</size>
         <input_file_ref idref="fl-31"/>
      </object_component>
      <object_component id="oc-1ad">
         <name>.debug_info</name>
         <load_address>0x1c45f</load_address>
         <run_address>0x1c45f</run_address>
         <size>0x395</size>
         <input_file_ref idref="fl-34"/>
      </object_component>
      <object_component id="oc-1aa">
         <name>.debug_info</name>
         <load_address>0x1c7f4</load_address>
         <run_address>0x1c7f4</run_address>
         <size>0x12a</size>
         <input_file_ref idref="fl-34"/>
      </object_component>
      <object_component id="oc-cd">
         <name>.debug_info</name>
         <load_address>0x1c91e</load_address>
         <run_address>0x1c91e</run_address>
         <size>0x1879</size>
         <input_file_ref idref="fl-34"/>
      </object_component>
      <object_component id="oc-22a">
         <name>.debug_info</name>
         <load_address>0x1e197</load_address>
         <run_address>0x1e197</run_address>
         <size>0x94</size>
         <input_file_ref idref="fl-34"/>
      </object_component>
      <object_component id="oc-139">
         <name>.debug_info</name>
         <load_address>0x1e22b</load_address>
         <run_address>0x1e22b</run_address>
         <size>0x613</size>
         <input_file_ref idref="fl-3a"/>
      </object_component>
      <object_component id="oc-55">
         <name>.debug_info</name>
         <load_address>0x1e83e</load_address>
         <run_address>0x1e83e</run_address>
         <size>0x169</size>
         <input_file_ref idref="fl-161"/>
      </object_component>
      <object_component id="oc-63">
         <name>.debug_info</name>
         <load_address>0x1e9a7</load_address>
         <run_address>0x1e9a7</run_address>
         <size>0x156</size>
         <input_file_ref idref="fl-162"/>
      </object_component>
      <object_component id="oc-25">
         <name>.debug_info</name>
         <load_address>0x1eafd</load_address>
         <run_address>0x1eafd</run_address>
         <size>0x1f5</size>
         <input_file_ref idref="fl-162"/>
      </object_component>
      <object_component id="oc-5e">
         <name>.debug_info</name>
         <load_address>0x1ecf2</load_address>
         <run_address>0x1ecf2</run_address>
         <size>0x46</size>
         <input_file_ref idref="fl-162"/>
      </object_component>
      <object_component id="oc-11f">
         <name>.debug_info</name>
         <load_address>0x1ed38</load_address>
         <run_address>0x1ed38</run_address>
         <size>0x2c</size>
         <input_file_ref idref="fl-162"/>
      </object_component>
      <object_component id="oc-6b">
         <name>.debug_info</name>
         <load_address>0x1ed64</load_address>
         <run_address>0x1ed64</run_address>
         <size>0x14a</size>
         <input_file_ref idref="fl-163"/>
      </object_component>
      <object_component id="oc-65">
         <name>.debug_info</name>
         <load_address>0x1eeae</load_address>
         <run_address>0x1eeae</run_address>
         <size>0x25d</size>
         <input_file_ref idref="fl-163"/>
      </object_component>
      <object_component id="oc-28">
         <name>.debug_info</name>
         <load_address>0x1f10b</load_address>
         <run_address>0x1f10b</run_address>
         <size>0x1c7</size>
         <input_file_ref idref="fl-163"/>
      </object_component>
      <object_component id="oc-6c">
         <name>.debug_info</name>
         <load_address>0x1f2d2</load_address>
         <run_address>0x1f2d2</run_address>
         <size>0x39</size>
         <input_file_ref idref="fl-163"/>
      </object_component>
      <object_component id="oc-7c">
         <name>.debug_info</name>
         <load_address>0x1f30b</load_address>
         <run_address>0x1f30b</run_address>
         <size>0x145</size>
         <input_file_ref idref="fl-164"/>
      </object_component>
      <object_component id="oc-2e">
         <name>.debug_info</name>
         <load_address>0x1f450</load_address>
         <run_address>0x1f450</run_address>
         <size>0x1c0</size>
         <input_file_ref idref="fl-164"/>
      </object_component>
      <object_component id="oc-77">
         <name>.debug_info</name>
         <load_address>0x1f610</load_address>
         <run_address>0x1f610</run_address>
         <size>0x46</size>
         <input_file_ref idref="fl-164"/>
      </object_component>
      <object_component id="oc-1e7">
         <name>.debug_info</name>
         <load_address>0x1f656</load_address>
         <run_address>0x1f656</run_address>
         <size>0x1a7</size>
         <input_file_ref idref="fl-165"/>
      </object_component>
      <object_component id="oc-1e4">
         <name>.debug_info</name>
         <load_address>0x1f7fd</load_address>
         <run_address>0x1f7fd</run_address>
         <size>0x14c</size>
         <input_file_ref idref="fl-165"/>
      </object_component>
      <object_component id="oc-117">
         <name>.debug_info</name>
         <load_address>0x1f949</load_address>
         <run_address>0x1f949</run_address>
         <size>0x223</size>
         <input_file_ref idref="fl-165"/>
      </object_component>
      <object_component id="oc-172">
         <name>.debug_info</name>
         <load_address>0x1fb6c</load_address>
         <run_address>0x1fb6c</run_address>
         <size>0x182</size>
         <input_file_ref idref="fl-166"/>
      </object_component>
      <object_component id="oc-262">
         <name>.debug_info</name>
         <load_address>0x1fcee</load_address>
         <run_address>0x1fcee</run_address>
         <size>0x15e</size>
         <input_file_ref idref="fl-167"/>
      </object_component>
      <object_component id="oc-270">
         <name>.debug_info</name>
         <load_address>0x1fe4c</load_address>
         <run_address>0x1fe4c</run_address>
         <size>0x14c</size>
         <input_file_ref idref="fl-168"/>
      </object_component>
      <object_component id="oc-178">
         <name>.debug_info</name>
         <load_address>0x1ff98</load_address>
         <run_address>0x1ff98</run_address>
         <size>0x14c</size>
         <input_file_ref idref="fl-169"/>
      </object_component>
      <object_component id="oc-17d">
         <name>.debug_info</name>
         <load_address>0x200e4</load_address>
         <run_address>0x200e4</run_address>
         <size>0x150</size>
         <input_file_ref idref="fl-16a"/>
      </object_component>
      <object_component id="oc-bc">
         <name>.debug_info</name>
         <load_address>0x20234</load_address>
         <run_address>0x20234</run_address>
         <size>0x14c</size>
         <input_file_ref idref="fl-16b"/>
      </object_component>
      <object_component id="oc-14d">
         <name>.debug_info</name>
         <load_address>0x20380</load_address>
         <run_address>0x20380</run_address>
         <size>0x14c</size>
         <input_file_ref idref="fl-16c"/>
      </object_component>
      <object_component id="oc-152">
         <name>.debug_info</name>
         <load_address>0x204cc</load_address>
         <run_address>0x204cc</run_address>
         <size>0x140</size>
         <input_file_ref idref="fl-16d"/>
      </object_component>
      <object_component id="oc-c2">
         <name>.debug_info</name>
         <load_address>0x2060c</load_address>
         <run_address>0x2060c</run_address>
         <size>0x15b</size>
         <input_file_ref idref="fl-16e"/>
      </object_component>
      <object_component id="oc-26b">
         <name>.debug_info</name>
         <load_address>0x20767</load_address>
         <run_address>0x20767</run_address>
         <size>0x13e</size>
         <input_file_ref idref="fl-16f"/>
      </object_component>
      <object_component id="oc-146">
         <name>.debug_info</name>
         <load_address>0x208a5</load_address>
         <run_address>0x208a5</run_address>
         <size>0x13b</size>
         <input_file_ref idref="fl-170"/>
      </object_component>
      <object_component id="oc-5b">
         <name>.debug_info</name>
         <load_address>0x209e0</load_address>
         <run_address>0x209e0</run_address>
         <size>0x12b</size>
         <input_file_ref idref="fl-171"/>
      </object_component>
      <object_component id="oc-74">
         <name>.debug_info</name>
         <load_address>0x20b0b</load_address>
         <run_address>0x20b0b</run_address>
         <size>0x159</size>
         <input_file_ref idref="fl-172"/>
      </object_component>
      <object_component id="oc-106">
         <name>.debug_info</name>
         <load_address>0x20c64</load_address>
         <run_address>0x20c64</run_address>
         <size>0x15e</size>
         <input_file_ref idref="fl-173"/>
      </object_component>
      <object_component id="oc-11b">
         <name>.debug_info</name>
         <load_address>0x20dc2</load_address>
         <run_address>0x20dc2</run_address>
         <size>0x11f</size>
         <input_file_ref idref="fl-174"/>
      </object_component>
      <object_component id="oc-16e">
         <name>.debug_info</name>
         <load_address>0x20ee1</load_address>
         <run_address>0x20ee1</run_address>
         <size>0x140</size>
         <input_file_ref idref="fl-175"/>
      </object_component>
      <object_component id="oc-b9">
         <name>.debug_info</name>
         <load_address>0x21021</load_address>
         <run_address>0x21021</run_address>
         <size>0x13d</size>
         <input_file_ref idref="fl-176"/>
      </object_component>
      <object_component id="oc-281">
         <name>.debug_info</name>
         <load_address>0x2115e</load_address>
         <run_address>0x2115e</run_address>
         <size>0x1a8</size>
         <input_file_ref idref="fl-177"/>
      </object_component>
      <object_component id="oc-27e">
         <name>.debug_info</name>
         <load_address>0x21306</load_address>
         <run_address>0x21306</run_address>
         <size>0x172</size>
         <input_file_ref idref="fl-177"/>
      </object_component>
      <object_component id="oc-201">
         <name>.debug_info</name>
         <load_address>0x21478</load_address>
         <run_address>0x21478</run_address>
         <size>0x3fb</size>
         <input_file_ref idref="fl-177"/>
      </object_component>
      <object_component id="oc-2a8">
         <name>.debug_info</name>
         <load_address>0x21873</load_address>
         <run_address>0x21873</run_address>
         <size>0x86</size>
         <input_file_ref idref="fl-177"/>
      </object_component>
      <object_component id="oc-207">
         <name>.debug_info</name>
         <load_address>0x218f9</load_address>
         <run_address>0x218f9</run_address>
         <size>0x188</size>
         <input_file_ref idref="fl-178"/>
      </object_component>
      <object_component id="oc-27b">
         <name>.debug_info</name>
         <load_address>0x21a81</load_address>
         <run_address>0x21a81</run_address>
         <size>0x1ea</size>
         <input_file_ref idref="fl-179"/>
      </object_component>
      <object_component id="oc-24f">
         <name>.debug_info</name>
         <load_address>0x21c6b</load_address>
         <run_address>0x21c6b</run_address>
         <size>0x13a</size>
         <input_file_ref idref="fl-17a"/>
      </object_component>
      <object_component id="oc-1e1">
         <name>.debug_info</name>
         <load_address>0x21da5</load_address>
         <run_address>0x21da5</run_address>
         <size>0x129</size>
         <input_file_ref idref="fl-17a"/>
      </object_component>
      <object_component id="oc-24b">
         <name>.debug_info</name>
         <load_address>0x21ece</load_address>
         <run_address>0x21ece</run_address>
         <size>0x235</size>
         <input_file_ref idref="fl-17a"/>
      </object_component>
      <object_component id="oc-1df">
         <name>.debug_info</name>
         <load_address>0x22103</load_address>
         <run_address>0x22103</run_address>
         <size>0x17c</size>
         <input_file_ref idref="fl-17b"/>
      </object_component>
      <object_component id="oc-112">
         <name>.debug_info</name>
         <load_address>0x2227f</load_address>
         <run_address>0x2227f</run_address>
         <size>0x17d</size>
         <input_file_ref idref="fl-17b"/>
      </object_component>
      <object_component id="oc-242">
         <name>.debug_info</name>
         <load_address>0x223fc</load_address>
         <run_address>0x223fc</run_address>
         <size>0x5e</size>
         <input_file_ref idref="fl-17b"/>
      </object_component>
      <object_component id="oc-1dd">
         <name>.debug_info</name>
         <load_address>0x2245a</load_address>
         <run_address>0x2245a</run_address>
         <size>0x2d3</size>
         <input_file_ref idref="fl-17c"/>
      </object_component>
      <object_component id="oc-10c">
         <name>.debug_info</name>
         <load_address>0x2272d</load_address>
         <run_address>0x2272d</run_address>
         <size>0x1c7</size>
         <input_file_ref idref="fl-17c"/>
      </object_component>
      <object_component id="oc-236">
         <name>.debug_info</name>
         <load_address>0x228f4</load_address>
         <run_address>0x228f4</run_address>
         <size>0x39</size>
         <input_file_ref idref="fl-17c"/>
      </object_component>
      <object_component id="oc-23b">
         <name>.debug_info</name>
         <load_address>0x2292d</load_address>
         <run_address>0x2292d</run_address>
         <size>0xcd</size>
         <input_file_ref idref="fl-17c"/>
      </object_component>
      <object_component id="oc-233">
         <name>.debug_info</name>
         <load_address>0x229fa</load_address>
         <run_address>0x229fa</run_address>
         <size>0x1f6</size>
         <input_file_ref idref="fl-17d"/>
      </object_component>
      <object_component id="oc-1da">
         <name>.debug_info</name>
         <load_address>0x22bf0</load_address>
         <run_address>0x22bf0</run_address>
         <size>0x199</size>
         <input_file_ref idref="fl-17d"/>
      </object_component>
      <object_component id="oc-291">
         <name>.debug_info</name>
         <load_address>0x22d89</load_address>
         <run_address>0x22d89</run_address>
         <size>0x2c</size>
         <input_file_ref idref="fl-17d"/>
      </object_component>
      <object_component id="oc-28a">
         <name>.debug_info</name>
         <load_address>0x22db5</load_address>
         <run_address>0x22db5</run_address>
         <size>0x10b</size>
         <input_file_ref idref="fl-17e"/>
      </object_component>
      <object_component id="oc-25d">
         <name>.debug_info</name>
         <load_address>0x22ec0</load_address>
         <run_address>0x22ec0</run_address>
         <size>0x13a</size>
         <input_file_ref idref="fl-17f"/>
      </object_component>
      <object_component id="oc-268">
         <name>.debug_info</name>
         <load_address>0x22ffa</load_address>
         <run_address>0x22ffa</run_address>
         <size>0x140</size>
         <input_file_ref idref="fl-180"/>
      </object_component>
      <object_component id="oc-2d0">
         <name>.debug_info</name>
         <load_address>0x2313a</load_address>
         <run_address>0x2313a</run_address>
         <size>0x173</size>
         <input_file_ref idref="fl-181"/>
      </object_component>
      <object_component id="oc-2b8">
         <name>.debug_info</name>
         <load_address>0x232ad</load_address>
         <run_address>0x232ad</run_address>
         <size>0x143</size>
         <input_file_ref idref="fl-181"/>
      </object_component>
      <object_component id="oc-287">
         <name>.debug_info</name>
         <load_address>0x233f0</load_address>
         <run_address>0x233f0</run_address>
         <size>0x1a4</size>
         <input_file_ref idref="fl-181"/>
      </object_component>
      <object_component id="oc-2cb">
         <name>.debug_info</name>
         <load_address>0x23594</load_address>
         <run_address>0x23594</run_address>
         <size>0x6f</size>
         <input_file_ref idref="fl-181"/>
      </object_component>
      <object_component id="oc-2c8">
         <name>.debug_info</name>
         <load_address>0x23603</load_address>
         <run_address>0x23603</run_address>
         <size>0x132</size>
         <input_file_ref idref="fl-182"/>
      </object_component>
      <object_component id="oc-2b5">
         <name>.debug_info</name>
         <load_address>0x23735</load_address>
         <run_address>0x23735</run_address>
         <size>0x189</size>
         <input_file_ref idref="fl-182"/>
      </object_component>
      <object_component id="oc-2db">
         <name>.debug_info</name>
         <load_address>0x238be</load_address>
         <run_address>0x238be</run_address>
         <size>0x2c</size>
         <input_file_ref idref="fl-182"/>
      </object_component>
      <object_component id="oc-2d8">
         <name>.debug_info</name>
         <load_address>0x238ea</load_address>
         <run_address>0x238ea</run_address>
         <size>0x152</size>
         <input_file_ref idref="fl-183"/>
      </object_component>
      <object_component id="oc-2d5">
         <name>.debug_info</name>
         <load_address>0x23a3c</load_address>
         <run_address>0x23a3c</run_address>
         <size>0x110</size>
         <input_file_ref idref="fl-183"/>
      </object_component>
      <object_component id="oc-2c5">
         <name>.debug_info</name>
         <load_address>0x23b4c</load_address>
         <run_address>0x23b4c</run_address>
         <size>0x19f</size>
         <input_file_ref idref="fl-183"/>
      </object_component>
      <object_component id="oc-2a5">
         <name>.debug_info</name>
         <load_address>0x23ceb</load_address>
         <run_address>0x23ceb</run_address>
         <size>0x146</size>
         <input_file_ref idref="fl-184"/>
      </object_component>
      <object_component id="oc-278">
         <name>.debug_info</name>
         <load_address>0x23e31</load_address>
         <run_address>0x23e31</run_address>
         <size>0x1c7</size>
         <input_file_ref idref="fl-184"/>
      </object_component>
      <object_component id="oc-2be">
         <name>.debug_info</name>
         <load_address>0x23ff8</load_address>
         <run_address>0x23ff8</run_address>
         <size>0xfb</size>
         <input_file_ref idref="fl-185"/>
      </object_component>
      <object_component id="oc-2a2">
         <name>.debug_info</name>
         <load_address>0x240f3</load_address>
         <run_address>0x240f3</run_address>
         <size>0x182</size>
         <input_file_ref idref="fl-185"/>
      </object_component>
      <object_component id="oc-317">
         <name>.debug_info</name>
         <load_address>0x24275</load_address>
         <run_address>0x24275</run_address>
         <size>0xcc</size>
      </object_component>
      <object_component id="oc-132">
         <name>.debug_line</name>
         <load_address>0x0</load_address>
         <run_address>0x0</run_address>
         <size>0x20</size>
         <input_file_ref idref="fl-2"/>
      </object_component>
      <object_component id="oc-7e">
         <name>.debug_line</name>
         <load_address>0x20</load_address>
         <run_address>0x20</run_address>
         <size>0x2d</size>
         <input_file_ref idref="fl-2"/>
      </object_component>
      <object_component id="oc-136">
         <name>.debug_line</name>
         <load_address>0x4d</load_address>
         <run_address>0x4d</run_address>
         <size>0x5b</size>
         <input_file_ref idref="fl-2"/>
      </object_component>
      <object_component id="oc-f3">
         <name>.debug_line</name>
         <load_address>0xa8</load_address>
         <run_address>0xa8</run_address>
         <size>0x20</size>
         <input_file_ref idref="fl-2"/>
      </object_component>
      <object_component id="oc-d9">
         <name>.debug_line</name>
         <load_address>0xc8</load_address>
         <run_address>0xc8</run_address>
         <size>0x60</size>
         <input_file_ref idref="fl-2"/>
      </object_component>
      <object_component id="oc-25a">
         <name>.debug_line</name>
         <load_address>0x128</load_address>
         <run_address>0x128</run_address>
         <size>0xa2</size>
         <input_file_ref idref="fl-3"/>
      </object_component>
      <object_component id="oc-91">
         <name>.debug_line</name>
         <load_address>0x1ca</load_address>
         <run_address>0x1ca</run_address>
         <size>0x138</size>
         <input_file_ref idref="fl-3"/>
      </object_component>
      <object_component id="oc-1d2">
         <name>.debug_line</name>
         <load_address>0x302</load_address>
         <run_address>0x302</run_address>
         <size>0xb5</size>
         <input_file_ref idref="fl-3"/>
      </object_component>
      <object_component id="oc-16a">
         <name>.debug_line</name>
         <load_address>0x3b7</load_address>
         <run_address>0x3b7</run_address>
         <size>0x60</size>
         <input_file_ref idref="fl-3"/>
      </object_component>
      <object_component id="oc-de">
         <name>.debug_line</name>
         <load_address>0x417</load_address>
[...]
      </symbol>
      <symbol id="sm-314">
         <name>read_data_tmp_007</name>
         <value>0x2bad</value>
         <object_component_ref idref="oc-87"/>
      </symbol>
      <symbol id="sm-399">
         <name>board_i2c_shutdown</name>
         <value>0xb3b</value>
         <object_component_ref idref="oc-a5"/>
      </symbol>
      <symbol id="sm-39a">
         <name>board_i2c_write_read</name>
         <value>0xde1</value>
         <object_component_ref idref="oc-a5"/>
      </symbol>
      <symbol id="sm-39b">
         <name>board_i2c_write_single</name>
         <value>0xca3</value>
         <object_component_ref idref="oc-a5"/>
      </symbol>
      <symbol id="sm-39c">
         <name>board_i2c_wakeup</name>
         <value>0xabd</value>
         <object_component_ref idref="oc-a5"/>
      </symbol>
      <symbol id="sm-39d">
         <name>board_i2c_read</name>
         <value>0xd01</value>
         <object_component_ref idref="oc-a5"/>
      </symbol>
      <symbol id="sm-39e">
         <name>board_i2c_select</name>
         <value>0xf3b</value>
         <object_component_ref idref="oc-a5"/>
      </symbol>
      <symbol id="sm-39f">
         <name>board_i2c_write</name>
         <value>0xbdb</value>
         <object_component_ref idref="oc-a5"/>
      </symbol>
      <symbol id="sm-3db">
         <name>board_spi_flush</name>
         <value>0x24f9</value>
         <object_component_ref idref="oc-15b"/>
      </symbol>
      <symbol id="sm-3dc">
         <name>board_spi_close</name>
         <value>0x25c5</value>
         <object_component_ref idref="oc-15b"/>
      </symbol>
      <symbol id="sm-3dd">
         <name>board_spi_open</name>
         <value>0x2517</value>
         <object_component_ref idref="oc-15b"/>
      </symbol>
      <symbol id="sm-3de">
         <name>board_spi_write</name>
         <value>0x2455</value>
         <object_component_ref idref="oc-15b"/>
      </symbol>
      <symbol id="sm-3df">
         <name>board_spi_read</name>
         <value>0x24a1</value>
         <object_component_ref idref="oc-15b"/>
      </symbol>
      <symbol id="sm-467">
         <name>ResetISR</name>
         <value>0x4713</value>
         <object_component_ref idref="oc-1b"/>
      </symbol>
      <symbol id="sm-468">
         <name>g_pfnVectors</name>
         <value>0x0</value>
         <object_component_ref idref="oc-18"/>
      </symbol>
      <symbol id="sm-477">
         <name>AONBatMonTemperatureGetDegC</name>
         <value>0x4861</value>
         <object_component_ref idref="oc-195"/>
      </symbol>
      <symbol id="sm-491">
         <name>NOROM_AONRTCCurrentCompareValueGet</name>
         <value>0x4771</value>
         <object_component_ref idref="oc-e7"/>
      </symbol>
      <symbol id="sm-492">
         <name>NOROM_AONRTCCurrent64BitValueGet</name>
         <value>0x479d</value>
         <object_component_ref idref="oc-e7"/>
      </symbol>
      <symbol id="sm-4cd">
         <name>ChipInfo_GetChipFamily</name>
         <value>0x379d</value>
         <object_component_ref idref="oc-f5"/>
      </symbol>
      <symbol id="sm-4ce">
         <name>ChipInfo_GetHwRevision</name>
         <value>0x37f3</value>
         <object_component_ref idref="oc-f5"/>
      </symbol>
      <symbol id="sm-4cf">
         <name>ChipInfo_GetPackageType</name>
         <value>0x376b</value>
         <object_component_ref idref="oc-f5"/>
      </symbol>
      <symbol id="sm-4d0">
         <name>ThisCodeIsBuiltForCC26xxHwRev22AndLater_HaltIfViolated</name>
         <value>0x3887</value>
         <object_component_ref idref="oc-f5"/>
      </symbol>
      <symbol id="sm-4d1">
         <name>ChipInfo_GetSupportedProtocol_BV</name>
         <value>0x3761</value>
         <object_component_ref idref="oc-f5"/>
      </symbol>
      <symbol id="sm-4e0">
         <name>NOROM_CPUbasepriGet</name>
         <value>0x4aeb</value>
         <object_component_ref idref="oc-c5"/>
      </symbol>
      <symbol id="sm-4e1">
         <name>NOROM_CPUprimask</name>
         <value>0x4ad5</value>
         <object_component_ref idref="oc-c5"/>
      </symbol>
      <symbol id="sm-4e2">
         <name>NOROM_CPUdelay</name>
         <value>0x4b7f</value>
         <object_component_ref idref="oc-86"/>
      </symbol>
      <symbol id="sm-4e3">
         <name>NOROM_CPUcpsie</name>
         <value>0x4adf</value>
         <object_component_ref idref="oc-c5"/>
      </symbol>
      <symbol id="sm-4e4">
         <name>NOROM_CPUcpsid</name>
         <value>0x4ac9</value>
         <object_component_ref idref="oc-c5"/>
      </symbol>
      <symbol id="sm-512">
         <name>NOROM_DDI16BitWrite</name>
         <value>0x2e75</value>
         <object_component_ref idref="oc-fb"/>
      </symbol>
      <symbol id="sm-513">
         <name>NOROM_DDI16BitfieldRead</name>
         <value>0x2f5f</value>
         <object_component_ref idref="oc-fb"/>
      </symbol>
      <symbol id="sm-514">
         <name>NOROM_DDI16BitfieldWrite</name>
         <value>0x2ec5</value>
         <object_component_ref idref="oc-fb"/>
      </symbol>
      <symbol id="sm-515">
         <name>NOROM_DDI16BitRead</name>
         <value>0x2f17</value>
         <object_component_ref idref="oc-fb"/>
      </symbol>
      <symbol id="sm-564">
         <name>OSCHF_AttemptToSwitchToXosc</name>
         <value>0x2aa1</value>
         <object_component_ref idref="oc-af"/>
      </symbol>
      <symbol id="sm-565">
         <name>OSCHF_TurnOnXosc</name>
         <value>0x2a8d</value>
         <object_component_ref idref="oc-af"/>
      </symbol>
      <symbol id="sm-566">
         <name>OSCHF_GetStartupTime</name>
         <value>0x29cb</value>
         <object_component_ref idref="oc-af"/>
      </symbol>
      <symbol id="sm-567">
         <name>NOROM_OSCClockSourceSet</name>
         <value>0x291d</value>
         <object_component_ref idref="oc-af"/>
      </symbol>
      <symbol id="sm-568">
         <name>NOROM_OSCInterfaceEnable</name>
         <value>0x299d</value>
         <object_component_ref idref="oc-af"/>
      </symbol>
      <symbol id="sm-569">
         <name>OSCHF_SwitchToRcOscTurnOffXosc</name>
         <value>0x2b01</value>
         <object_component_ref idref="oc-af"/>
      </symbol>
      <symbol id="sm-56a">
         <name>NOROM_OSCClockSourceGet</name>
         <value>0x296d</value>
         <object_component_ref idref="oc-af"/>
      </symbol>
      <symbol id="sm-5ae">
         <name>NOROM_PowerCtrlSourceSet</name>
         <value>0x2867</value>
         <object_component_ref idref="oc-1a3"/>
      </symbol>
      <symbol id="sm-5af">
         <name>NOROM_PowerCtrlStateSet</name>
         <value>0x274b</value>
         <object_component_ref idref="oc-1a3"/>
      </symbol>
      <symbol id="sm-66b">
         <name>trimDevice</name>
         <value>0x1c5</value>
         <object_component_ref idref="oc-4c"/>
      </symbol>
      <symbol id="sm-66c">
         <name>SignExtendVddrTrimValue</name>
         <value>0x559</value>
         <object_component_ref idref="oc-4c"/>
      </symbol>
      <symbol id="sm-700">
         <name>NOROM_SysCtrlShutdown</name>
         <value>0x11e7</value>
         <object_component_ref idref="oc-cc"/>
      </symbol>
      <symbol id="sm-701">
         <name>SysCtrlAdjustRechargeAfterPowerDown</name>
         <value>0x1525</value>
         <object_component_ref idref="oc-cc"/>
      </symbol>
      <symbol id="sm-702">
         <name>NOROM_SysCtrlResetSourceGet</name>
         <value>0x1659</value>
         <object_component_ref idref="oc-cc"/>
      </symbol>
      <symbol id="sm-703">
         <name>NOROM_SysCtrlPowerdown</name>
         <value>0x11b9</value>
         <object_component_ref idref="oc-cc"/>
      </symbol>
      <symbol id="sm-704">
         <name>SysCtrlSetRechargeBeforePowerDown</name>
         <value>0x1241</value>
         <object_component_ref idref="oc-cc"/>
      </symbol>
      <symbol id="sm-705">
         <name>NOROM_SysCtrlPowerEverything</name>
         <value>0x10b3</value>
         <object_component_ref idref="oc-cc"/>
      </symbol>
      <symbol id="sm-706">
         <name>NOROM_SysCtrlStandby</name>
         <value>0x119f</value>
         <object_component_ref idref="oc-cc"/>
      </symbol>
      <symbol id="sm-707">
         <name>SysCtrl_DCDC_VoltageConditionalControl</name>
         <value>0x15c9</value>
         <object_component_ref idref="oc-cc"/>
      </symbol>
      <symbol id="sm-724">
         <name>NOROM_VIMSModeSet</name>
         <value>0x3f47</value>
         <object_component_ref idref="oc-138"/>
      </symbol>
      <symbol id="sm-725">
         <name>NOROM_VIMSModeSafeSet</name>
         <value>0x3f93</value>
         <object_component_ref idref="oc-138"/>
      </symbol>
      <symbol id="sm-726">
         <name>NOROM_VIMSModeGet</name>
         <value>0x3f73</value>
         <object_component_ref idref="oc-138"/>
      </symbol>
      <symbol id="sm-727">
         <name>NOROM_VIMSConfigure</name>
         <value>0x3f05</value>
         <object_component_ref idref="oc-138"/>
      </symbol>
      <symbol id="sm-738">
         <name>_c_int00</name>
         <value>0x4929</value>
         <object_component_ref idref="oc-52"/>
      </symbol>
      <symbol id="sm-739">
         <name>__stack</name>
         <value>0x20004f00</value>
         <object_component_ref idref="oc-36"/>
      </symbol>
      <symbol id="sm-750">
         <name>__TI_decompress_none</name>
         <value>0x4b65</value>
         <object_component_ref idref="oc-21"/>
      </symbol>
      <symbol id="sm-773">
         <name>__TI_decompress_rle24</name>
         <value>0x4b85</value>
         <object_component_ref idref="oc-27"/>
      </symbol>
      <symbol id="sm-785">
         <name>__TI_zero_init</name>
         <value>0x4b73</value>
         <object_component_ref idref="oc-2d"/>
      </symbol>
      <symbol id="sm-7a4">
         <name>C$$EXIT</name>
         <value>0x48a5</value>
         <object_component_ref idref="oc-114"/>
      </symbol>
      <symbol id="sm-7a5">
         <name>abort</name>
         <value>0x48a9</value>
         <object_component_ref idref="oc-114"/>
      </symbol>
      <symbol id="sm-7a6">
         <name>exit</name>
         <value>0x48b1</value>
         <object_component_ref idref="oc-114"/>
      </symbol>
      <symbol id="sm-7a7">
         <name>__TI_dtors_ptr</name>
         <value>0x2000021c</value>
         <object_component_ref idref="oc-1e3"/>
      </symbol>
      <symbol id="sm-7a8">
         <name>__TI_cleanup_ptr</name>
         <value>0x20000218</value>
         <object_component_ref idref="oc-1e3"/>
      </symbol>
      <symbol id="sm-7be">
         <name>exp2</name>
         <value>0x4279</value>
         <object_component_ref idref="oc-171"/>
      </symbol>
      <symbol id="sm-7e2">
         <name>__aeabi_dsub</name>
         <value>0x33a5</value>
         <object_component_ref idref="oc-260"/>
      </symbol>
      <symbol id="sm-7e3">
         <name>__aeabi_dadd</name>
         <value>0x33af</value>
         <object_component_ref idref="oc-260"/>
      </symbol>
      <symbol id="sm-803">
         <name>__aeabi_ddiv</name>
         <value>0x3ba9</value>
         <object_component_ref idref="oc-26f"/>
      </symbol>
      <symbol id="sm-81a">
         <name>__aeabi_dmul</name>
         <value>0x4005</value>
         <object_component_ref idref="oc-177"/>
      </symbol>
      <symbol id="sm-82a">
         <name>__aeabi_d2f</name>
         <value>0x45cd</value>
         <object_component_ref idref="oc-17c"/>
      </symbol>
      <symbol id="sm-83f">
         <name>__aeabi_fdiv</name>
         <value>0x43c1</value>
         <object_component_ref idref="oc-bb"/>
      </symbol>
      <symbol id="sm-851">
         <name>__aeabi_fmul</name>
         <value>0x44d9</value>
         <object_component_ref idref="oc-14a"/>
      </symbol>
      <symbol id="sm-85d">
         <name>__aeabi_f2iz</name>
         <value>0x4965</value>
         <object_component_ref idref="oc-14f"/>
      </symbol>
      <symbol id="sm-869">
         <name>__aeabi_f2uiz</name>
         <value>0x4a09</value>
         <object_component_ref idref="oc-c0"/>
      </symbol>
      <symbol id="sm-875">
         <name>__aeabi_i2d</name>
         <value>0x4a6d</value>
         <object_component_ref idref="oc-26a"/>
      </symbol>
      <symbol id="sm-882">
         <name>__aeabi_i2f</name>
         <value>0x499d</value>
         <object_component_ref idref="oc-145"/>
      </symbol>
      <symbol id="sm-89d">
         <name>memcpy</name>
         <value>0x4325</value>
         <object_component_ref idref="oc-58"/>
      </symbol>
      <symbol id="sm-89e">
         <name>__aeabi_memcpy</name>
         <value>0x4325</value>
         <object_component_ref idref="oc-58"/>
      </symbol>
      <symbol id="sm-89f">
         <name>__aeabi_memcpy8</name>
         <value>0x4325</value>
         <object_component_ref idref="oc-58"/>
      </symbol>
      <symbol id="sm-8a0">
         <name>__aeabi_memcpy4</name>
         <value>0x4325</value>
         <object_component_ref idref="oc-58"/>
      </symbol>
      <symbol id="sm-8af">
         <name>__aeabi_memset</name>
         <value>0x4555</value>
         <object_component_ref idref="oc-71"/>
      </symbol>
      <symbol id="sm-8b0">
         <name>memset</name>
         <value>0x455b</value>
         <object_component_ref idref="oc-71"/>
      </symbol>
      <symbol id="sm-8b1">
         <name>__aeabi_memset8</name>
         <value>0x4555</value>
         <object_component_ref idref="oc-71"/>
      </symbol>
      <symbol id="sm-8b2">
         <name>__aeabi_memset4</name>
         <value>0x4555</value>
         <object_component_ref idref="oc-71"/>
      </symbol>
      <symbol id="sm-8b3">
         <name>__aeabi_memclr8</name>
         <value>0x4553</value>
         <object_component_ref idref="oc-71"/>
      </symbol>
      <symbol id="sm-8b4">
         <name>__aeabi_memclr4</name>
         <value>0x4553</value>
         <object_component_ref idref="oc-71"/>
      </symbol>
      <symbol id="sm-8b5">
         <name>__aeabi_memclr</name>
         <value>0x4553</value>
         <object_component_ref idref="oc-71"/>
      </symbol>
      <symbol id="sm-8bf">
         <name>_system_pre_init</name>
         <value>0x4b8b</value>
         <object_component_ref idref="oc-102"/>
      </symbol>
      <symbol id="sm-8c7">
         <name>main_func_sp</name>
         <value>0x20000234</value>
         <object_component_ref idref="oc-11a"/>
      </symbol>
      <symbol id="sm-8d3">
         <name>__aeabi_ui2d</name>
         <value>0x4b19</value>
         <object_component_ref idref="oc-16c"/>
      </symbol>
      <symbol id="sm-8df">
         <name>__aeabi_ui2f</name>
         <value>0x4af5</value>
         <object_component_ref idref="oc-b6"/>
      </symbol>
      <symbol id="sm-918">
         <name>_Exp</name>
         <value>0x2fbd</value>
         <object_component_ref idref="oc-1fd"/>
      </symbol>
      <symbol id="sm-927">
         <name>_Feraise</name>
         <value>0x4a3d</value>
         <object_component_ref idref="oc-203"/>
      </symbol>
      <symbol id="sm-937">
         <name>_Rteps</name>
         <value>0x200001c0</value>
         <object_component_ref idref="oc-27a"/>
      </symbol>
      <symbol id="sm-938">
         <name>_Zero</name>
         <value>0x200001d8</value>
         <object_component_ref idref="oc-27a"/>
      </symbol>
      <symbol id="sm-939">
         <name>_Hugeval</name>
         <value>0x20000180</value>
         <object_component_ref idref="oc-27a"/>
      </symbol>
      <symbol id="sm-93a">
         <name>_Snan</name>
         <value>0x200001b0</value>
         <object_component_ref idref="oc-27a"/>
      </symbol>
      <symbol id="sm-93b">
         <name>_Nan</name>
         <value>0x200001a0</value>
         <object_component_ref idref="oc-27a"/>
      </symbol>
      <symbol id="sm-93c">
         <name>_Inf</name>
         <value>0x20000190</value>
         <object_component_ref idref="oc-27a"/>
      </symbol>
      <symbol id="sm-93d">
         <name>_Xbig</name>
         <value>0x200001d0</value>
         <object_component_ref idref="oc-27a"/>
      </symbol>
      <symbol id="sm-93e">
         <name>_Eps</name>
         <value>0x20000170</value>
         <object_component_ref idref="oc-27a"/>
      </symbol>
      <symbol id="sm-93f">
         <name>_Denorm</name>
         <value>0x20000160</value>
         <object_component_ref idref="oc-27a"/>
      </symbol>
      <symbol id="sm-958">
         <name>_nop</name>
         <value>0x4b5f</value>
         <object_component_ref idref="oc-247"/>
      </symbol>
      <symbol id="sm-959">
         <name>_lock</name>
         <value>0x20000210</value>
         <object_component_ref idref="oc-1e0"/>
      </symbol>
      <symbol id="sm-95a">
         <name>_unlock</name>
         <value>0x20000214</value>
         <object_component_ref idref="oc-1e0"/>
      </symbol>
      <symbol id="sm-95b">
         <name>_register_lock</name>
         <value>0x4b57</value>
         <object_component_ref idref="oc-247"/>
      </symbol>
      <symbol id="sm-95c">
         <name>_register_unlock</name>
         <value>0x4b51</value>
         <object_component_ref idref="oc-247"/>
      </symbol>
      <symbol id="sm-971">
         <name>_args_main</name>
         <value>0x4b39</value>
         <object_component_ref idref="oc-10e"/>
      </symbol>
      <symbol id="sm-997">
         <name>__TI_auto_init</name>
         <value>0x463d</value>
         <object_component_ref idref="oc-108"/>
      </symbol>
      <symbol id="sm-9b1">
         <name>copy_in</name>
         <value>0x47cd</value>
         <object_component_ref idref="oc-1d6"/>
      </symbol>
      <symbol id="sm-9b9">
         <name>_Errno</name>
         <value>0x20000230</value>
         <object_component_ref idref="oc-289"/>
      </symbol>
      <symbol id="sm-9d0">
         <name>__aeabi_cdcmpeq</name>
         <value>0x4453</value>
         <object_component_ref idref="oc-25b"/>
      </symbol>
      <symbol id="sm-9d1">
         <name>__aeabi_cdcmple</name>
         <value>0x4453</value>
         <object_component_ref idref="oc-25b"/>
      </symbol>
      <symbol id="sm-9df">
         <name>__aeabi_d2iz</name>
         <value>0x4819</value>
         <object_component_ref idref="oc-265"/>
      </symbol>
      <symbol id="sm-9fd">
         <name>feraiseexcept</name>
         <value>0x49d5</value>
         <object_component_ref idref="oc-283"/>
      </symbol>
      <symbol id="sm-9fe">
         <name>_Tls_setup__Fenv</name>
         <value>0x20000224</value>
         <object_component_ref idref="oc-2b7"/>
      </symbol>
      <symbol id="sm-9ff">
         <name>_Fenv</name>
         <value>0x20000220</value>
         <object_component_ref idref="oc-2b7"/>
      </symbol>
      <symbol id="sm-a13">
         <name>raise</name>
         <value>0x4a9b</value>
         <object_component_ref idref="oc-2b1"/>
      </symbol>
      <symbol id="sm-a2d">
         <name>signal</name>
         <value>0x48e9</value>
         <object_component_ref idref="oc-2c1"/>
      </symbol>
      <symbol id="sm-a49">
         <name>_Dscale</name>
         <value>0x3df5</value>
         <object_component_ref idref="oc-274"/>
      </symbol>
      <symbol id="sm-a5e">
         <name>_Dnorm</name>
         <value>0x4101</value>
         <object_component_ref idref="oc-29e"/>
      </symbol>
      <symbol id="sm-a5f">
         <name>__TI_static_base__</name>
         <value>0x0</value>
      </symbol>
      <symbol id="sm-a62">
         <name>SHT$$INIT_ARRAY$$Limit</name>
         <value>0x0</value>
      </symbol>
      <symbol id="sm-a63">
         <name>SHT$$INIT_ARRAY$$Base</name>
         <value>0x0</value>
      </symbol>
   </symbol_table>
   <title>Link successful</title>
</link_info>
