******************************************************************************
                  TI ARM Linker PC v5.2.7                      
******************************************************************************
>> Linked Fri Mar 25 14:02:58 2016

OUTPUT FILE NAME:   <bicycle_computer.out>
ENTRY POINT SYMBOL: "ResetISR"  address: 00003eed


MEMORY CONFIGURATION

         name            origin    length      used     unused   attr    fill
----------------------  --------  ---------  --------  --------  ----  --------
  FLASH                 00000000   00020000  000049b0  0001b650  R  X
  GPRAM                 11000000   00002000  00000000  00002000  RW X
  SRAM                  20000000   00005000  000003ac  00004c54  RW X


SEGMENT ALLOCATION MAP

run origin  load origin   length   init length attrs members
----------  ----------- ---------- ----------- ----- -------
00000000    00000000    0000485a   0000485a    r-x
  00000000    00000000    000000c8   000000c8    r-- .intvecs
  000000c8    000000c8    000046a6   000046a6    r-x .text
  00004770    00004770    000000ea   000000ea    r-- .const
0000485c    0000485c    00000008   00000008    rw-
  0000485c    0000485c    00000008   00000008    rw- .args
00004868    00004868    000000f8   000000f8    r--
  00004868    00004868    000000f8   000000f8    r-- .cinit
0001ffa8    0001ffa8    00000058   00000058    r--
  0001ffa8    0001ffa8    00000058   00000058    r-- .ccfg
20000000    20000000    000002b2   00000000    rw-
  20000000    20000000    0000023a   00000000    rw- .data
  20000240    20000240    00000072   00000000    rw- .bss
20004f00    20004f00    00000100   00000000    rw-
  20004f00    20004f00    00000100   00000000    rw- .stack


SECTION ALLOCATION MAP

 output                                  attributes/
section   page    origin      length       input sections
--------  ----  ----------  ----------   ----------------
.intvecs   0    00000000    000000c8     
                  00000000    000000c8     startup_ccs.obj (.intvecs)

.text      0    000000c8    000046a6     
                  000000c8    0000090c     setup.obj (.text)
                  000009d4    00000668     board-i2c.obj (.text)
                  0000103c    00000664     sys_ctrl.obj (.text)
                  000016a0    0000041c     ext-flash.obj (.text)
                  00001abc    000002c4     radio.obj (.text)
                  00001d80    000002b4     bmp-280-sensor.obj (.text)
                  00002034    00000288     board-spi.obj (.text)
                  000022bc    00000288     pwr_ctrl.obj (.text)
                  00002544    00000280     osc.obj (.text)
                  000027c4    00000264     main.obj (.text)
                  00002a28    00000258     system.obj (.text)
                  00002c80    0000023c     tmp-007-sensor.obj (.text)
                  00002ebc    00000224     ddi.obj (.text)
                  000030e0    000001fc     rtsv7M3_T_le_eabi.lib : xexp.obj (.text)
                  000032dc    000001b6                           : fd_add_t2.obj (.text)
                  00003492    00000002     --HOLE-- [fill = 0]
                  00003494    0000019c     chipinfo.obj (.text)
                  00003630    00000194     rtc.obj (.text)
                  000037c4    0000016c     opt-3001-sensor.obj (.text)
                  00003930    00000136     rtsv7M3_T_le_eabi.lib : fd_div_t2.obj (.text)
                  00003a66    00000002     --HOLE-- [fill = 0]
                  00003a68    00000110                           : xdscale.obj (.text)
                  00003b78    00000100     vims.obj (.text)
                  00003c78    000000fc     rtsv7M3_T_le_eabi.lib : fd_mul_t2.obj (.text)
                  00003d74    000000be                           : xdnorm.obj (.text)
                  00003e32    00000002     --HOLE-- [fill = 0]
                  00003e34    000000b8     sensor-common.obj (.text)
                  00003eec    000000b4     startup_ccs.obj (.text)
                  00003fa0    000000ac     rtsv7M3_T_le_eabi.lib : exp2.obj (.text)
                  0000404c    0000009c                           : memcpy_t2.obj (.text)
                  000040e8    00000086                           : fd_cmp_t2.obj (.text:__aeabi_cdcmple)
                  0000416e    0000007a                           : fs_mul_t2.obj (.text)
                  000041e8    0000007a                           : memset_t2.obj (.text)
                  00004262    0000006e                           : fd_tos_t2.obj (.text)
                  000042d0    0000006c                           : autoinit.obj (.text)
                  0000433c    0000006a                           : copy_decompress_rle.obj (.text)
                  000043a6    00000002     --HOLE-- [fill = 0]
                  000043a8    0000005c     aon_rtc.obj (.text)
                  00004404    0000004c     rtsv7M3_T_le_eabi.lib : cpy_tbl.obj (.text)
                  00004450    00000048                           : fd_toi_t2.obj (.text)
                  00004498    00000044     aon_batmon.obj (.text)
                  000044dc    00000044     rtsv7M3_T_le_eabi.lib : exit.obj (.text)
                  00004520    00000040                           : signal.obj (.text)
                  00004560    0000003c                           : boot.obj (.text)
                  0000459c    00000038                           : fs_toi_t2.obj (.text)
                  000045d4    00000038                           : i_tofs_t2.obj (.text)
                  0000460c    00000034                           : feraiseexcept.obj (.text)
                  00004640    00000030                           : xferaise.obj (.text)
                  00004670    0000002e                           : i_tofd_t2.obj (.text)
                  0000469e    0000002e                           : raise.obj (.text)
                  000046cc    0000002c     cpu.obj (.text)
                  000046f8    00000020     rtsv7M3_T_le_eabi.lib : u_tofd_t2.obj (.text)
                  00004718    00000018                           : args_main.obj (.text)
                  00004730    00000014                           : _lock.obj (.text)
                  00004744    0000000e                           : copy_decompress_none.obj (.text:decompress:none)
                  00004752    0000000c                           : copy_zero_init.obj (.text:decompress:ZI)
                  0000475e    00000006     cpu.obj (.text:NOROM_CPUdelay)
                  00004764    00000006     rtsv7M3_T_le_eabi.lib : copy_decompress_rle.obj (.text:decompress:rle24)
                  0000476a    00000004                           : pre_init.obj (.text)

.const     0    00004770    000000ea     
                  00004770    00000068     radio.obj (.const:patchImage)
                  000047d8    00000048     rtsv7M3_T_le_eabi.lib : xexp.obj (.const)
                  00004820    00000034     sys_ctrl.obj (.const:g_pui32ModuleCG)
                  00004854    00000006     ext-flash.obj (.const:.string)

.cinit     0    00004868    000000f8     
                  00004868    000000d4     (.cinit..data.load) [load image, compression = rle]
                  0000493c    0000000c     (__TI_handler_table)
                  00004948    00000008     (.cinit..bss.load) [load image, compression = zero_init]
                  00004950    00000010     (__TI_cinit_table)

.init_array 
*          0    00000000    00000000     UNINITIALIZED

.ccfg      0    0001ffa8    00000058     
                  0001ffa8    00000058     ccfg.obj (.ccfg:retain)

.args      0    0000485c    00000008     
                  0000485c    00000008     --HOLE-- [fill = 0]

.data      0    20000000    0000023a     UNINITIALIZED
                  20000000    000000b0     radio.obj (.data)
                  200000b0    000000b0     rtsv7M3_T_le_eabi.lib : signal.obj (.data:sigtable)
                  20000160    00000080                           : xvalues.obj (.data)
                  200001e0    00000030     radio.obj (.data:bleDifferentialOverrides)
                  20000210    00000008     rtsv7M3_T_le_eabi.lib : _lock.obj (.data)
                  20000218    00000008                           : exit.obj (.data)
                  20000220    00000008                           : feraiseexcept.obj (.data)
                  20000228    00000004     bmp-280-sensor.obj (.data)
                  2000022c    00000004     opt-3001-sensor.obj (.data)
                  20000230    00000004     rtsv7M3_T_le_eabi.lib : errno.obj (.data)
                  20000234    00000004                           : stkdepth_vars.obj (.data)
                  20000238    00000002     board-i2c.obj (.data)

.TI.persistent 
*          0    20000000    00000000     UNINITIALIZED

.bss       0    20000240    00000072     UNINITIALIZED
                  20000240    00000020     (.common:buffer)
                  20000260    00000018     (.common:calibration_data)
                  20000278    00000014     (.common:oscHfGlobals)
                  2000028c    00000004     (.common:amb_temp_latched)
                  20000290    00000008     (.common:devAddress)
                  20000298    00000008     (.common:powerQualGlobals)
                  200002a0    00000008     (.common:sensor_value)
                  200002a8    00000004     (.common:buf)
                  200002ac    00000004     (.common:obj_temp_latched)
                  200002b0    00000002     (.common:val)

.TI.noinit 
*          0    20000240    00000000     UNINITIALIZED

.stack     0    20004f00    00000100     UNINITIALIZED
                  20004f00    00000100     --HOLE--


LINKER GENERATED COPY TABLES

__TI_cinit_table @ 00004950 records: 2, size/record: 8, table size: 16
	.data: load addr=00004868, load size=000000d4 bytes, run addr=20000000, run size=0000023a bytes, compression=rle
	.bss: load addr=00004948, load size=00000008 bytes, run addr=20000240, run size=00000072 bytes, compression=zero_init


LINKER GENERATED HANDLER TABLE

__TI_handler_table @ 0000493c records: 3, size/record: 4, table size: 12
	index: 0, handler: __TI_decompress_rle24
	index: 1, handler: __TI_decompress_none
	index: 2, handler: __TI_zero_init


GLOBAL SYMBOLS: SORTED ALPHABETICALLY BY Name 

address   name                                                  
-------   ----                                                  
00004499  AONBatMonTemperatureGetDegC                           
00003769  AONRTCCurrentSubSecValueGet                           
00003761  AONRTCIntHandler                                      
000044dd  C$$EXIT                                               
00003525  ChipInfo_GetChipFamily                                
0000357b  ChipInfo_GetHwRevision                                
000034f3  ChipInfo_GetPackageType                               
000034e9  ChipInfo_GetSupportedProtocol_BV                      
000043d5  NOROM_AONRTCCurrent64BitValueGet                      
000043a9  NOROM_AONRTCCurrentCompareValueGet                    
000046ef  NOROM_CPUbasepriGet                                   
000046cd  NOROM_CPUcpsid                                        
000046e3  NOROM_CPUcpsie                                        
0000475f  NOROM_CPUdelay                                        
000046d9  NOROM_CPUprimask                                      
0000303b  NOROM_DDI16BitRead                                    
00002f99  NOROM_DDI16BitWrite                                   
00003083  NOROM_DDI16BitfieldRead                               
00002fe9  NOROM_DDI16BitfieldWrite                              
000025d5  NOROM_OSCClockSourceGet                               
00002585  NOROM_OSCClockSourceSet                               
00002605  NOROM_OSCInterfaceEnable                              
000024cf  NOROM_PowerCtrlSourceSet                              
000023b3  NOROM_PowerCtrlStateSet                               
000010b3  NOROM_SysCtrlPowerEverything                          
000011b9  NOROM_SysCtrlPowerdown                                
00001659  NOROM_SysCtrlResetSourceGet                           
000011e7  NOROM_SysCtrlShutdown                                 
0000119f  NOROM_SysCtrlStandby                                  
00003b79  NOROM_VIMSConfigure                                   
00003be7  NOROM_VIMSModeGet                                     
00003c07  NOROM_VIMSModeSafeSet                                 
00003bbb  NOROM_VIMSModeSet                                     
00002709  OSCHF_AttemptToSwitchToXosc                           
00002633  OSCHF_GetStartupTime                                  
00002769  OSCHF_SwitchToRcOscTurnOffXosc                        
000026f5  OSCHF_TurnOnXosc                                      
00001c95  RFCCPE0IntHandler                                     
00001c7d  RFCCPE1IntHandler                                     
00003eed  ResetISR                                              
UNDEFED   SHT$$INIT_ARRAY$$Base                                 
UNDEFED   SHT$$INIT_ARRAY$$Limit                                
00000559  SignExtendVddrTrimValue                               
00001525  SysCtrlAdjustRechargeAfterPowerDown                   
00001241  SysCtrlSetRechargeBeforePowerDown                     
000015c9  SysCtrl_DCDC_VoltageConditionalControl                
0000360f  ThisCodeIsBuiltForCC26xxHwRev22AndLater_HaltIfViolated
20000160  _Denorm                                               
00003d75  _Dnorm                                                
00003a69  _Dscale                                               
20000170  _Eps                                                  
20000230  _Errno                                                
000030e1  _Exp                                                  
20000220  _Fenv                                                 
00004641  _Feraise                                              
20000180  _Hugeval                                              
20000190  _Inf                                                  
200001a0  _Nan                                                  
200001c0  _Rteps                                                
200001b0  _Snan                                                 
20000224  _Tls_setup__Fenv                                      
200001d0  _Xbig                                                 
200001d8  _Zero                                                 
20005000  __STACK_END                                           
00000100  __STACK_SIZE                                          
20005000  __STACK_TOP                                           
00004950  __TI_CINIT_Base                                       
00004960  __TI_CINIT_Limit                                      
0000493c  __TI_Handler_Table_Base                               
00004948  __TI_Handler_Table_Limit                              
000042d1  __TI_auto_init                                        
20000218  __TI_cleanup_ptr                                      
00004745  __TI_decompress_none                                  
00004765  __TI_decompress_rle24                                 
2000021c  __TI_dtors_ptr                                        
00000000  __TI_static_base__                                    
00004753  __TI_zero_init                                        
000040e9  __aeabi_cdcmpeq                                       
000040e9  __aeabi_cdcmple                                       
00004263  __aeabi_d2f                                           
00004451  __aeabi_d2iz                                          
000032e7  __aeabi_dadd                                          
00003931  __aeabi_ddiv                                          
00003c79  __aeabi_dmul                                          
000032dd  __aeabi_dsub                                          
0000459d  __aeabi_f2iz                                          
0000416f  __aeabi_fmul                                          
00004671  __aeabi_i2d                                           
000045d5  __aeabi_i2f                                           
000041e9  __aeabi_memclr                                        
000041e9  __aeabi_memclr4                                       
000041e9  __aeabi_memclr8                                       
0000404d  __aeabi_memcpy                                        
0000404d  __aeabi_memcpy4                                       
0000404d  __aeabi_memcpy8                                       
000041eb  __aeabi_memset                                        
000041eb  __aeabi_memset4                                       
000041eb  __aeabi_memset8                                       
000046f9  __aeabi_ui2d                                          
ffffffff  __binit__                                             
0000485c  __c_args__                                            
0001ffa8  __ccfg                                                
20004f00  __stack                                               
00004719  _args_main                                            
00004561  _c_int00                                              
20000210  _lock                                                 
0000473f  _nop                                                  
00004737  _register_lock                                        
00004731  _register_unlock                                      
0000476b  _system_pre_init                                      
20000214  _unlock                                               
000044e1  abort                                                 
20000003  advData                                               
20000030  advOutput                                             
ffffffff  binit                                                 
200001e0  bleDifferentialOverrides                              
00000d01  board_i2c_read                                        
00000f3b  board_i2c_select                                      
00000b3b  board_i2c_shutdown                                    
00000abd  board_i2c_wakeup                                      
00000bdb  board_i2c_write                                       
00000de1  board_i2c_write_read                                  
00000ca3  board_i2c_write_single                                
0000222d  board_spi_close                                       
00002161  board_spi_flush                                       
0000217f  board_spi_open                                        
00002109  board_spi_read                                        
000020bd  board_spi_write                                       
20000070  cmdAdv0                                               
20000058  cmdAdv1                                               
20000040  cmdAdv2                                               
20000010  cmdAdvParam                                           
20000088  cmdFsPd                                               
20000098  cmdSetup                                              
0000200f  configure_bmp_280                                     
0000390b  configure_opt_3001                                    
00002e57  configure_tmp_007                                     
00001e05  convert_bmp_280                                       
0000387d  convert_opt_3001                                      
00002d77  convert_tmp_007                                       
00004405  copy_in                                               
00001daf  enable_bmp_280                                        
000037d1  enable_opt_3001                                       
00002c81  enable_tmp_007                                        
000044e9  exit                                                  
00003fa1  exp2                                                  
00001b39  extPinEnable                                          
0000188d  ext_flash_close                                       
000019dd  ext_flash_erase                                       
00001aa5  ext_flash_init                                        
00001857  ext_flash_open                                        
00001899  ext_flash_read                                        
00001a91  ext_flash_test                                        
00001915  ext_flash_write                                       
0000460d  feraiseexcept                                         
00000000  g_pfnVectors                                          
00002ac7  initInterrupts                                        
000036df  initRTC                                               
00003711  initRTC_WUms                                          
00001bcb  initRadio                                             
00001c6b  initRadioInts                                         
00001d8d  init_bmp_280                                          
00002a39  ledInit                                               
000027e9  main                                                  
20000234  main_func_sp                                          
0000404d  memcpy                                                
000041f1  memset                                                
00002bb5  powerConfigureRecharge                                
00002aeb  powerDisableAuxForceOn                                
00002b27  powerDisableAuxRamRet                                 
00002b5b  powerDisableCPU                                       
00002b01  powerDisableCache                                     
00002b1b  powerDisableCacheRetention                            
00002b6b  powerDisableFlashInIdle                               
00002b9f  powerDisableMcuPdReq                                  
00002b4d  powerDisablePeriph                                    
00002b37  powerDisableRFC                                       
00002bd7  powerDisableXtal                                      
00002b81  powerDivideInfClkDS                                   
00002b73  powerEnableAUXPdReq                                   
00002ae3  powerEnableAuxForceOn                                 
00002af3  powerEnableCache                                      
00002b0f  powerEnableCacheRetention                             
00002b63  powerEnableFlashInIdle                                
00002ba7  powerEnableGPIOClockRunMode                           
00002b97  powerEnableMcuPdReq                                   
00002b3f  powerEnablePeriph                                     
00002b2f  powerEnableRFC                                        
00002bcf  powerEnableXtal                                       
00002bdf  powerEnableXtalInterface                              
00001bff  radioCmdBusRequest                                    
00001c1d  radioCmdStartRAT                                      
00001bf7  radioPatch                                            
00001c2f  radioSetupAndTransmit                                 
00001c39  radioUpdateAdvData                                    
0000469f  raise                                                 
00001ddb  read_data_bmp_280                                     
0000381b  read_data_opt_3001                                    
00002cd1  read_data_tmp_007                                     
20000002  rfAdvertisingDone                                     
20000000  rfBootDone                                            
20000001  rfSetupDone                                           
00001bef  runRadio                                              
00001d81  select_bmp_280                                        
000037c5  select_opt_3001                                       
00003e35  sensor_common_read_reg                                
00003eb7  sensor_common_set_error_data                          
00003e51  sensor_common_write_reg                               
00002a65  sensorsInit                                           
00004521  signal                                                
000001c5  trimDevice                                            
000038d3  value                                                 
00001f9d  value_bmp_280                                         
00002dc9  value_tmp_007                                         
00002c0f  waitUntilAUXReady                                     
00002bfd  waitUntilPeriphReady                                  
00002beb  waitUntilRFCReady                                     


GLOBAL SYMBOLS: SORTED BY Symbol Address 

address   name                                                  
-------   ----                                                  
00000000  __TI_static_base__                                    
00000000  g_pfnVectors                                          
00000100  __STACK_SIZE                                          
000001c5  trimDevice                                            
00000559  SignExtendVddrTrimValue                               
00000abd  board_i2c_wakeup                                      
00000b3b  board_i2c_shutdown                                    
00000bdb  board_i2c_write                                       
00000ca3  board_i2c_write_single                                
00000d01  board_i2c_read                                        
00000de1  board_i2c_write_read                                  
00000f3b  board_i2c_select                                      
000010b3  NOROM_SysCtrlPowerEverything                          
0000119f  NOROM_SysCtrlStandby                                  
000011b9  NOROM_SysCtrlPowerdown                                
000011e7  NOROM_SysCtrlShutdown                                 
00001241  SysCtrlSetRechargeBeforePowerDown                     
00001525  SysCtrlAdjustRechargeAfterPowerDown                   
000015c9  SysCtrl_DCDC_VoltageConditionalControl                
00001659  NOROM_SysCtrlResetSourceGet                           
00001857  ext_flash_open                                        
0000188d  ext_flash_close                                       
00001899  ext_flash_read                                        
00001915  ext_flash_write                                       
000019dd  ext_flash_erase                                       
00001a91  ext_flash_test                                        
00001aa5  ext_flash_init                                        
00001b39  extPinEnable                                          
00001bcb  initRadio                                             
00001bef  runRadio                                              
00001bf7  radioPatch                                            
00001bff  radioCmdBusRequest                                    
00001c1d  radioCmdStartRAT                                      
00001c2f  radioSetupAndTransmit                                 
00001c39  radioUpdateAdvData                                    
00001c6b  initRadioInts                                         
00001c7d  RFCCPE1IntHandler                                     
00001c95  RFCCPE0IntHandler                                     
00001d81  select_bmp_280                                        
00001d8d  init_bmp_280                                          
00001daf  enable_bmp_280                                        
00001ddb  read_data_bmp_280                                     
00001e05  convert_bmp_280                                       
00001f9d  value_bmp_280                                         
0000200f  configure_bmp_280                                     
000020bd  board_spi_write                                       
00002109  board_spi_read                                        
00002161  board_spi_flush                                       
0000217f  board_spi_open                                        
0000222d  board_spi_close                                       
000023b3  NOROM_PowerCtrlStateSet                               
000024cf  NOROM_PowerCtrlSourceSet                              
00002585  NOROM_OSCClockSourceSet                               
000025d5  NOROM_OSCClockSourceGet                               
00002605  NOROM_OSCInterfaceEnable                              
00002633  OSCHF_GetStartupTime                                  
000026f5  OSCHF_TurnOnXosc                                      
00002709  OSCHF_AttemptToSwitchToXosc                           
00002769  OSCHF_SwitchToRcOscTurnOffXosc                        
000027e9  main                                                  
00002a39  ledInit                                               
00002a65  sensorsInit                                           
00002ac7  initInterrupts                                        
00002ae3  powerEnableAuxForceOn                                 
00002aeb  powerDisableAuxForceOn                                
00002af3  powerEnableCache                                      
00002b01  powerDisableCache                                     
00002b0f  powerEnableCacheRetention                             
00002b1b  powerDisableCacheRetention                            
00002b27  powerDisableAuxRamRet                                 
00002b2f  powerEnableRFC                                        
00002b37  powerDisableRFC                                       
00002b3f  powerEnablePeriph                                     
00002b4d  powerDisablePeriph                                    
00002b5b  powerDisableCPU                                       
00002b63  powerEnableFlashInIdle                                
00002b6b  powerDisableFlashInIdle                               
00002b73  powerEnableAUXPdReq                                   
00002b81  powerDivideInfClkDS                                   
00002b97  powerEnableMcuPdReq                                   
00002b9f  powerDisableMcuPdReq                                  
00002ba7  powerEnableGPIOClockRunMode                           
00002bb5  powerConfigureRecharge                                
00002bcf  powerEnableXtal                                       
00002bd7  powerDisableXtal                                      
00002bdf  powerEnableXtalInterface                              
00002beb  waitUntilRFCReady                                     
00002bfd  waitUntilPeriphReady                                  
00002c0f  waitUntilAUXReady                                     
00002c81  enable_tmp_007                                        
00002cd1  read_data_tmp_007                                     
00002d77  convert_tmp_007                                       
00002dc9  value_tmp_007                                         
00002e57  configure_tmp_007                                     
00002f99  NOROM_DDI16BitWrite                                   
00002fe9  NOROM_DDI16BitfieldWrite                              
0000303b  NOROM_DDI16BitRead                                    
00003083  NOROM_DDI16BitfieldRead                               
000030e1  _Exp                                                  
000032dd  __aeabi_dsub                                          
000032e7  __aeabi_dadd                                          
000034e9  ChipInfo_GetSupportedProtocol_BV                      
000034f3  ChipInfo_GetPackageType                               
00003525  ChipInfo_GetChipFamily                                
0000357b  ChipInfo_GetHwRevision                                
0000360f  ThisCodeIsBuiltForCC26xxHwRev22AndLater_HaltIfViolated
000036df  initRTC                                               
00003711  initRTC_WUms                                          
00003761  AONRTCIntHandler                                      
00003769  AONRTCCurrentSubSecValueGet                           
000037c5  select_opt_3001                                       
000037d1  enable_opt_3001                                       
0000381b  read_data_opt_3001                                    
0000387d  convert_opt_3001                                      
000038d3  value                                                 
0000390b  configure_opt_3001                                    
00003931  __aeabi_ddiv                                          
00003a69  _Dscale                                               
00003b79  NOROM_VIMSConfigure                                   
00003bbb  NOROM_VIMSModeSet                                     
00003be7  NOROM_VIMSModeGet                                     
00003c07  NOROM_VIMSModeSafeSet                                 
00003c79  __aeabi_dmul                                          
00003d75  _Dnorm                                                
00003e35  sensor_common_read_reg                                
00003e51  sensor_common_write_reg                               
00003eb7  sensor_common_set_error_data                          
00003eed  ResetISR                                              
00003fa1  exp2                                                  
0000404d  __aeabi_memcpy                                        
0000404d  __aeabi_memcpy4                                       
0000404d  __aeabi_memcpy8                                       
0000404d  memcpy                                                
000040e9  __aeabi_cdcmpeq                                       
000040e9  __aeabi_cdcmple                                       
0000416f  __aeabi_fmul                                          
000041e9  __aeabi_memclr                                        
000041e9  __aeabi_memclr4                                       
000041e9  __aeabi_memclr8                                       
000041eb  __aeabi_memset                                        
000041eb  __aeabi_memset4                                       
000041eb  __aeabi_memset8                                       
000041f1  memset                                                
00004263  __aeabi_d2f                                           
000042d1  __TI_auto_init                                        
000043a9  NOROM_AONRTCCurrentCompareValueGet                    
000043d5  NOROM_AONRTCCurrent64BitValueGet                      
00004405  copy_in                                               
00004451  __aeabi_d2iz                                          
00004499  AONBatMonTemperatureGetDegC                           
000044dd  C$$EXIT                                               
000044e1  abort                                                 
000044e9  exit                                                  
00004521  signal                                                
00004561  _c_int00                                              
0000459d  __aeabi_f2iz                                          
000045d5  __aeabi_i2f                                           
0000460d  feraiseexcept                                         
00004641  _Feraise                                              
00004671  __aeabi_i2d                                           
0000469f  raise                                                 
000046cd  NOROM_CPUcpsid                                        
000046d9  NOROM_CPUprimask                                      
000046e3  NOROM_CPUcpsie                                        
000046ef  NOROM_CPUbasepriGet                                   
000046f9  __aeabi_ui2d                                          
00004719  _args_main                                            
00004731  _register_unlock                                      
00004737  _register_lock                                        
0000473f  _nop                                                  
00004745  __TI_decompress_none                                  
00004753  __TI_zero_init                                        
0000475f  NOROM_CPUdelay                                        
00004765  __TI_decompress_rle24                                 
0000476b  _system_pre_init                                      
0000485c  __c_args__                                            
0000493c  __TI_Handler_Table_Base                               
00004948  __TI_Handler_Table_Limit                              
00004950  __TI_CINIT_Base                                       
00004960  __TI_CINIT_Limit                                      
0001ffa8  __ccfg                                                
20000000  rfBootDone                                            
20000001  rfSetupDone                                           
20000002  rfAdvertisingDone                                     
20000003  advData                                               
20000010  cmdAdvParam                                           
20000030  advOutput                                             
20000040  cmdAdv2                                               
20000058  cmdAdv1                                               
20000070  cmdAdv0                                               
20000088  cmdFsPd                                               
20000098  cmdSetup                                              
20000160  _Denorm                                               
20000170  _Eps                                                  
20000180  _Hugeval                                              
20000190  _Inf                                                  
200001a0  _Nan                                                  
200001b0  _Snan                                                 
200001c0  _Rteps                                                
200001d0  _Xbig                                                 
200001d8  _Zero                                                 
200001e0  bleDifferentialOverrides                              
20000210  _lock                                                 
20000214  _unlock                                               
20000218  __TI_cleanup_ptr                                      
2000021c  __TI_dtors_ptr                                        
20000220  _Fenv                                                 
20000224  _Tls_setup__Fenv                                      
20000230  _Errno                                                
20000234  main_func_sp                                          
20004f00  __stack                                               
20005000  __STACK_END                                           
20005000  __STACK_TOP                                           
ffffffff  __binit__                                             
ffffffff  binit                                                 
UNDEFED   SHT$$INIT_ARRAY$$Base                                 
UNDEFED   SHT$$INIT_ARRAY$$Limit                                

[217 symbols]
